<html>
<body>
<pre>
<h1>µVision Build Log</h1>
<h2>Project:</h2>
E:\L\UKU\Http_demo\Http_demo.uvproj
Project File Date:  03/17/2016

<h2>Output:</h2>
Build target 'MCB1700'
custom translating Web.inp...
Custom: C:\Keil\ARM\bin\fcarm @Web\Web.inp
FCARM FILE CONVERTER V2.29
Completed 19 File(s), Ratio 88%
compiling HTTP_demo.c...
compiling HTTP_CGI.c...
compiling WEB.C...
compiling Net_Config.c...
assembling startup_LPC17xx.s...
compiling EMAC_LPC17xx.c...
compiling GLCD_SPI_LPC1700.c...
compiling system_LPC17xx.c...
linking...
Program Size: Code=26784 RO-data=36648 RW-data=156 ZI-data=21120  
".\Obj\Http_demo.axf" - 0 Error(s), 0 Warning(s).
Build target 'MCB1700'
custom translating Web.inp...
Custom: C:\Keil\ARM\bin\fcarm @Web\Web.inp
FCARM FILE CONVERTER V2.29
Completed 19 File(s), Ratio 88%
compiling HTTP_demo.c...
compiling HTTP_CGI.c...
compiling WEB.C...
compiling Net_Config.c...
assembling startup_LPC17xx.s...
compiling EMAC_LPC17xx.c...
compiling GLCD_SPI_LPC1700.c...
compiling system_LPC17xx.c...
linking...
Program Size: Code=26784 RO-data=36648 RW-data=156 ZI-data=21120  
".\Obj\Http_demo.axf" - 0 Error(s), 0 Warning(s).
Build target 'MCB1700'
custom translating Web.inp...
Custom: C:\Keil\ARM\bin\fcarm @Web\Web.inp
FCARM FILE CONVERTER V2.29
Completed 19 File(s), Ratio 88%
compiling HTTP_demo.c...
compiling HTTP_CGI.c...
compiling WEB.C...
compiling Net_Config.c...
assembling startup_LPC17xx.s...
compiling EMAC_LPC17xx.c...
compiling GLCD_SPI_LPC1700.c...
compiling system_LPC17xx.c...
linking...
Program Size: Code=26784 RO-data=36648 RW-data=156 ZI-data=21120  
FromELF: creating hex file...
".\Obj\Http_demo.axf" - 0 Error(s), 0 Warning(s).
Build target 'MCB1700'
custom translating Web.inp...
Custom: C:\Keil\ARM\bin\fcarm @Web\Web.inp
FCARM FILE CONVERTER V2.29
Completed 19 File(s), Ratio 88%
compiling HTTP_demo.c...
compiling HTTP_CGI.c...
compiling WEB.C...
compiling Net_Config.c...
assembling startup_LPC17xx.s...
compiling EMAC_LPC17xx.c...
compiling GLCD_SPI_LPC1700.c...
compiling system_LPC17xx.c...
linking...
Program Size: Code=26784 RO-data=36648 RW-data=156 ZI-data=21120  
FromELF: creating hex file...
".\Obj\Http_demo.axf" - 0 Error(s), 0 Warning(s).
Build target 'MCB1700'
custom translating Web.inp...
Custom: C:\Keil\ARM\bin\fcarm @Web\Web.inp
FCARM FILE CONVERTER V2.29
Completed 19 File(s), Ratio 88%
compiling HTTP_demo.c...
HTTP_demo.c(106): warning:  #177-D: function "init_io" was declared but never referenced
HTTP_demo.c(247): warning:  #177-D: function "init_display" was declared but never referenced
compiling HTTP_CGI.c...
compiling WEB.C...
compiling Net_Config.c...
assembling startup_LPC17xx.s...
compiling EMAC_LPC17xx.c...
compiling GLCD_SPI_LPC1700.c...
compiling system_LPC17xx.c...
linking...
Program Size: Code=26216 RO-data=36648 RW-data=156 ZI-data=21120  
FromELF: creating hex file...
".\Obj\Http_demo.axf" - 0 Error(s), 2 Warning(s).
Build target 'MCB1700'
custom translating Web.inp...
Custom: C:\Keil\ARM\bin\fcarm @Web\Web.inp
FCARM FILE CONVERTER V2.29
Completed 19 File(s), Ratio 88%
compiling HTTP_demo.c...
HTTP_demo.c(106): warning:  #177-D: function "init_io" was declared but never referenced
HTTP_demo.c(247): warning:  #177-D: function "init_display" was declared but never referenced
compiling HTTP_CGI.c...
compiling WEB.C...
compiling Net_Config.c...
assembling startup_LPC17xx.s...
compiling EMAC_LPC17xx.c...
compiling GLCD_SPI_LPC1700.c...
compiling system_LPC17xx.c...
linking...
Program Size: Code=26216 RO-data=36648 RW-data=156 ZI-data=21120  
FromELF: creating hex file...
".\Obj\Http_demo.axf" - 0 Error(s), 2 Warning(s).
Build target 'MCB1700'
custom translating Web.inp...
Custom: C:\Keil\ARM\bin\fcarm @Web\Web.inp
FCARM FILE CONVERTER V2.29
Completed 19 File(s), Ratio 88%
compiling HTTP_demo.c...
HTTP_demo.c(106): warning:  #177-D: function "init_io" was declared but never referenced
HTTP_demo.c(247): warning:  #177-D: function "init_display" was declared but never referenced
compiling HTTP_CGI.c...
compiling WEB.C...
compiling Net_Config.c...
assembling startup_LPC17xx.s...
compiling EMAC_LPC17xx.c...
compiling GLCD_SPI_LPC1700.c...
compiling system_LPC17xx.c...
linking...
Program Size: Code=26216 RO-data=36648 RW-data=156 ZI-data=21120  
FromELF: creating hex file...
".\Obj\Http_demo.axf" - 0 Error(s), 2 Warning(s).
Build target 'MCB1700'
custom translating Web.inp...
Custom: C:\Keil\ARM\bin\fcarm @Web\Web.inp
FCARM FILE CONVERTER V2.29
Completed 19 File(s), Ratio 88%
compiling HTTP_demo.c...
HTTP_demo.c(247): warning:  #177-D: function "init_display" was declared but never referenced
compiling HTTP_CGI.c...
compiling WEB.C...
compiling Net_Config.c...
assembling startup_LPC17xx.s...
compiling EMAC_LPC17xx.c...
compiling GLCD_SPI_LPC1700.c...
compiling system_LPC17xx.c...
linking...
.\Obj\Http_demo.axf: Error: L6218E: Undefined symbol dhcp_vcid (referred from at_dhcp.o).
Target not created
Build target 'MCB1700'
custom translating Web.inp...
Custom: C:\Keil\ARM\bin\fcarm @Web\Web.inp
FCARM FILE CONVERTER V2.29
Completed 19 File(s), Ratio 88%
compiling HTTP_demo.c...
HTTP_demo.c(247): warning:  #177-D: function "init_display" was declared but never referenced
compiling HTTP_CGI.c...
compiling WEB.C...
compiling Net_Config.c...
assembling startup_LPC17xx.s...
compiling EMAC_LPC17xx.c...
compiling GLCD_SPI_LPC1700.c...
compiling system_LPC17xx.c...
linking...
Program Size: Code=26568 RO-data=36648 RW-data=156 ZI-data=21120  
FromELF: creating hex file...
".\Obj\Http_demo.axf" - 0 Error(s), 1 Warning(s).
Build target 'MCB1700'
custom translating Web.inp...
Custom: C:\Keil\ARM\bin\fcarm @Web\Web.inp
FCARM FILE CONVERTER V2.29
Completed 19 File(s), Ratio 88%
compiling HTTP_demo.c...
HTTP_demo.c(247): warning:  #177-D: function "init_display" was declared but never referenced
compiling HTTP_CGI.c...
compiling WEB.C...
compiling Net_Config.c...
assembling startup_LPC17xx.s...
compiling EMAC_LPC17xx.c...
compiling GLCD_SPI_LPC1700.c...
compiling system_LPC17xx.c...
linking...
.\Obj\Http_demo.axf: Error: L6218E: Undefined symbol dhcp_vcid (referred from at_dhcp.o).
Target not created
Build target 'MCB1700'
custom translating Web.inp...
Custom: C:\Keil\ARM\bin\fcarm @Web\Web.inp
FCARM FILE CONVERTER V2.29
Completed 19 File(s), Ratio 88%
compiling HTTP_demo.c...
HTTP_demo.c(247): warning:  #177-D: function "init_display" was declared but never referenced
HTTP_demo.c(260): warning:  #177-D: function "dhcp_check" was declared but never referenced
compiling HTTP_CGI.c...
compiling WEB.C...
compiling Net_Config.c...
assembling startup_LPC17xx.s...
compiling EMAC_LPC17xx.c...
compiling GLCD_SPI_LPC1700.c...
compiling system_LPC17xx.c...
linking...
Program Size: Code=24528 RO-data=36648 RW-data=156 ZI-data=21096  
FromELF: creating hex file...
".\Obj\Http_demo.axf" - 0 Error(s), 2 Warning(s).
Build target 'MCB1700'
custom translating Web.inp...
Custom: C:\Keil\ARM\bin\fcarm @Web\Web.inp
FCARM FILE CONVERTER V2.29
Completed 19 File(s), Ratio 88%
compiling HTTP_demo.c...
HTTP_demo.c(247): warning:  #177-D: function "init_display" was declared but never referenced
HTTP_demo.c(260): warning:  #177-D: function "dhcp_check" was declared but never referenced
compiling HTTP_CGI.c...
compiling WEB.C...
compiling Net_Config.c...
assembling startup_LPC17xx.s...
compiling EMAC_LPC17xx.c...
compiling GLCD_SPI_LPC1700.c...
compiling system_LPC17xx.c...
linking...
Program Size: Code=24528 RO-data=35468 RW-data=156 ZI-data=21096  
FromELF: creating hex file...
".\Obj\Http_demo.axf" - 0 Error(s), 2 Warning(s).
Build target 'MCB1700'
custom translating Web.inp...
Custom: C:\Keil\ARM\bin\fcarm @Web\Web.inp
FCARM FILE CONVERTER V2.29
Completed 19 File(s), Ratio 88%
compiling HTTP_demo.c...
HTTP_demo.c(247): warning:  #177-D: function "init_display" was declared but never referenced
HTTP_demo.c(260): warning:  #177-D: function "dhcp_check" was declared but never referenced
compiling HTTP_CGI.c...
compiling WEB.C...
compiling Net_Config.c...
assembling startup_LPC17xx.s...
compiling EMAC_LPC17xx.c...
compiling GLCD_SPI_LPC1700.c...
compiling system_LPC17xx.c...
linking...
Program Size: Code=24528 RO-data=35468 RW-data=156 ZI-data=21096  
FromELF: creating hex file...
".\Obj\Http_demo.axf" - 0 Error(s), 2 Warning(s).
Build target 'MCB1700'
custom translating Web.inp...
Custom: C:\Keil\ARM\bin\fcarm @Web\Web.inp
FCARM FILE CONVERTER V2.29
Completed 19 File(s), Ratio 88%
compiling HTTP_demo.c...
HTTP_demo.c(247): warning:  #177-D: function "init_display" was declared but never referenced
HTTP_demo.c(260): warning:  #177-D: function "dhcp_check" was declared but never referenced
compiling HTTP_CGI.c...
compiling WEB.C...
compiling Net_Config.c...
assembling startup_LPC17xx.s...
compiling EMAC_LPC17xx.c...
compiling GLCD_SPI_LPC1700.c...
compiling system_LPC17xx.c...
linking...
Program Size: Code=24528 RO-data=35468 RW-data=156 ZI-data=21096  
FromELF: creating hex file...
".\Obj\Http_demo.axf" - 0 Error(s), 2 Warning(s).
Build target 'MCB1700'
custom translating Web.inp...
Custom: C:\Keil\ARM\bin\fcarm @Web\Web.inp
FCARM FILE CONVERTER V2.29
Completed 18 File(s), Ratio 91%
compiling HTTP_demo.c...
HTTP_demo.c(247): warning:  #177-D: function "init_display" was declared but never referenced
HTTP_demo.c(260): warning:  #177-D: function "dhcp_check" was declared but never referenced
compiling HTTP_CGI.c...
compiling WEB.C...
compiling Net_Config.c...
assembling startup_LPC17xx.s...
compiling EMAC_LPC17xx.c...
compiling GLCD_SPI_LPC1700.c...
compiling system_LPC17xx.c...
linking...
Program Size: Code=24528 RO-data=32644 RW-data=156 ZI-data=21096  
FromELF: creating hex file...
".\Obj\Http_demo.axf" - 0 Error(s), 2 Warning(s).
Build target 'MCB1700'
custom translating Web.inp...
Custom: C:\Keil\ARM\bin\fcarm @Web\Web.inp
FCARM FILE CONVERTER V2.29
Completed 18 File(s), Ratio 91%
compiling HTTP_demo.c...
HTTP_demo.c(247): warning:  #177-D: function "init_display" was declared but never referenced
HTTP_demo.c(260): warning:  #177-D: function "dhcp_check" was declared but never referenced
compiling HTTP_CGI.c...
compiling WEB.C...
compiling Net_Config.c...
assembling startup_LPC17xx.s...
compiling EMAC_LPC17xx.c...
compiling GLCD_SPI_LPC1700.c...
compiling system_LPC17xx.c...
linking...
Program Size: Code=24528 RO-data=32644 RW-data=156 ZI-data=21096  
FromELF: creating hex file...
".\Obj\Http_demo.axf" - 0 Error(s), 2 Warning(s).
Build target 'MCB1700'
custom translating Web.inp...
Custom: C:\Keil\ARM\bin\fcarm @Web\Web.inp
FCARM FILE CONVERTER V2.29
Completed 18 File(s), Ratio 91%
compiling HTTP_demo.c...
HTTP_demo.c(205): warning:  #177-D: function "init_display" was declared but never referenced
HTTP_demo.c(218): warning:  #177-D: function "dhcp_check" was declared but never referenced
compiling HTTP_CGI.c...
HTTP_CGI.c(283): error:  #20: identifier "plazma" is undefined
compiling WEB.C...
Target not created
Build target 'MCB1700'
custom translating Web.inp...
Custom: C:\Keil\ARM\bin\fcarm @Web\Web.inp
FCARM FILE CONVERTER V2.29
Completed 18 File(s), Ratio 91%
compiling HTTP_demo.c...
HTTP_demo.c(205): warning:  #177-D: function "init_display" was declared but never referenced
HTTP_demo.c(218): warning:  #177-D: function "dhcp_check" was declared but never referenced
compiling HTTP_CGI.c...
HTTP_CGI.c(283): error:  #20: identifier "plazma" is undefined
compiling WEB.C...
compiling Net_Config.c...
assembling startup_LPC17xx.s...
compiling EMAC_LPC17xx.c...
compiling GLCD_SPI_LPC1700.c...
compiling system_LPC17xx.c...
Target not created
Build target 'MCB1700'
custom translating Web.inp...
Custom: C:\Keil\ARM\bin\fcarm @Web\Web.inp
FCARM FILE CONVERTER V2.29
Completed 18 File(s), Ratio 91%
compiling HTTP_demo.c...
HTTP_demo.c(205): warning:  #177-D: function "init_display" was declared but never referenced
HTTP_demo.c(218): warning:  #177-D: function "dhcp_check" was declared but never referenced
compiling HTTP_CGI.c...
HTTP_CGI.c(283): error:  #20: identifier "plazma" is undefined
compiling WEB.C...
compiling Net_Config.c...
assembling startup_LPC17xx.s...
compiling EMAC_LPC17xx.c...
compiling GLCD_SPI_LPC1700.c...
compiling system_LPC17xx.c...
Target not created
Build target 'MCB1700'
custom translating Web.inp...
Custom: C:\Keil\ARM\bin\fcarm @Web\Web.inp
FCARM FILE CONVERTER V2.29
Completed 18 File(s), Ratio 91%
compiling HTTP_demo.c...
HTTP_demo.c(205): warning:  #177-D: function "init_display" was declared but never referenced
HTTP_demo.c(218): warning:  #177-D: function "dhcp_check" was declared but never referenced
compiling HTTP_CGI.c...
HTTP_CGI.c(283): error:  #20: identifier "plazma" is undefined
compiling WEB.C...
compiling Net_Config.c...
assembling startup_LPC17xx.s...
compiling EMAC_LPC17xx.c...
compiling GLCD_SPI_LPC1700.c...
compiling system_LPC17xx.c...
Target not created
Build target 'MCB1700'
custom translating Web.inp...
Custom: C:\Keil\ARM\bin\fcarm @Web\Web.inp
FCARM FILE CONVERTER V2.29
Completed 18 File(s), Ratio 91%
compiling HTTP_demo.c...
HTTP_demo.c(205): warning:  #177-D: function "init_display" was declared but never referenced
HTTP_demo.c(218): warning:  #177-D: function "dhcp_check" was declared but never referenced
compiling HTTP_CGI.c...
compiling WEB.C...
compiling Net_Config.c...
assembling startup_LPC17xx.s...
compiling EMAC_LPC17xx.c...
compiling GLCD_SPI_LPC1700.c...
compiling system_LPC17xx.c...
linking...
Program Size: Code=24548 RO-data=32644 RW-data=160 ZI-data=21092  
FromELF: creating hex file...
".\Obj\Http_demo.axf" - 0 Error(s), 2 Warning(s).
Build target 'MCB1700'
custom translating Web.inp...
Custom: C:\Keil\ARM\bin\fcarm @Web\Web.inp
FCARM FILE CONVERTER V2.29
Completed 18 File(s), Ratio 91%
compiling HTTP_demo.c...
HTTP_demo.c(205): warning:  #177-D: function "init_display" was declared but never referenced
HTTP_demo.c(218): warning:  #177-D: function "dhcp_check" was declared but never referenced
compiling HTTP_CGI.c...
compiling WEB.C...
compiling Net_Config.c...
assembling startup_LPC17xx.s...
compiling EMAC_LPC17xx.c...
compiling GLCD_SPI_LPC1700.c...
compiling system_LPC17xx.c...
linking...
Program Size: Code=24548 RO-data=32644 RW-data=160 ZI-data=21092  
FromELF: creating hex file...
".\Obj\Http_demo.axf" - 0 Error(s), 2 Warning(s).
Build target 'MCB1700'
custom translating Web.inp...
Custom: C:\Keil\ARM\bin\fcarm @Web\Web.inp
FCARM FILE CONVERTER V2.29
Completed 18 File(s), Ratio 91%
compiling HTTP_demo.c...
HTTP_demo.c(205): warning:  #177-D: function "init_display" was declared but never referenced
HTTP_demo.c(218): warning:  #177-D: function "dhcp_check" was declared but never referenced
compiling HTTP_CGI.c...
compiling WEB.C...
compiling Net_Config.c...
assembling startup_LPC17xx.s...
compiling EMAC_LPC17xx.c...
compiling GLCD_SPI_LPC1700.c...
compiling system_LPC17xx.c...
linking...
Program Size: Code=24548 RO-data=32644 RW-data=160 ZI-data=21092  
FromELF: creating hex file...
".\Obj\Http_demo.axf" - 0 Error(s), 2 Warning(s).
Build target 'MCB1700'
custom translating Web.inp...
Custom: C:\Keil\ARM\bin\fcarm @Web\Web.inp
FCARM FILE CONVERTER V2.29
Completed 19 File(s), Ratio 88%
compiling HTTP_demo.c...
HTTP_demo.c(205): warning:  #177-D: function "init_display" was declared but never referenced
HTTP_demo.c(218): warning:  #177-D: function "dhcp_check" was declared but never referenced
compiling HTTP_CGI.c...
compiling WEB.C...
compiling Net_Config.c...
assembling startup_LPC17xx.s...
compiling EMAC_LPC17xx.c...
compiling GLCD_SPI_LPC1700.c...
compiling system_LPC17xx.c...
linking...
Program Size: Code=24548 RO-data=35468 RW-data=160 ZI-data=21092  
FromELF: creating hex file...
".\Obj\Http_demo.axf" - 0 Error(s), 2 Warning(s).
