<html>
<body>
<pre>
<h1>µVision Build Log</h1>
<h2>Project:</h2>
E:\L\UKU\Http_demo\Http_demo.uvproj
Project File Date:  04/29/2016

<h2>Output:</h2>
Build target 'MCB1700'
custom translating Web.inp...
Custom: C:\Keil\ARM\bin\fcarm @Web\Web.inp
FCARM FILE CONVERTER V2.29
Completed 19 File(s), Ratio 88%
compiling HTTP_demo.c...
HTTP_demo.c(205): warning:  #177-D: function "init_display" was declared but never referenced
HTTP_demo.c(218): warning:  #177-D: function "dhcp_check" was declared but never referenced
compiling HTTP_CGI.c...
compiling WEB.C...
compiling Net_Config.c...
assembling startup_LPC17xx.s...
compiling EMAC_LPC17xx.c...
compiling GLCD_SPI_LPC1700.c...
compiling system_LPC17xx.c...
linking...
Program Size: Code=24548 RO-data=35468 RW-data=160 ZI-data=21092  
FromELF: creating hex file...
".\Obj\Http_demo.axf" - 0 Error(s), 2 Warning(s).
Build target 'MCB1700'
custom translating Web.inp...
Custom: C:\Keil\ARM\bin\fcarm @Web\Web.inp
FCARM FILE CONVERTER V2.29
Completed 19 File(s), Ratio 88%
compiling HTTP_demo.c...
HTTP_demo.c(205): warning:  #177-D: function "init_display" was declared but never referenced
HTTP_demo.c(218): warning:  #177-D: function "dhcp_check" was declared but never referenced
compiling HTTP_CGI.c...
compiling WEB.C...
compiling Net_Config.c...
assembling startup_LPC17xx.s...
compiling EMAC_LPC17xx.c...
compiling GLCD_SPI_LPC1700.c...
compiling system_LPC17xx.c...
linking...
Program Size: Code=24548 RO-data=34100 RW-data=160 ZI-data=21092  
FromELF: creating hex file...
".\Obj\Http_demo.axf" - 0 Error(s), 2 Warning(s).
Build target 'MCB1700'
custom translating Web.inp...
Custom: C:\Keil\ARM\bin\fcarm @Web\Web.inp
FCARM FILE CONVERTER V2.29
Completed 19 File(s), Ratio 88%
compiling HTTP_demo.c...
HTTP_demo.c(205): warning:  #177-D: function "init_display" was declared but never referenced
HTTP_demo.c(218): warning:  #177-D: function "dhcp_check" was declared but never referenced
compiling HTTP_CGI.c...
compiling WEB.C...
compiling Net_Config.c...
assembling startup_LPC17xx.s...
compiling EMAC_LPC17xx.c...
compiling GLCD_SPI_LPC1700.c...
compiling system_LPC17xx.c...
linking...
Program Size: Code=24548 RO-data=34136 RW-data=160 ZI-data=21092  
FromELF: creating hex file...
".\Obj\Http_demo.axf" - 0 Error(s), 2 Warning(s).
Build target 'MCB1700'
custom translating Web.inp...
Custom: C:\Keil\ARM\bin\fcarm @Web\Web.inp
FCARM FILE CONVERTER V2.29
Completed 19 File(s), Ratio 88%
compiling HTTP_demo.c...
HTTP_demo.c(205): warning:  #177-D: function "init_display" was declared but never referenced
HTTP_demo.c(218): warning:  #177-D: function "dhcp_check" was declared but never referenced
compiling HTTP_CGI.c...
compiling WEB.C...
compiling Net_Config.c...
assembling startup_LPC17xx.s...
compiling EMAC_LPC17xx.c...
compiling GLCD_SPI_LPC1700.c...
compiling system_LPC17xx.c...
linking...
Program Size: Code=24548 RO-data=33640 RW-data=160 ZI-data=21092  
FromELF: creating hex file...
".\Obj\Http_demo.axf" - 0 Error(s), 2 Warning(s).
Build target 'MCB1700'
custom translating Web.inp...
Custom: C:\Keil\ARM\bin\fcarm @Web\Web.inp
FCARM FILE CONVERTER V2.29
Completed 19 File(s), Ratio 88%
compiling HTTP_demo.c...
HTTP_demo.c(205): warning:  #177-D: function "init_display" was declared but never referenced
HTTP_demo.c(218): warning:  #177-D: function "dhcp_check" was declared but never referenced
compiling HTTP_CGI.c...
compiling WEB.C...
compiling Net_Config.c...
assembling startup_LPC17xx.s...
compiling EMAC_LPC17xx.c...
compiling GLCD_SPI_LPC1700.c...
compiling system_LPC17xx.c...
linking...
Program Size: Code=24548 RO-data=34976 RW-data=160 ZI-data=21092  
FromELF: creating hex file...
".\Obj\Http_demo.axf" - 0 Error(s), 2 Warning(s).
