ARM Linker, 4.1 [Build 644] [Standard]

==============================================================================

Section Cross References

    http_demo.o(.text) refers to at_lib.o(i.mem_test) for mem_test
    http_demo.o(.text) refers to printfa.o(i.__0sprintf) for __2sprintf
    http_demo.o(.text) refers to at_dhcp.o(i.dhcp_disable) for dhcp_disable
    http_demo.o(.text) refers to glcd_spi_lpc1700.o(.text) for GLCD_Init
    http_demo.o(.text) refers to at_system.o(i.init_TcpNet) for init_TcpNet
    http_demo.o(.text) refers to at_system.o(i.timer_tick) for timer_tick
    http_demo.o(.text) refers to at_system.o(i.main_TcpNet) for main_TcpNet
    http_demo.o(.text) refers to system_lpc17xx.o(.text) for SystemInit
    http_demo.o(.text) refers to http_demo.o(.data) for .data
    http_demo.o(.text) refers to at_system.o(.bss) for localm
    http_demo.o(.text) refers to system_lpc17xx.o(.data) for SystemFrequency
    http_cgi.o(.text) refers to _scanf_int.o(.text) for _scanf_int
    http_cgi.o(.text) refers to at_mem.o(i.alloc_mem) for alloc_mem
    http_cgi.o(.text) refers to at_http.o(i.http_get_var) for http_get_var
    http_cgi.o(.text) refers to at_lib.o(i.str_scomp) for str_scomp
    http_cgi.o(.text) refers to __0sscanf.o(.text) for __0sscanf
    http_cgi.o(.text) refers to at_mem.o(i.free_mem) for free_mem
    http_cgi.o(.text) refers to http_demo.o(.text) for LED_out
    http_cgi.o(.text) refers to at_lib.o(i.str_copy) for str_copy
    http_cgi.o(.text) refers to strlen.o(.text) for strlen
    http_cgi.o(.text) refers to at_lib.o(i.mem_comp) for mem_comp
    http_cgi.o(.text) refers to printfa.o(i.__0sprintf) for __2sprintf
    http_cgi.o(.text) refers to at_system.o(.bss) for localm
    http_cgi.o(.text) refers to http_cgi.o(.data) for .data
    http_cgi.o(.text) refers to http_demo.o(.data) for LEDrun
    http_cgi.o(.text) refers to net_config.o(.bss) for http_auth_passw
    http_cgi.o(.text) refers to http_cgi.o(.constdata) for .constdata
    http_cgi.o(.text) refers to net_config.o(.constdata) for tcp_NumSocks
    http_cgi.o(.text) refers to net_config.o(.bss) for tcp_socket
    http_cgi.o(.text) refers to at_http.o(i.http_get_lang) for http_get_lang
    http_cgi.o(.text) refers to strcmp.o(.text) for strcmp
    http_cgi.o(.text) refers to ffltui.o(.text) for __aeabi_ui2f
    http_cgi.o(.text) refers to f2d.o(.text) for __aeabi_f2d
    http_cgi.o(.text) refers to dmul.o(.text) for __aeabi_dmul
    http_cgi.o(.text) refers to dscalb.o(.text) for __ARM_scalbn
    http_cgi.o(.text) refers to net_config.o(.constdata) for http_EnAuth
    web.o(.constdata) refers to web.o(.constdata) for Web
    net_config.o(.text) refers to at_ethernet.o(i.init_eth_link) for init_eth_link
    net_config.o(.text) refers to at_udp.o(i.init_udp) for init_udp
    net_config.o(.text) refers to at_tcp.o(i.init_tcp) for init_tcp
    net_config.o(.text) refers to at_http.o(i.init_http) for init_http
    net_config.o(.text) refers to at_nbns.o(i.init_nbns) for init_nbns
    net_config.o(.text) refers to at_dhcp.o(i.init_dhcp) for init_dhcp
    net_config.o(.text) refers to at_ethernet.o(i.run_eth_link) for run_eth_link
    net_config.o(.text) refers to at_tcp.o(i.tcp_poll_sockets) for tcp_poll_sockets
    net_config.o(.text) refers to at_http.o(i.run_http_server) for run_http_server
    net_config.o(.text) refers to at_dhcp.o(i.run_dhcp_client) for run_dhcp_client
    net_config.o(.text) refers to at_udp.o(i.process_udp) for process_udp
    net_config.o(.text) refers to at_tcp.o(i.process_tcp) for process_tcp
    net_config.o(.text) refers to at_ethernet.o(i.eth_send_frame) for eth_send_frame
    startup_lpc17xx.o(RESET) refers to startup_lpc17xx.o(STACK) for __initial_sp
    startup_lpc17xx.o(RESET) refers to startup_lpc17xx.o(.text) for Reset_Handler
    startup_lpc17xx.o(RESET) refers to emac_lpc17xx.o(.text) for ENET_IRQHandler
    startup_lpc17xx.o(.text) refers to entry.o(.ARM.Collect$$$$00000000) for __main
    emac_lpc17xx.o(.text) refers to at_mem.o(i.alloc_mem) for alloc_mem
    emac_lpc17xx.o(.text) refers to at_ethernet.o(i.put_in_queue) for put_in_queue
    emac_lpc17xx.o(.text) refers to emac_lpc17xx.o(.bss) for .bss
    emac_lpc17xx.o(.text) refers to emac_lpc17xx.o(.data) for .data
    emac_lpc17xx.o(.text) refers to net_config.o(.data) for own_hw_adr
    glcd_spi_lpc1700.o(.text) refers to glcd_spi_lpc1700.o(.data) for .data
    glcd_spi_lpc1700.o(.text) refers to glcd_spi_lpc1700.o(.constdata) for .constdata
    system_lpc17xx.o(.text) refers to system_lpc17xx.o(.data) for .data
    at_tcp.o(i.init_tcp) refers to at_lib.o(i.mem_set) for mem_set
    at_tcp.o(i.init_tcp) refers to net_config.o(.constdata) for tcp_NumSocks
    at_tcp.o(i.init_tcp) refers to net_config.o(.bss) for tcp_socket
    at_tcp.o(i.process_tcp) refers to at_tcp.o(i.tcp_map_socket) for tcp_map_socket
[...]
    blink_led                                0x0000053b   Thumb Code   104  http_demo.o(.text)
    .text                                    0x0000063c   Section        0  http_cgi.o(.text)
    .text                                    0x00000db0   Section        0  emac_lpc17xx.o(.text)
    output_MDIO                              0x00000db1   Thumb Code    54  emac_lpc17xx.o(.text)
    read_PHY                                 0x00000de7   Thumb Code   146  emac_lpc17xx.o(.text)
    write_PHY                                0x00000e79   Thumb Code   112  emac_lpc17xx.o(.text)
    turnaround_MDIO                          0x000011e9   Thumb Code    32  emac_lpc17xx.o(.text)
    .text                                    0x0000120c   Section        0  glcd_spi_lpc1700.o(.text)
    delay                                    0x0000188f   Thumb Code     8  glcd_spi_lpc1700.o(.text)
    spi_send                                 0x00001897   Thumb Code    16  glcd_spi_lpc1700.o(.text)
    wr_cmd                                   0x000018a7   Thumb Code    32  glcd_spi_lpc1700.o(.text)
    wr_dat                                   0x000018c7   Thumb Code    32  glcd_spi_lpc1700.o(.text)
    wr_dat_start                             0x000018e7   Thumb Code    10  glcd_spi_lpc1700.o(.text)
    wr_dat_only                              0x000018f1   Thumb Code    18  glcd_spi_lpc1700.o(.text)
    wr_reg                                   0x00001903   Thumb Code    16  glcd_spi_lpc1700.o(.text)
    .text                                    0x00001928   Section        0  __0sscanf.o(.text)
    .text                                    0x00001960   Section        0  _scanf_int.o(.text)
    .text                                    0x00001aae   Section        0  dmul.o(.text)
    .text                                    0x00001b90   Section        0  dscalb.o(.text)
    .text                                    0x00001bbe   Section        0  f2d.o(.text)
    .text                                    0x00001bea   Section        0  uidiv.o(.text)
    .text                                    0x00001c16   Section        0  uldiv.o(.text)
    .text                                    0x00001c7a   Section        0  _chval.o(.text)
    .text                                    0x00001c9c   Section        0  scanf_char.o(.text)
    _scanf_char_input                        0x00001c9d   Thumb Code    12  scanf_char.o(.text)
    .text                                    0x00001cc8   Section        0  _sgetc.o(.text)
    .text                                    0x00001d08   Section        0  strtol.o(.text)
    .text                                    0x00001d78   Section        0  fepilogue.o(.text)
    .text                                    0x00001de4   Section        0  depilogue.o(.text)
    .text                                    0x00001eaa   Section        0  dadd.o(.text)
    .text                                    0x00001ffa   Section        0  ddiv.o(.text)
    .text                                    0x000020dc   Section        0  dfixul.o(.text)
    .text                                    0x0000210c   Section       40  cdrcmple.o(.text)
    .text                                    0x00002134   Section       36  init.o(.text)
    .text                                    0x00002158   Section        0  llshl.o(.text)
    .text                                    0x00002176   Section        0  llushr.o(.text)
    .text                                    0x00002196   Section        0  llsshr.o(.text)
    .text                                    0x000021ba   Section        0  isspace_o.o(.text)
    .text                                    0x000021cc   Section        0  _scanf.o(.text)
    .text                                    0x00002504   Section        0  _strtoul.o(.text)
    i.CalcChksum                             0x000025a2   Section        0  at_lib.o(i.CalcChksum)
    i.CalcChksumBuf                          0x000025b8   Section        0  at_lib.o(i.CalcChksumBuf)
    i.CalcChksumVal                          0x000025e0   Section        0  at_lib.o(i.CalcChksumVal)
    i.SwapB                                  0x000025ea   Section        0  at_lib.o(i.SwapB)
    i.__0sprintf                             0x000025f4   Section        0  printfa.o(i.__0sprintf)
    i.__aeabi_errno_addr                     0x0000261c   Section        0  errno.o(i.__aeabi_errno_addr)
    i.__scatterload_copy                     0x00002624   Section       14  handlers.o(i.__scatterload_copy)
    i.__scatterload_null                     0x00002632   Section        2  handlers.o(i.__scatterload_null)
    i.__scatterload_zeroinit                 0x00002634   Section       14  handlers.o(i.__scatterload_zeroinit)
    i._fp_digits                             0x00002644   Section        0  printfa.o(i._fp_digits)
    _fp_digits                               0x00002645   Thumb Code   320  printfa.o(i._fp_digits)
    i._printf_core                           0x00002798   Section        0  printfa.o(i._printf_core)
    _printf_core                             0x00002799   Thumb Code  1818  printfa.o(i._printf_core)
    i._printf_post_padding                   0x00002ec0   Section        0  printfa.o(i._printf_post_padding)
    _printf_post_padding                     0x00002ec1   Thumb Code    38  printfa.o(i._printf_post_padding)
    i._printf_pre_padding                    0x00002ee6   Section        0  printfa.o(i._printf_pre_padding)
    _printf_pre_padding                      0x00002ee7   Thumb Code    46  printfa.o(i._printf_pre_padding)
    i._sputc                                 0x00002f14   Section        0  printfa.o(i._sputc)
    _sputc                                   0x00002f15   Thumb Code    10  printfa.o(i._sputc)
    i.alloc_mem                              0x00002f20   Section        0  at_mem.o(i.alloc_mem)
    i.arp_cache_add                          0x00002fc4   Section        0  at_arp.o(i.arp_cache_add)
    i.arp_cache_alloc                        0x00003088   Section        0  at_arp.o(i.arp_cache_alloc)
    arp_cache_alloc                          0x00003089   Thumb Code    96  at_arp.o(i.arp_cache_alloc)
    i.arp_cache_find                         0x000030f4   Section        0  at_arp.o(i.arp_cache_find)
    i.arp_cache_update                       0x0000320c   Section        0  at_arp.o(i.arp_cache_update)
    i.arp_get_response                       0x00003304   Section        0  at_arp.o(i.arp_get_response)
    arp_get_response                         0x00003305   Thumb Code    86  at_arp.o(i.arp_get_response)
    i.arp_send_reply                         0x0000336c   Section        0  at_arp.o(i.arp_send_reply)
    arp_send_reply                           0x0000336d   Thumb Code   148  at_arp.o(i.arp_send_reply)
    i.arp_send_req                           0x00003408   Section        0  at_arp.o(i.arp_send_req)
    i.b64_to_asc                             0x000034b4   Section        0  at_lib.o(i.b64_to_asc)
    i.cgx_content_type                       0x0000352c   Section        0  at_http.o(i.cgx_content_type)
    i.chk_post_rq                            0x00003530   Section        0  at_http.o(i.chk_post_rq)
    chk_post_rq                              0x00003531   Thumb Code   330  at_http.o(i.chk_post_rq)
    i.cmp_header                             0x000036e8   Section        0  at_http.o(i.cmp_header)
    cmp_header                               0x000036e9   Thumb Code    40  at_http.o(i.cmp_header)
    i.dhcp_disable                           0x00003710   Section        0  at_dhcp.o(i.dhcp_disable)
    i.dhcp_listener                          0x00003740   Section        0  at_dhcp.o(i.dhcp_listener)
    dhcp_listener                            0x00003741   Thumb Code   490  at_dhcp.o(i.dhcp_listener)
    i.dhcp_send_message                      0x0000393c   Section        0  at_dhcp.o(i.dhcp_send_message)
    dhcp_send_message                        0x0000393d   Thumb Code   460  at_dhcp.o(i.dhcp_send_message)
    i.eth_chk_adr                            0x00003b28   Section        0  at_ethernet.o(i.eth_chk_adr)
    i.eth_send_frame                         0x00003b38   Section        0  at_ethernet.o(i.eth_send_frame)
    i.free_mem                               0x00003bd0   Section        0  at_mem.o(i.free_mem)
    i.get_crc                                0x00003c38   Section        0  at_lib.o(i.get_crc)
    i.get_next_field                         0x00003c60   Section        0  at_http.o(i.get_next_field)
    get_next_field                           0x00003c61   Thumb Code    40  at_http.o(i.get_next_field)
    i.get_next_par                           0x00003c88   Section        0  at_http.o(i.get_next_par)
    get_next_par                             0x00003c89   Thumb Code    50  at_http.o(i.get_next_par)
    i.get_u32                                0x00003cba   Section        0  at_lib.o(i.get_u32)
    i.hex2byte                               0x00003cd0   Section        0  at_http.o(i.hex2byte)
    hex2byte                                 0x00003cd1   Thumb Code    18  at_http.o(i.hex2byte)
    i.http_accept_host                       0x00003ce2   Section        0  at_http.o(i.http_accept_host)
    i.http_add_header                        0x00003ce8   Section        0  at_http.o(i.http_add_header)
    http_add_header                          0x00003ce9   Thumb Code   180  at_http.o(i.http_add_header)
    i.http_error_msg                         0x00003ef4   Section        0  at_http.o(i.http_error_msg)
    http_error_msg                           0x00003ef5   Thumb Code   186  at_http.o(i.http_error_msg)
    i.http_fclose                            0x000040b0   Section        0  at_http_uif.o(i.http_fclose)
    i.http_fgets                             0x000040b2   Section        0  at_http_uif.o(i.http_fgets)
    i.http_file_type                         0x000040b8   Section        0  at_http.o(i.http_file_type)
    http_file_type                           0x000040b9   Thumb Code    74  at_http.o(i.http_file_type)
    i.http_finfo                             0x00004108   Section        0  at_http_uif.o(i.http_finfo)
    i.http_fopen                             0x0000410c   Section        0  at_http_uif.o(i.http_fopen)
    i.http_fread                             0x00004110   Section        0  at_http_uif.o(i.http_fread)
    i.http_get_lang                          0x00004114   Section        0  at_http.o(i.http_get_lang)
    i.http_get_var                           0x00004130   Section        0  at_http.o(i.http_get_var)
    i.http_kill_session                      0x0000419c   Section        0  at_http.o(i.http_kill_session)
    http_kill_session                        0x0000419d   Thumb Code    94  at_http.o(i.http_kill_session)
    i.http_listener                          0x000041fc   Section        0  at_http.o(i.http_listener)
    http_listener                            0x000041fd   Thumb Code   558  at_http.o(i.http_listener)
    i.http_open_file                         0x00004450   Section        0  at_http.o(i.http_open_file)
    http_open_file                           0x00004451   Thumb Code   278  at_http.o(i.http_open_file)
    i.http_proc_header                       0x00004588   Section        0  at_http.o(i.http_proc_header)
    http_proc_header                         0x00004589   Thumb Code   236  at_http.o(i.http_proc_header)
    i.http_proc_multipart                    0x000046c0   Section        0  at_http.o(i.http_proc_multipart)
    http_proc_multipart                      0x000046c1   Thumb Code   304  at_http.o(i.http_proc_multipart)
    i.http_proc_post                         0x00004818   Section        0  at_http.o(i.http_proc_post)
    http_proc_post                           0x00004819   Thumb Code   232  at_http.o(i.http_proc_post)
    i.http_strchr                            0x00004908   Section        0  at_http.o(i.http_strchr)
    http_strchr                              0x00004909   Thumb Code    26  at_http.o(i.http_strchr)
    i.http_strcpy                            0x00004922   Section        0  at_http.o(i.http_strcpy)
    http_strcpy                              0x00004923   Thumb Code    30  at_http.o(i.http_strcpy)
    i.http_to_utc                            0x00004940   Section        0  at_http.o(i.http_to_utc)
    http_to_utc                              0x00004941   Thumb Code   162  at_http.o(i.http_to_utc)
    i.init_TcpNet                            0x000049e8   Section        0  at_system.o(i.init_TcpNet)
    i.init_arp                               0x00004a20   Section        0  at_arp.o(i.init_arp)
    i.init_dhcp                              0x00004a48   Section        0  at_dhcp.o(i.init_dhcp)
    i.init_eth_link                          0x00004aac   Section        0  at_ethernet.o(i.init_eth_link)
    i.init_http                              0x00004ad0   Section        0  at_http.o(i.init_http)
    i.init_mem                               0x00004b30   Section        0  at_mem.o(i.init_mem)
    i.init_nbns                              0x00004b54   Section        0  at_nbns.o(i.init_nbns)
    i.init_tcp                               0x00004b7c   Section        0  at_tcp.o(i.init_tcp)
    i.init_udp                               0x00004b94   Section        0  at_udp.o(i.init_udp)
    i.ip_chk_frame                           0x00004bb0   Section        0  at_ip.o(i.ip_chk_frame)
    i.ip_get_chksum                          0x00004c74   Section        0  at_ip.o(i.ip_get_chksum)
    ip_get_chksum                            0x00004c75   Thumb Code    10  at_ip.o(i.ip_get_chksum)
    i.ip_get_locadr                          0x00004c80   Section        0  at_ip.o(i.ip_get_locadr)
    i.ip_send_frame                          0x00004d18   Section        0  at_ip.o(i.ip_send_frame)
    i.is_subnet                              0x00004da8   Section        0  at_lib.o(i.is_subnet)
    i.is_subnet_bcast                        0x00004dcc   Section        0  at_arp.o(i.is_subnet_bcast)
    i.main_TcpNet                            0x00004df8   Section        0  at_system.o(i.main_TcpNet)
    i.mem_comp                               0x00004e34   Section        0  at_lib.o(i.mem_comp)
    i.mem_copy                               0x00004e54   Section        0  at_lib.o(i.mem_copy)
    i.mem_set                                0x00004e70   Section        0  at_lib.o(i.mem_set)
    i.mem_test                               0x00004e80   Section        0  at_lib.o(i.mem_test)
    i.nbns_listener                          0x00004e98   Section        0  at_nbns.o(i.nbns_listener)
    nbns_listener                            0x00004e99   Thumb Code   262  at_nbns.o(i.nbns_listener)
    i.poll_ethernet                          0x00004fb0   Section        0  at_ethernet.o(i.poll_ethernet)
    i.proc_opt_renew                         0x00004fb4   Section        0  at_dhcp.o(i.proc_opt_renew)
    proc_opt_renew                           0x00004fb5   Thumb Code    98  at_dhcp.o(i.proc_opt_renew)
    i.proc_opt_req                           0x0000501c   Section        0  at_dhcp.o(i.proc_opt_req)
    proc_opt_req                             0x0000501d   Thumb Code   162  at_dhcp.o(i.proc_opt_req)
    i.proc_opt_sel                           0x000050c8   Section        0  at_dhcp.o(i.proc_opt_sel)
    proc_opt_sel                             0x000050c9   Thumb Code    48  at_dhcp.o(i.proc_opt_sel)
    i.process_arp                            0x000050fc   Section        0  at_arp.o(i.process_arp)
    i.process_hl_igmp                        0x00005194   Section        0  at_ethernet.o(i.process_hl_igmp)
    i.process_icmp                           0x00005196   Section        0  at_icmp.o(i.process_icmp)
    i.process_tcp                            0x0000520c   Section        0  at_tcp.o(i.process_tcp)
    i.process_udp                            0x00005678   Section        0  at_udp.o(i.process_udp)
    i.put_in_queue                           0x0000573c   Section        0  at_ethernet.o(i.put_in_queue)
    i.read_script_line                       0x00005768   Section        0  at_http.o(i.read_script_line)
    read_script_line                         0x00005769   Thumb Code   158  at_http.o(i.read_script_line)
    i.resize_mem                             0x00005808   Section        0  at_mem.o(i.resize_mem)
    i.run_dhcp_client                        0x0000583c   Section        0  at_dhcp.o(i.run_dhcp_client)
    i.run_eth_link                           0x00005958   Section        0  at_ethernet.o(i.run_eth_link)
    i.run_http_server                        0x00005a08   Section        0  at_http.o(i.run_http_server)
    i.search_delim                           0x00005d00   Section        0  at_http.o(i.search_delim)
    search_delim                             0x00005d01   Thumb Code    76  at_http.o(i.search_delim)
    i.set_u32                                0x00005d4c   Section        0  at_lib.o(i.set_u32)
    i.str_copy                               0x00005d5c   Section        0  at_lib.o(i.str_copy)
    i.str_crc                                0x00005d72   Section        0  at_lib.o(i.str_crc)
    i.str_scomp                              0x00005d8c   Section        0  at_lib.o(i.str_scomp)
    i.str_up_case                            0x00005da6   Section        0  at_lib.o(i.str_up_case)
    i.tcp_abort                              0x00005dc0   Section        0  at_tcp.o(i.tcp_abort)
    i.tcp_close                              0x00005e18   Section        0  at_tcp.o(i.tcp_close)
    i.tcp_get_buf                            0x00005e9c   Section        0  at_tcp.o(i.tcp_get_buf)
    i.tcp_get_socket                         0x00005eac   Section        0  at_tcp.o(i.tcp_get_socket)
    i.tcp_get_state                          0x00005ef4   Section        0  at_tcp.o(i.tcp_get_state)
    i.tcp_init_seq                           0x00005f20   Section        0  at_tcp.o(i.tcp_init_seq)
    tcp_init_seq                             0x00005f21   Thumb Code    14  at_tcp.o(i.tcp_init_seq)
    i.tcp_listen                             0x00005f34   Section        0  at_tcp.o(i.tcp_listen)
    i.tcp_map_socket                         0x00005fb0   Section        0  at_tcp.o(i.tcp_map_socket)
    tcp_map_socket                           0x00005fb1   Thumb Code   150  at_tcp.o(i.tcp_map_socket)
    i.tcp_max_dsize                          0x00006050   Section        0  at_tcp.o(i.tcp_max_dsize)
    i.tcp_poll_sockets                       0x00006074   Section        0  at_tcp.o(i.tcp_poll_sockets)
    i.tcp_process_opt                        0x00006268   Section        0  at_tcp.o(i.tcp_process_opt)
    tcp_process_opt                          0x00006269   Thumb Code   106  at_tcp.o(i.tcp_process_opt)
    i.tcp_send                               0x000062d8   Section        0  at_tcp.o(i.tcp_send)
    i.tcp_send_ctrl                          0x000063dc   Section        0  at_tcp.o(i.tcp_send_ctrl)
    tcp_send_ctrl                            0x000063dd   Thumb Code    34  at_tcp.o(i.tcp_send_ctrl)
    i.tcp_send_frame                         0x00006400   Section        0  at_tcp.o(i.tcp_send_frame)
    tcp_send_frame                           0x00006401   Thumb Code   236  at_tcp.o(i.tcp_send_frame)
    i.tcp_send_reset                         0x000064f4   Section        0  at_tcp.o(i.tcp_send_reset)
    tcp_send_reset                           0x000064f5   Thumb Code   120  at_tcp.o(i.tcp_send_reset)
    i.tcp_set_retransmit                     0x00006574   Section        0  at_tcp.o(i.tcp_set_retransmit)
    tcp_set_retransmit                       0x00006575   Thumb Code    18  at_tcp.o(i.tcp_set_retransmit)
    i.tcp_transit                            0x00006588   Section        0  at_tcp.o(i.tcp_transit)
    tcp_transit                              0x00006589   Thumb Code    96  at_tcp.o(i.tcp_transit)
    i.timer_tick                             0x000065fc   Section        0  at_system.o(i.timer_tick)
    i.udp_close                              0x00006608   Section        0  at_udp.o(i.udp_close)
    i.udp_get_buf                            0x00006634   Section        0  at_udp.o(i.udp_get_buf)
    i.udp_get_socket                         0x00006644   Section        0  at_udp.o(i.udp_get_socket)
    i.udp_open                               0x0000668c   Section        0  at_udp.o(i.udp_open)
    i.udp_release_socket                     0x00006708   Section        0  at_udp.o(i.udp_release_socket)
    i.udp_send                               0x00006738   Section        0  at_udp.o(i.udp_send)
    i.utc_to_http                            0x00006844   Section        0  at_http.o(i.utc_to_http)
    utc_to_http                              0x00006845   Thumb Code   178  at_http.o(i.utc_to_http)
    .constdata                               0x00006924   Section      351  http_cgi.o(.constdata)
    state                                    0x00006924   Data         121  http_cgi.o(.constdata)
    .constdata                               0x00006a84   Section        4  web.o(.constdata)
    .constdata                               0x00006a88   Section    28668  web.o(.constdata)
    Web                                      0x00006a88   Data       28668  web.o(.constdata)
    .constdata                               0x0000da84   Section      160  web.o(.constdata)
    .constdata                               0x0000db24   Section       60  net_config.o(.constdata)
    .constdata                               0x0000db60   Section        1  net_config.o(.constdata)
    .constdata                               0x0000db64   Section        4  net_config.o(.constdata)
    .constdata                               0x0000db68   Section        2  net_config.o(.constdata)
    .constdata                               0x0000db6a   Section        2  net_config.o(.constdata)
    .constdata                               0x0000db6c   Section        2  net_config.o(.constdata)
    .constdata                               0x0000db6e   Section        1  net_config.o(.constdata)
    .constdata                               0x0000db6f   Section        1  net_config.o(.constdata)
    .constdata                               0x0000db70   Section        1  net_config.o(.constdata)
    .constdata                               0x0000db71   Section        1  net_config.o(.constdata)
    .constdata                               0x0000db72   Section        1  net_config.o(.constdata)
    .constdata                               0x0000db73   Section        1  net_config.o(.constdata)
    .constdata                               0x0000db74   Section        2  net_config.o(.constdata)
    .constdata                               0x0000db76   Section        2  net_config.o(.constdata)
    .constdata                               0x0000db78   Section        2  net_config.o(.constdata)
    .constdata                               0x0000db7a   Section        2  net_config.o(.constdata)
    .constdata                               0x0000db7c   Section        2  net_config.o(.constdata)
    .constdata                               0x0000db7e   Section        1  net_config.o(.constdata)
    .constdata                               0x0000db7f   Section        1  net_config.o(.constdata)
    .constdata                               0x0000db80   Section        1  net_config.o(.constdata)
    .constdata                               0x0000db82   Section        2  net_config.o(.constdata)
    .constdata                               0x0000db84   Section       20  net_config.o(.constdata)
    .constdata                               0x0000db98   Section        6  net_config.o(.constdata)
    .constdata                               0x0000db9e   Section     6272  glcd_spi_lpc1700.o(.constdata)
    .constdata                               0x0000f41e   Section      202  at_http.o(.constdata)
    DYear                                    0x0000f41e   Data           6  at_http.o(.constdata)
    Month                                    0x0000f424   Data          48  at_http.o(.constdata)
    WkDay                                    0x0000f454   Data          28  at_http.o(.constdata)
    DMonth                                   0x0000f470   Data          24  at_http.o(.constdata)
    ftype                                    0x0000f488   Data          96  at_http.o(.constdata)
    .constdata                               0x0000f4e8   Section        8  at_nbns.o(.constdata)
    nbns_ttllen                              0x0000f4e8   Data           8  at_nbns.o(.constdata)
    .constdata                               0x0000f4f0   Section        6  at_ethernet.o(.constdata)
    .constdata                               0x0000f4f6   Section        4  at_ip.o(.constdata)
    .constdata                               0x0000f4fa   Section       94  http_err.o(.constdata)
    .constdata                               0x0000f558   Section       91  http_err.o(.constdata)
    .constdata                               0x0000f5b3   Section       83  http_err.o(.constdata)
    .constdata                               0x0000f606   Section       59  http_err.o(.constdata)
    .constdata                               0x0000f641   Section      137  http_err.o(.constdata)
    .constdata                               0x0000f6ca   Section      129  ctype_o.o(.constdata)
    .constdata                               0x0000f74c   Section        4  ctype_o.o(.constdata)
    table                                    0x0000f74c   Data           4  ctype_o.o(.constdata)
    .data                                    0x10000000   Section       54  http_demo.o(.data)
    cnt                                      0x10000000   Data           4  http_demo.o(.data)
    .data                                    0x10000038   Section        8  http_cgi.o(.data)
    P2                                       0x10000038   Data           1  http_cgi.o(.data)
    adv                                      0x1000003c   Data           4  http_cgi.o(.data)
    .data                                    0x10000040   Section       16  net_config.o(.data)
    .data                                    0x10000050   Section        6  net_config.o(.data)
    .data                                    0x10000056   Section        6  glcd_spi_lpc1700.o(.data)
    TextColor                                0x10000056   Data           2  glcd_spi_lpc1700.o(.data)
    BackColor                                0x10000058   Data           2  glcd_spi_lpc1700.o(.data)
    driverCode                               0x1000005a   Data           2  glcd_spi_lpc1700.o(.data)
    .data                                    0x1000005c   Section        4  system_lpc17xx.o(.data)
    .data                                    0x10000060   Section        4  at_tcp.o(.data)
    socket                                   0x10000060   Data           1  at_tcp.o(.data)
    port                                     0x10000062   Data           2  at_tcp.o(.data)
    .data                                    0x10000064   Section        2  at_udp.o(.data)
    port                                     0x10000064   Data           2  at_udp.o(.data)
    .data                                    0x10000068   Section       12  at_http.o(.data)
    session                                  0x10000068   Data           1  at_http.o(.data)
    cgi                                      0x1000006c   Data           8  at_http.o(.data)
    .data                                    0x10000074   Section        1  at_nbns.o(.data)
    nbns_Socket                              0x10000074   Data           1  at_nbns.o(.data)
    .data                                    0x10000078   Section        8  at_ethernet.o(.data)
    q_head                                   0x10000078   Data           4  at_ethernet.o(.data)
    q_tail                                   0x1000007c   Data           4  at_ethernet.o(.data)
    .data                                    0x10000080   Section        4  at_mem.o(.data)
    Mem_Load                                 0x10000080   Data           4  at_mem.o(.data)
    .data                                    0x10000084   Section        8  at_system.o(.data)
    tick_fl                                  0x10000086   Data           1  at_system.o(.data)
    sec_cnt                                  0x1000008a   Data           2  at_system.o(.data)
    .data                                    0x1000008c   Section        2  at_arp.o(.data)
    next_entry                               0x1000008c   Data           2  at_arp.o(.data)
    .data                                    0x1000008e   Section        4  at_ip.o(.data)
    netif                                    0x1000008e   Data           1  at_ip.o(.data)
    ip_id                                    0x10000090   Data           2  at_ip.o(.data)
    .data                                    0x10000094   Section        4  errno.o(.data)
    _errno                                   0x10000094   Data           4  errno.o(.data)
    .bss                                     0x10000098   Section       20  net_config.o(.bss)
    .bss                                     0x100000ac   Section     8192  net_config.o(.bss)
    .bss                                     0x100020ac   Section      140  net_config.o(.bss)
    .bss                                     0x10002138   Section       24  net_config.o(.bss)
    .bss                                     0x10002150   Section      352  net_config.o(.bss)
    .bss                                     0x100022b0   Section      288  net_config.o(.bss)
    .bss                                     0x100023d0   Section       28  at_dhcp.o(.bss)
    dhcp_session                             0x100023d0   Data          28  at_dhcp.o(.bss)
    .bss                                     0x100023ec   Section      128  at_ethernet.o(.bss)
    rx_queue                                 0x100023ec   Data         128  at_ethernet.o(.bss)
    .bss                                     0x1000246c   Section       60  at_system.o(.bss)
    STACK                                    0x100024a8   Section     1024  startup_lpc17xx.o(STACK)
    .data                                    0x2007c000   Section        4  emac_lpc17xx.o(.data)
    .bss                                     0x2007c008   Section    10860  emac_lpc17xx.o(.bss)
    dev_175x                                 0x2007c008   Data           1  emac_lpc17xx.o(.bss)
    Rx_Desc                                  0x2007c00c   Data          32  emac_lpc17xx.o(.bss)
    Rx_Stat                                  0x2007c030   Data          32  emac_lpc17xx.o(.bss)
    Tx_Desc                                  0x2007c050   Data          24  emac_lpc17xx.o(.bss)
    Tx_Stat                                  0x2007c068   Data          12  emac_lpc17xx.o(.bss)
    rx_buf                                   0x2007c074   Data        6144  emac_lpc17xx.o(.bss)
    tx_buf                                   0x2007d874   Data        4608  emac_lpc17xx.o(.bss)

    Global Symbols

    Symbol Name                              Value     Ov Type        Size  Object(Section)

    BuildAttributes$$THM_ISAv4$P$D$K$B$S$PE$A:L22UL41UL21$X:L11$S22US41US21$IEEE1$IW$USESV6$~STKCKD$USESV7$~SHL$OTIME$ROPI$EBA8$MICROLIB$REQ8$PRES8$EABIv2 0x00000000   Number         0  anon$$obj.o ABSOLUTE
    __ARM_use_no_argv                        0x00000000   Number         0  http_demo.o ABSOLUTE
    __Vectors                                0x00000000   Data           4  startup_lpc17xx.o(RESET)
    _printf_a                                0x00000000   Number         0  stubs.o ABSOLUTE
    _printf_c                                0x00000000   Number         0  stubs.o ABSOLUTE
    _printf_charcount                        0x00000000   Number         0  stubs.o ABSOLUTE
    _printf_d                                0x00000000   Number         0  stubs.o ABSOLUTE
    _printf_e                                0x00000000   Number         0  stubs.o ABSOLUTE
    _printf_f                                0x00000000   Number         0  stubs.o ABSOLUTE
    _printf_flags                            0x00000000   Number         0  stubs.o ABSOLUTE
    _printf_fp_dec                           0x00000000   Number         0  stubs.o ABSOLUTE
    _printf_fp_hex                           0x00000000   Number         0  stubs.o ABSOLUTE
    _printf_g                                0x00000000   Number         0  stubs.o ABSOLUTE
    _printf_i                                0x00000000   Number         0  stubs.o ABSOLUTE
    _printf_int_dec                          0x00000000   Number         0  stubs.o ABSOLUTE
    _printf_l                                0x00000000   Number         0  stubs.o ABSOLUTE
    _printf_lc                               0x00000000   Number         0  stubs.o ABSOLUTE
    _printf_ll                               0x00000000   Number         0  stubs.o ABSOLUTE
    _printf_lld                              0x00000000   Number         0  stubs.o ABSOLUTE
    _printf_lli                              0x00000000   Number         0  stubs.o ABSOLUTE
    _printf_llo                              0x00000000   Number         0  stubs.o ABSOLUTE
    _printf_llu                              0x00000000   Number         0  stubs.o ABSOLUTE
    _printf_llx                              0x00000000   Number         0  stubs.o ABSOLUTE
    _printf_longlong_dec                     0x00000000   Number         0  stubs.o ABSOLUTE
    _printf_longlong_hex                     0x00000000   Number         0  stubs.o ABSOLUTE
    _printf_longlong_oct                     0x00000000   Number         0  stubs.o ABSOLUTE
    _printf_ls                               0x00000000   Number         0  stubs.o ABSOLUTE
    _printf_mbtowc                           0x00000000   Number         0  stubs.o ABSOLUTE
    _printf_n                                0x00000000   Number         0  stubs.o ABSOLUTE
    _printf_o                                0x00000000   Number         0  stubs.o ABSOLUTE
    _printf_p                                0x00000000   Number         0  stubs.o ABSOLUTE
    _printf_percent                          0x00000000   Number         0  stubs.o ABSOLUTE
    _printf_pre_padding                      0x00000000   Number         0  stubs.o ABSOLUTE
    _printf_return_value                     0x00000000   Number         0  stubs.o ABSOLUTE
    _printf_s                                0x00000000   Number         0  stubs.o ABSOLUTE
    _printf_sizespec                         0x00000000   Number         0  stubs.o ABSOLUTE
    _printf_str                              0x00000000   Number         0  stubs.o ABSOLUTE
    _printf_truncate_signed                  0x00000000   Number         0  stubs.o ABSOLUTE
    _printf_truncate_unsigned                0x00000000   Number         0  stubs.o ABSOLUTE
    _printf_u                                0x00000000   Number         0  stubs.o ABSOLUTE
    _printf_wc                               0x00000000   Number         0  stubs.o ABSOLUTE
    _printf_wctomb                           0x00000000   Number         0  stubs.o ABSOLUTE
    _printf_widthprec                        0x00000000   Number         0  stubs.o ABSOLUTE
    _printf_x                                0x00000000   Number         0  stubs.o ABSOLUTE
    __decompress                              - Undefined Weak Reference
    _scanf_longlong                           - Undefined Weak Reference
    _scanf_real                               - Undefined Weak Reference
    _scanf_string                             - Undefined Weak Reference
    arp_notify                                - Undefined Weak Reference
    __main                                   0x000000cd   Thumb Code     0  entry.o(.ARM.Collect$$$$00000000)
    _main_stk                                0x000000cd   Thumb Code     0  entry2.o(.ARM.Collect$$$$00000001)
    _main_scatterload                        0x000000d1   Thumb Code     0  entry5.o(.ARM.Collect$$$$00000004)
    __main_after_scatterload                 0x000000d5   Thumb Code     0  entry5.o(.ARM.Collect$$$$00000004)
    _main_init                               0x000000d5   Thumb Code     0  entry7.o(.ARM.Collect$$$$00000007)
    sys_error                                0x000000e1   Thumb Code     2  net_config.o(.text)
    init_system                              0x000000e3   Thumb Code    30  net_config.o(.text)
    run_system                               0x00000101   Thumb Code    22  net_config.o(.text)
    process_hl_udp                           0x00000117   Thumb Code     4  net_config.o(.text)
    process_hl_tcp                           0x0000011b   Thumb Code     4  net_config.o(.text)
    dispatch_frame                           0x0000011f   Thumb Code    10  net_config.o(.text)
    igmp_is_member                           0x00000129   Thumb Code     4  net_config.o(.text)
    Reset_Handler                            0x0000012d   Thumb Code     4  startup_lpc17xx.o(.text)
    NMI_Handler                              0x00000131   Thumb Code     2  startup_lpc17xx.o(.text)
    HardFault_Handler                        0x00000133   Thumb Code     2  startup_lpc17xx.o(.text)
    MemManage_Handler                        0x00000135   Thumb Code     2  startup_lpc17xx.o(.text)
    BusFault_Handler                         0x00000137   Thumb Code     2  startup_lpc17xx.o(.text)
    UsageFault_Handler                       0x00000139   Thumb Code     2  startup_lpc17xx.o(.text)
    SVC_Handler                              0x0000013b   Thumb Code     2  startup_lpc17xx.o(.text)
    DebugMon_Handler                         0x0000013d   Thumb Code     2  startup_lpc17xx.o(.text)
    PendSV_Handler                           0x0000013f   Thumb Code     2  startup_lpc17xx.o(.text)
    SysTick_Handler                          0x00000141   Thumb Code     2  startup_lpc17xx.o(.text)
    ADC_IRQHandler                           0x00000143   Thumb Code     0  startup_lpc17xx.o(.text)
    BOD_IRQHandler                           0x00000143   Thumb Code     0  startup_lpc17xx.o(.text)
    CANActivity_IRQHandler                   0x00000143   Thumb Code     0  startup_lpc17xx.o(.text)
    CAN_IRQHandler                           0x00000143   Thumb Code     0  startup_lpc17xx.o(.text)
    DMA_IRQHandler                           0x00000143   Thumb Code     0  startup_lpc17xx.o(.text)
    EINT0_IRQHandler                         0x00000143   Thumb Code     0  startup_lpc17xx.o(.text)
    EINT1_IRQHandler                         0x00000143   Thumb Code     0  startup_lpc17xx.o(.text)
    EINT2_IRQHandler                         0x00000143   Thumb Code     0  startup_lpc17xx.o(.text)
    EINT3_IRQHandler                         0x00000143   Thumb Code     0  startup_lpc17xx.o(.text)
    I2C0_IRQHandler                          0x00000143   Thumb Code     0  startup_lpc17xx.o(.text)
    I2C1_IRQHandler                          0x00000143   Thumb Code     0  startup_lpc17xx.o(.text)
    I2C2_IRQHandler                          0x00000143   Thumb Code     0  startup_lpc17xx.o(.text)
    I2S_IRQHandler                           0x00000143   Thumb Code     0  startup_lpc17xx.o(.text)
    MCPWM_IRQHandler                         0x00000143   Thumb Code     0  startup_lpc17xx.o(.text)
    PLL0_IRQHandler                          0x00000143   Thumb Code     0  startup_lpc17xx.o(.text)
    PLL1_IRQHandler                          0x00000143   Thumb Code     0  startup_lpc17xx.o(.text)
    PWM1_IRQHandler                          0x00000143   Thumb Code     0  startup_lpc17xx.o(.text)
    QEI_IRQHandler                           0x00000143   Thumb Code     0  startup_lpc17xx.o(.text)
    RIT_IRQHandler                           0x00000143   Thumb Code     0  startup_lpc17xx.o(.text)
    RTC_IRQHandler                           0x00000143   Thumb Code     0  startup_lpc17xx.o(.text)
    SPI_IRQHandler                           0x00000143   Thumb Code     0  startup_lpc17xx.o(.text)
    SSP0_IRQHandler                          0x00000143   Thumb Code     0  startup_lpc17xx.o(.text)
    SSP1_IRQHandler                          0x00000143   Thumb Code     0  startup_lpc17xx.o(.text)
    TIMER0_IRQHandler                        0x00000143   Thumb Code     0  startup_lpc17xx.o(.text)
    TIMER1_IRQHandler                        0x00000143   Thumb Code     0  startup_lpc17xx.o(.text)
    TIMER2_IRQHandler                        0x00000143   Thumb Code     0  startup_lpc17xx.o(.text)
    TIMER3_IRQHandler                        0x00000143   Thumb Code     0  startup_lpc17xx.o(.text)
    UART0_IRQHandler                         0x00000143   Thumb Code     0  startup_lpc17xx.o(.text)
    UART1_IRQHandler                         0x00000143   Thumb Code     0  startup_lpc17xx.o(.text)
    UART2_IRQHandler                         0x00000143   Thumb Code     0  startup_lpc17xx.o(.text)
    UART3_IRQHandler                         0x00000143   Thumb Code     0  startup_lpc17xx.o(.text)
    USBActivity_IRQHandler                   0x00000143   Thumb Code     0  startup_lpc17xx.o(.text)
    USB_IRQHandler                           0x00000143   Thumb Code     0  startup_lpc17xx.o(.text)
    WDT_IRQHandler                           0x00000143   Thumb Code     0  startup_lpc17xx.o(.text)
    SystemInit                               0x00000149   Thumb Code   314  system_lpc17xx.o(.text)
    strlen                                   0x000002a5   Thumb Code    16  strlen.o(.text)
    strcmp                                   0x000002b5   Thumb Code    28  strcmp.o(.text)
    atoi                                     0x000002d1   Thumb Code    26  atoi.o(.text)
    __aeabi_ui2f                             0x000002eb   Thumb Code    10  ffltui.o(.text)
    __I$use$fp                               0x000002f5   Thumb Code     0  iusefp.o(.text)
    __rt_ctype_table                         0x000002f5   Thumb Code     4  ctype_o.o(.text)
    fputc                                    0x00000301   Thumb Code    26  http_demo.o(.text)
    LED_out                                  0x0000031b   Thumb Code    64  http_demo.o(.text)
    AD_in                                    0x0000035b   Thumb Code    44  http_demo.o(.text)
    get_button                               0x00000387   Thumb Code    66  http_demo.o(.text)
    __TCP_ARM_VER                            0x00000413   Number         0  at_system.o ABSOLUTE
    main                                     0x00000445   Thumb Code   116  http_demo.o(.text)
    cgi_process_var                          0x0000063d   Thumb Code   334  http_cgi.o(.text)
    cgi_process_data                         0x0000078b   Thumb Code   410  http_cgi.o(.text)
    cgi_func                                 0x00000925   Thumb Code   964  http_cgi.o(.text)
    init_ethernet                            0x00000ee9   Thumb Code   504  emac_lpc17xx.o(.text)
    int_enable_eth                           0x000010e1   Thumb Code    10  emac_lpc17xx.o(.text)
    int_disable_eth                          0x000010eb   Thumb Code    10  emac_lpc17xx.o(.text)
    send_frame                               0x000010f5   Thumb Code    64  emac_lpc17xx.o(.text)
    ENET_IRQHandler                          0x00001135   Thumb Code   180  emac_lpc17xx.o(.text)
    GLCD_Init                                0x0000120d   Thumb Code   806  glcd_spi_lpc1700.o(.text)
    GLCD_SetWindow                           0x00001533   Thumb Code    78  glcd_spi_lpc1700.o(.text)
    GLCD_WindowMax                           0x00001581   Thumb Code    12  glcd_spi_lpc1700.o(.text)
    GLCD_PutPixel                            0x0000158d   Thumb Code    44  glcd_spi_lpc1700.o(.text)
    GLCD_SetTextColor                        0x000015b9   Thumb Code     6  glcd_spi_lpc1700.o(.text)
    GLCD_SetBackColor                        0x000015bf   Thumb Code     6  glcd_spi_lpc1700.o(.text)
    GLCD_Clear                               0x000015c5   Thumb Code    68  glcd_spi_lpc1700.o(.text)
    GLCD_DrawChar_U8                         0x00001609   Thumb Code   102  glcd_spi_lpc1700.o(.text)
    GLCD_DrawChar_U16                        0x0000166f   Thumb Code   106  glcd_spi_lpc1700.o(.text)
    GLCD_DisplayChar                         0x000016d9   Thumb Code    72  glcd_spi_lpc1700.o(.text)
    GLCD_DisplayString                       0x00001721   Thumb Code    42  glcd_spi_lpc1700.o(.text)
    GLCD_ClearLn                             0x0000174b   Thumb Code    72  glcd_spi_lpc1700.o(.text)
    GLCD_Bargraph                            0x00001793   Thumb Code    90  glcd_spi_lpc1700.o(.text)
    GLCD_Bitmap                              0x000017ed   Thumb Code    76  glcd_spi_lpc1700.o(.text)
    GLCD_Bmp                                 0x00001839   Thumb Code    84  glcd_spi_lpc1700.o(.text)
    GLCD_ScrollVertical                      0x0000188d   Thumb Code     2  glcd_spi_lpc1700.o(.text)
    __0sscanf                                0x00001929   Thumb Code    48  __0sscanf.o(.text)
    _scanf_int                               0x00001961   Thumb Code   334  _scanf_int.o(.text)
    __aeabi_dmul                             0x00001aaf   Thumb Code   226  dmul.o(.text)
    __ARM_scalbn                             0x00001b91   Thumb Code    46  dscalb.o(.text)
    scalbn                                   0x00001b91   Thumb Code     0  dscalb.o(.text)
    __aeabi_f2d                              0x00001bbf   Thumb Code    44  f2d.o(.text)
    __aeabi_uidiv                            0x00001beb   Thumb Code     0  uidiv.o(.text)
    __aeabi_uidivmod                         0x00001beb   Thumb Code    44  uidiv.o(.text)
    __aeabi_uldivmod                         0x00001c17   Thumb Code   100  uldiv.o(.text)
    _chval                                   0x00001c7b   Thumb Code    32  _chval.o(.text)
    __vfscanf_char                           0x00001ca9   Thumb Code    22  scanf_char.o(.text)
    _sgetc                                   0x00001cc9   Thumb Code    30  _sgetc.o(.text)
    _sbackspace                              0x00001ce7   Thumb Code    34  _sgetc.o(.text)
    strtol                                   0x00001d09   Thumb Code   112  strtol.o(.text)
    _float_round                             0x00001d79   Thumb Code    18  fepilogue.o(.text)
    _float_epilogue                          0x00001d8b   Thumb Code    90  fepilogue.o(.text)
    _double_round                            0x00001de5   Thumb Code    26  depilogue.o(.text)
    _double_epilogue                         0x00001dff   Thumb Code   172  depilogue.o(.text)
    __aeabi_dadd                             0x00001eab   Thumb Code   324  dadd.o(.text)
    __aeabi_dsub                             0x00001fef   Thumb Code     6  dadd.o(.text)
    __aeabi_drsub                            0x00001ff5   Thumb Code     6  dadd.o(.text)
    __aeabi_ddiv                             0x00001ffb   Thumb Code   226  ddiv.o(.text)
    __aeabi_d2ulz                            0x000020dd   Thumb Code    48  dfixul.o(.text)
    __aeabi_cdrcmple                         0x0000210d   Thumb Code    40  cdrcmple.o(.text)
    __scatterload                            0x00002135   Thumb Code    28  init.o(.text)
    __scatterload_rt2                        0x00002135   Thumb Code     0  init.o(.text)
    __aeabi_llsl                             0x00002159   Thumb Code    30  llshl.o(.text)
    _ll_shift_l                              0x00002159   Thumb Code     0  llshl.o(.text)
    __aeabi_llsr                             0x00002177   Thumb Code    32  llushr.o(.text)
    _ll_ushift_r                             0x00002177   Thumb Code     0  llushr.o(.text)
    __aeabi_lasr                             0x00002197   Thumb Code    36  llsshr.o(.text)
    _ll_sshift_r                             0x00002197   Thumb Code     0  llsshr.o(.text)
    isspace                                  0x000021bb   Thumb Code    18  isspace_o.o(.text)
    __vfscanf                                0x000021cd   Thumb Code   818  _scanf.o(.text)
    _strtoul                                 0x00002505   Thumb Code   158  _strtoul.o(.text)
    CalcChksum                               0x000025a3   Thumb Code    22  at_lib.o(i.CalcChksum)
    CalcChksumBuf                            0x000025b9   Thumb Code    40  at_lib.o(i.CalcChksumBuf)
    CalcChksumVal                            0x000025e1   Thumb Code    10  at_lib.o(i.CalcChksumVal)
    SwapB                                    0x000025eb   Thumb Code    10  at_lib.o(i.SwapB)
    __0sprintf                               0x000025f5   Thumb Code    34  printfa.o(i.__0sprintf)
    __1sprintf                               0x000025f5   Thumb Code     0  printfa.o(i.__0sprintf)
    __2sprintf                               0x000025f5   Thumb Code     0  printfa.o(i.__0sprintf)
    __c89sprintf                             0x000025f5   Thumb Code     0  printfa.o(i.__0sprintf)
    sprintf                                  0x000025f5   Thumb Code     0  printfa.o(i.__0sprintf)
    __aeabi_errno_addr                       0x0000261d   Thumb Code     4  errno.o(i.__aeabi_errno_addr)
    __rt_errno_addr                          0x0000261d   Thumb Code     0  errno.o(i.__aeabi_errno_addr)
    __scatterload_copy                       0x00002625   Thumb Code    14  handlers.o(i.__scatterload_copy)
    __scatterload_null                       0x00002633   Thumb Code     2  handlers.o(i.__scatterload_null)
    __scatterload_zeroinit                   0x00002635   Thumb Code    14  handlers.o(i.__scatterload_zeroinit)
    alloc_mem                                0x00002f21   Thumb Code   152  at_mem.o(i.alloc_mem)
    arp_cache_add                            0x00002fc5   Thumb Code   176  at_arp.o(i.arp_cache_add)
    arp_cache_find                           0x000030f5   Thumb Code   254  at_arp.o(i.arp_cache_find)
    arp_cache_update                         0x0000320d   Thumb Code   218  at_arp.o(i.arp_cache_update)
    arp_send_req                             0x00003409   Thumb Code   154  at_arp.o(i.arp_send_req)
    b64_to_asc                               0x000034b5   Thumb Code   120  at_lib.o(i.b64_to_asc)
    cgx_content_type                         0x0000352d   Thumb Code     4  at_http.o(i.cgx_content_type)
    dhcp_disable                             0x00003711   Thumb Code    40  at_dhcp.o(i.dhcp_disable)
    eth_chk_adr                              0x00003b29   Thumb Code    10  at_ethernet.o(i.eth_chk_adr)
    eth_send_frame                           0x00003b39   Thumb Code   138  at_ethernet.o(i.eth_send_frame)
    free_mem                                 0x00003bd1   Thumb Code    94  at_mem.o(i.free_mem)
    get_crc                                  0x00003c39   Thumb Code    36  at_lib.o(i.get_crc)
    get_u32                                  0x00003cbb   Thumb Code    22  at_lib.o(i.get_u32)
    http_accept_host                         0x00003ce3   Thumb Code     4  at_http.o(i.http_accept_host)
    http_fclose                              0x000040b1   Thumb Code     2  at_http_uif.o(i.http_fclose)
    http_fgets                               0x000040b3   Thumb Code     4  at_http_uif.o(i.http_fgets)
    http_finfo                               0x00004109   Thumb Code     4  at_http_uif.o(i.http_finfo)
    http_fopen                               0x0000410d   Thumb Code     4  at_http_uif.o(i.http_fopen)
    http_fread                               0x00004111   Thumb Code     4  at_http_uif.o(i.http_fread)
    http_get_lang                            0x00004115   Thumb Code    18  at_http.o(i.http_get_lang)
    http_get_var                             0x00004131   Thumb Code   104  at_http.o(i.http_get_var)
    init_TcpNet                              0x000049e9   Thumb Code    40  at_system.o(i.init_TcpNet)
    init_arp                                 0x00004a21   Thumb Code    30  at_arp.o(i.init_arp)
    init_dhcp                                0x00004a49   Thumb Code    84  at_dhcp.o(i.init_dhcp)
    init_eth_link                            0x00004aad   Thumb Code    30  at_ethernet.o(i.init_eth_link)
    init_http                                0x00004ad1   Thumb Code    76  at_http.o(i.init_http)
    init_mem                                 0x00004b31   Thumb Code    24  at_mem.o(i.init_mem)
    init_nbns                                0x00004b55   Thumb Code    32  at_nbns.o(i.init_nbns)
    init_tcp                                 0x00004b7d   Thumb Code    16  at_tcp.o(i.init_tcp)
    init_udp                                 0x00004b95   Thumb Code    18  at_udp.o(i.init_udp)
    ip_chk_frame                             0x00004bb1   Thumb Code   186  at_ip.o(i.ip_chk_frame)
    ip_get_locadr                            0x00004c81   Thumb Code   140  at_ip.o(i.ip_get_locadr)
    ip_send_frame                            0x00004d19   Thumb Code   140  at_ip.o(i.ip_send_frame)
    is_subnet                                0x00004da9   Thumb Code    34  at_lib.o(i.is_subnet)
    is_subnet_bcast                          0x00004dcd   Thumb Code    40  at_arp.o(i.is_subnet_bcast)
    main_TcpNet                              0x00004df9   Thumb Code    52  at_system.o(i.main_TcpNet)
    mem_comp                                 0x00004e35   Thumb Code    30  at_lib.o(i.mem_comp)
    mem_copy                                 0x00004e55   Thumb Code    28  at_lib.o(i.mem_copy)
    mem_set                                  0x00004e71   Thumb Code    16  at_lib.o(i.mem_set)
    mem_test                                 0x00004e81   Thumb Code    22  at_lib.o(i.mem_test)
    poll_ethernet                            0x00004fb1   Thumb Code     2  at_ethernet.o(i.poll_ethernet)
    process_arp                              0x000050fd   Thumb Code   142  at_arp.o(i.process_arp)
    process_hl_igmp                          0x00005195   Thumb Code     2  at_ethernet.o(i.process_hl_igmp)
    process_icmp                             0x00005197   Thumb Code   116  at_icmp.o(i.process_icmp)
    process_tcp                              0x0000520d   Thumb Code  1132  at_tcp.o(i.process_tcp)
    process_udp                              0x00005679   Thumb Code   186  at_udp.o(i.process_udp)
    put_in_queue                             0x0000573d   Thumb Code    36  at_ethernet.o(i.put_in_queue)
    resize_mem                               0x00005809   Thumb Code    48  at_mem.o(i.resize_mem)
    run_dhcp_client                          0x0000583d   Thumb Code   272  at_dhcp.o(i.run_dhcp_client)
    run_eth_link                             0x00005959   Thumb Code   162  at_ethernet.o(i.run_eth_link)
    run_http_server                          0x00005a09   Thumb Code   742  at_http.o(i.run_http_server)
    set_u32                                  0x00005d4d   Thumb Code    16  at_lib.o(i.set_u32)
    str_copy                                 0x00005d5d   Thumb Code    22  at_lib.o(i.str_copy)
    str_crc                                  0x00005d73   Thumb Code    26  at_lib.o(i.str_crc)
    str_scomp                                0x00005d8d   Thumb Code    26  at_lib.o(i.str_scomp)
    str_up_case                              0x00005da7   Thumb Code    26  at_lib.o(i.str_up_case)
    tcp_abort                                0x00005dc1   Thumb Code    78  at_tcp.o(i.tcp_abort)
    tcp_close                                0x00005e19   Thumb Code   122  at_tcp.o(i.tcp_close)
    tcp_get_buf                              0x00005e9d   Thumb Code    16  at_tcp.o(i.tcp_get_buf)
    tcp_get_socket                           0x00005ead   Thumb Code    62  at_tcp.o(i.tcp_get_socket)
    tcp_get_state                            0x00005ef5   Thumb Code    34  at_tcp.o(i.tcp_get_state)
    tcp_listen                               0x00005f35   Thumb Code   114  at_tcp.o(i.tcp_listen)
    tcp_max_dsize                            0x00006051   Thumb Code    32  at_tcp.o(i.tcp_max_dsize)
    tcp_poll_sockets                         0x00006075   Thumb Code   472  at_tcp.o(i.tcp_poll_sockets)
    tcp_send                                 0x000062d9   Thumb Code   244  at_tcp.o(i.tcp_send)
    timer_tick                               0x000065fd   Thumb Code     8  at_system.o(i.timer_tick)
    udp_close                                0x00006609   Thumb Code    34  at_udp.o(i.udp_close)
    udp_get_buf                              0x00006635   Thumb Code    16  at_udp.o(i.udp_get_buf)
    udp_get_socket                           0x00006645   Thumb Code    62  at_udp.o(i.udp_get_socket)
    udp_open                                 0x0000668d   Thumb Code   112  at_udp.o(i.udp_open)
    udp_release_socket                       0x00006709   Thumb Code    40  at_udp.o(i.udp_release_socket)
    udp_send                                 0x00006739   Thumb Code   260  at_udp.o(i.udp_send)
    FileMD                                   0x00006a84   Data           4  web.o(.constdata)
    FileTab                                  0x0000da84   Data         160  web.o(.constdata)
    nlocalm                                  0x0000db24   Data          60  net_config.o(.constdata)
    netif_cfg                                0x0000db60   Data           1  net_config.o(.constdata)
    MPool_Size                               0x0000db64   Data           4  net_config.o(.constdata)
    tick_rate                                0x0000db68   Data           2  net_config.o(.constdata)
    arp_TabSize                              0x0000db6a   Data           2  net_config.o(.constdata)
    arp_TimeOut                              0x0000db6c   Data           2  net_config.o(.constdata)
    arp_MaxRetry                             0x0000db6e   Data           1  net_config.o(.constdata)
    arp_Resend                               0x0000db6f   Data           1  net_config.o(.constdata)
    dhcp_vcid                                0x0000db70   Data           1  net_config.o(.constdata)
    udp_NumSocks                             0x0000db71   Data           1  net_config.o(.constdata)
    tcp_NumSocks                             0x0000db72   Data           1  net_config.o(.constdata)
    tcp_MaxRetry                             0x0000db73   Data           1  net_config.o(.constdata)
    tcp_RetryTout                            0x0000db74   Data           2  net_config.o(.constdata)
    tcp_2MSSTout                             0x0000db76   Data           2  net_config.o(.constdata)
    tcp_SynRetryTout                         0x0000db78   Data           2  net_config.o(.constdata)
    tcp_InitRetryTout                        0x0000db7a   Data           2  net_config.o(.constdata)
    tcp_DefTout                              0x0000db7c   Data           2  net_config.o(.constdata)
    tcp_ConRetry                             0x0000db7e   Data           1  net_config.o(.constdata)
    http_NumSess                             0x0000db7f   Data           1  net_config.o(.constdata)
    http_EnAuth                              0x0000db80   Data           1  net_config.o(.constdata)
    http_PortNum                             0x0000db82   Data           2  net_config.o(.constdata)
    http_auth_dev                            0x0000db84   Data          20  net_config.o(.constdata)
    http_auth_user                           0x0000db98   Data           6  net_config.o(.constdata)
    Font_6x8_h                               0x0000db9e   Data         896  glcd_spi_lpc1700.o(.constdata)
    Font_16x24_h                             0x0000df1e   Data        5376  glcd_spi_lpc1700.o(.constdata)
    MAC_Broadcast                            0x0000f4f0   Data           6  at_ethernet.o(.constdata)
    IP_Broadcast                             0x0000f4f6   Data           4  at_ip.o(.constdata)
    http_err_401                             0x0000f4fa   Data          94  http_err.o(.constdata)
    http_err_404                             0x0000f558   Data          91  http_err.o(.constdata)
    http_err_501                             0x0000f5b3   Data          83  http_err.o(.constdata)
    http_err_head                            0x0000f606   Data          59  http_err.o(.constdata)
    http_err_foot                            0x0000f641   Data         137  http_err.o(.constdata)
    __ctype_table                            0x0000f6ca   Data         129  ctype_o.o(.constdata)
    Region$$Table$$Base                      0x0000f750   Number         0  anon$$obj.o(Region$$Table)
    Region$$Table$$Limit                     0x0000f780   Number         0  anon$$obj.o(Region$$Table)
    LEDrun                                   0x10000004   Data           4  http_demo.o(.data)
    LCDupdate                                0x10000008   Data           4  http_demo.o(.data)
    tick                                     0x1000000c   Data           4  http_demo.o(.data)
    dhcp_tout                                0x10000010   Data           4  http_demo.o(.data)
    lcd_text                                 0x10000014   Data          34  http_demo.o(.data)
    lhost_name                               0x10000040   Data          16  net_config.o(.data)
    own_hw_adr                               0x10000050   Data           6  net_config.o(.data)
    SystemFrequency                          0x1000005c   Data           4  system_lpc17xx.o(.data)
    sys_tick                                 0x10000084   Data           1  at_system.o(.data)
    sec_tick                                 0x10000085   Data           1  at_system.o(.data)
    timer_cnt                                0x10000088   Data           2  at_system.o(.data)
    http_auth_passw                          0x10000098   Data          20  net_config.o(.bss)
    Mem_Pool                                 0x100000ac   Data        8192  net_config.o(.bss)
    arp_table                                0x100020ac   Data         140  net_config.o(.bss)
    udp_socket                               0x10002138   Data          24  net_config.o(.bss)
    tcp_socket                               0x10002150   Data         352  net_config.o(.bss)
    http_session                             0x100022b0   Data         288  net_config.o(.bss)
    localm                                   0x1000246c   Data          60  at_system.o(.bss)
    __initial_sp                             0x100028a8   Data           0  startup_lpc17xx.o(STACK)
    iap_entry                                0x2007c000   Data           4  emac_lpc17xx.o(.data)



==============================================================================

Memory Map of the image

  Image Entry point : 0x000000cd

  Load Region LR_IROM1 (Base: 0x00000000, Size: 0x0000f81c, Max: 0x00080000, ABSOLUTE)

    Execution Region ER_IROM1 (Base: 0x00000000, Size: 0x0000f780, Max: 0x00080000, ABSOLUTE)

    Base Addr    Size         Type   Attr      Idx    E Section Name        Object

    0x00000000   0x000000cc   Data   RO          135    RESET               startup_lpc17xx.o
    0x000000cc   0x00000000   Code   RO          511  * .ARM.Collect$$$$00000000  mc_w.l(entry.o)
    0x000000cc   0x00000004   Code   RO          793    .ARM.Collect$$$$00000001  mc_w.l(entry2.o)
    0x000000d0   0x00000004   Code   RO          796    .ARM.Collect$$$$00000004  mc_w.l(entry5.o)
    0x000000d4   0x00000008   Code   RO          797    .ARM.Collect$$$$00000007  mc_w.l(entry7.o)
    0x000000dc   0x00000004   Code   RO          794    .ARM.Collect$$$$00002712  mc_w.l(entry2.o)
    0x000000e0   0x0000004c   Code   RO           85    .text               net_config.o
    0x0000012c   0x0000001c   Code   RO          137    .text               startup_lpc17xx.o
    0x00000148   0x0000015c   Code   RO          196    .text               system_lpc17xx.o
    0x000002a4   0x00000010   Code   RO          514    .text               mc_w.l(strlen.o)
    0x000002b4   0x0000001c   Code   RO          516    .text               mc_w.l(strcmp.o)
    0x000002d0   0x0000001a   Code   RO          783    .text               mc_w.l(atoi.o)
    0x000002ea   0x0000000a   Code   RO          789    .text               mf_w.l(ffltui.o)
    0x000002f4   0x00000000   Code   RO          818    .text               mc_w.l(iusefp.o)
    0x000002f4   0x00000008   Code   RO          841    .text               mc_w.l(ctype_o.o)
    0x000002fc   0x00000004   Code   RO          136    .ARM.__at_0x02FC    startup_lpc17xx.o
    0x00000300   0x0000033c   Code   RO            1    .text               http_demo.o
    0x0000063c   0x00000774   Code   RO           45    .text               http_cgi.o
    0x00000db0   0x0000045c   Code   RO          144    .text               emac_lpc17xx.o
    0x0000120c   0x0000071c   Code   RO          167    .text               glcd_spi_lpc1700.o
    0x00001928   0x00000038   Code   RO          779    .text               mc_w.l(__0sscanf.o)
    0x00001960   0x0000014e   Code   RO          781    .text               mc_w.l(_scanf_int.o)
    0x00001aae   0x000000e2   Code   RO          785    .text               mf_w.l(dmul.o)
    0x00001b90   0x0000002e   Code   RO          787    .text               mf_w.l(dscalb.o)
    0x00001bbe   0x0000002c   Code   RO          791    .text               mf_w.l(f2d.o)
    0x00001bea   0x0000002c   Code   RO          799    .text               mc_w.l(uidiv.o)
    0x00001c16   0x00000064   Code   RO          801    .text               mc_w.l(uldiv.o)
    0x00001c7a   0x00000020   Code   RO          810    .text               mc_w.l(_chval.o)
    0x00001c9a   0x00000002   PAD
    0x00001c9c   0x0000002c   Code   RO          812    .text               mc_w.l(scanf_char.o)
    0x00001cc8   0x00000040   Code   RO          814    .text               mc_w.l(_sgetc.o)
    0x00001d08   0x00000070   Code   RO          816    .text               mc_w.l(strtol.o)
    0x00001d78   0x0000006c   Code   RO          819    .text               mf_w.l(fepilogue.o)
    0x00001de4   0x000000c6   Code   RO          821    .text               mf_w.l(depilogue.o)
    0x00001eaa   0x00000150   Code   RO          823    .text               mf_w.l(dadd.o)
    0x00001ffa   0x000000e2   Code   RO          825    .text               mf_w.l(ddiv.o)
    0x000020dc   0x00000030   Code   RO          827    .text               mf_w.l(dfixul.o)
    0x0000210c   0x00000028   Code   RO          829    .text               mf_w.l(cdrcmple.o)
    0x00002134   0x00000024   Code   RO          831    .text               mc_w.l(init.o)
    0x00002158   0x0000001e   Code   RO          833    .text               mc_w.l(llshl.o)
    0x00002176   0x00000020   Code   RO          835    .text               mc_w.l(llushr.o)
    0x00002196   0x00000024   Code   RO          837    .text               mc_w.l(llsshr.o)
    0x000021ba   0x00000012   Code   RO          863    .text               mc_w.l(isspace_o.o)
    0x000021cc   0x00000338   Code   RO          869    .text               mc_w.l(_scanf.o)
    0x00002504   0x0000009e   Code   RO          871    .text               mc_w.l(_strtoul.o)
    0x000025a2   0x00000016   Code   RO          392    i.CalcChksum        TCP_CM3.lib(at_lib.o)
    0x000025b8   0x00000028   Code   RO          393    i.CalcChksumBuf     TCP_CM3.lib(at_lib.o)
    0x000025e0   0x0000000a   Code   RO          394    i.CalcChksumVal     TCP_CM3.lib(at_lib.o)
    0x000025ea   0x0000000a   Code   RO          395    i.SwapB             TCP_CM3.lib(at_lib.o)
    0x000025f4   0x00000028   Code   RO          753    i.__0sprintf        mc_w.l(printfa.o)
    0x0000261c   0x00000008   Code   RO          803    i.__aeabi_errno_addr  mc_w.l(errno.o)
    0x00002624   0x0000000e   Code   RO          878    i.__scatterload_copy  mc_w.l(handlers.o)
    0x00002632   0x00000002   Code   RO          879    i.__scatterload_null  mc_w.l(handlers.o)
    0x00002634   0x0000000e   Code   RO          880    i.__scatterload_zeroinit  mc_w.l(handlers.o)
    0x00002642   0x00000002   PAD
    0x00002644   0x00000154   Code   RO          758    i._fp_digits        mc_w.l(printfa.o)
    0x00002798   0x00000728   Code   RO          759    i._printf_core      mc_w.l(printfa.o)
    0x00002ec0   0x00000026   Code   RO          760    i._printf_post_padding  mc_w.l(printfa.o)
    0x00002ee6   0x0000002e   Code   RO          761    i._printf_pre_padding  mc_w.l(printfa.o)
    0x00002f14   0x0000000a   Code   RO          763    i._sputc            mc_w.l(printfa.o)
    0x00002f1e   0x00000002   PAD
    0x00002f20   0x000000a4   Code   RO          440    i.alloc_mem         TCP_CM3.lib(at_mem.o)
    0x00002fc4   0x000000c4   Code   RO          459    i.arp_cache_add     TCP_CM3.lib(at_arp.o)
    0x00003088   0x0000006c   Code   RO          460    i.arp_cache_alloc   TCP_CM3.lib(at_arp.o)
    0x000030f4   0x00000118   Code   RO          461    i.arp_cache_find    TCP_CM3.lib(at_arp.o)
    0x0000320c   0x000000f8   Code   RO          463    i.arp_cache_update  TCP_CM3.lib(at_arp.o)
    0x00003304   0x00000068   Code   RO          465    i.arp_get_response  TCP_CM3.lib(at_arp.o)
    0x0000336c   0x0000009c   Code   RO          466    i.arp_send_reply    TCP_CM3.lib(at_arp.o)
    0x00003408   0x000000ac   Code   RO          467    i.arp_send_req      TCP_CM3.lib(at_arp.o)
    0x000034b4   0x00000078   Code   RO          397    i.b64_to_asc        TCP_CM3.lib(at_lib.o)
    0x0000352c   0x00000004   Code   RO          288    i.cgx_content_type  TCP_CM3.lib(at_http.o)
    0x00003530   0x000001b8   Code   RO          289    i.chk_post_rq       TCP_CM3.lib(at_http.o)
    0x000036e8   0x00000028   Code   RO          290    i.cmp_header        TCP_CM3.lib(at_http.o)
    0x00003710   0x00000030   Code   RO          356    i.dhcp_disable      TCP_CM3.lib(at_dhcp.o)
    0x00003740   0x000001fc   Code   RO          357    i.dhcp_listener     TCP_CM3.lib(at_dhcp.o)
    0x0000393c   0x000001ec   Code   RO          358    i.dhcp_send_message  TCP_CM3.lib(at_dhcp.o)
    0x00003b28   0x00000010   Code   RO          373    i.eth_chk_adr       TCP_CM3.lib(at_ethernet.o)
    0x00003b38   0x00000098   Code   RO          375    i.eth_send_frame    TCP_CM3.lib(at_ethernet.o)
    0x00003bd0   0x00000068   Code   RO          441    i.free_mem          TCP_CM3.lib(at_mem.o)
    0x00003c38   0x00000028   Code   RO          400    i.get_crc           TCP_CM3.lib(at_lib.o)
    0x00003c60   0x00000028   Code   RO          291    i.get_next_field    TCP_CM3.lib(at_http.o)
    0x00003c88   0x00000032   Code   RO          292    i.get_next_par      TCP_CM3.lib(at_http.o)
    0x00003cba   0x00000016   Code   RO          402    i.get_u32           TCP_CM3.lib(at_lib.o)
    0x00003cd0   0x00000012   Code   RO          293    i.hex2byte          TCP_CM3.lib(at_http.o)
    0x00003ce2   0x00000004   Code   RO          294    i.http_accept_host  TCP_CM3.lib(at_http.o)
    0x00003ce6   0x00000002   PAD
    0x00003ce8   0x0000020c   Code   RO          295    i.http_add_header   TCP_CM3.lib(at_http.o)
    0x00003ef4   0x000001bc   Code   RO          297    i.http_error_msg    TCP_CM3.lib(at_http.o)
    0x000040b0   0x00000002   Code   RO          501    i.http_fclose       TCP_CM3.lib(at_http_uif.o)
    0x000040b2   0x00000004   Code   RO          502    i.http_fgets        TCP_CM3.lib(at_http_uif.o)
    0x000040b6   0x00000002   PAD
    0x000040b8   0x00000050   Code   RO          298    i.http_file_type    TCP_CM3.lib(at_http.o)
    0x00004108   0x00000004   Code   RO          503    i.http_finfo        TCP_CM3.lib(at_http_uif.o)
    0x0000410c   0x00000004   Code   RO          504    i.http_fopen        TCP_CM3.lib(at_http_uif.o)
    0x00004110   0x00000004   Code   RO          505    i.http_fread        TCP_CM3.lib(at_http_uif.o)
    0x00004114   0x0000001c   Code   RO          301    i.http_get_lang     TCP_CM3.lib(at_http.o)
    0x00004130   0x0000006c   Code   RO          303    i.http_get_var      TCP_CM3.lib(at_http.o)
    0x0000419c   0x0000005e   Code   RO          304    i.http_kill_session  TCP_CM3.lib(at_http.o)
    0x000041fa   0x00000002   PAD
    0x000041fc   0x00000254   Code   RO          305    i.http_listener     TCP_CM3.lib(at_http.o)
    0x00004450   0x00000138   Code   RO          306    i.http_open_file    TCP_CM3.lib(at_http.o)
    0x00004588   0x00000138   Code   RO          307    i.http_proc_header  TCP_CM3.lib(at_http.o)
    0x000046c0   0x00000158   Code   RO          308    i.http_proc_multipart  TCP_CM3.lib(at_http.o)
    0x00004818   0x000000f0   Code   RO          309    i.http_proc_post    TCP_CM3.lib(at_http.o)
    0x00004908   0x0000001a   Code   RO          310    i.http_strchr       TCP_CM3.lib(at_http.o)
    0x00004922   0x0000001e   Code   RO          311    i.http_strcpy       TCP_CM3.lib(at_http.o)
    0x00004940   0x000000a8   Code   RO          312    i.http_to_utc       TCP_CM3.lib(at_http.o)
    0x000049e8   0x00000038   Code   RO          450    i.init_TcpNet       TCP_CM3.lib(at_system.o)
    0x00004a20   0x00000028   Code   RO          468    i.init_arp          TCP_CM3.lib(at_arp.o)
    0x00004a48   0x00000064   Code   RO          359    i.init_dhcp         TCP_CM3.lib(at_dhcp.o)
    0x00004aac   0x00000024   Code   RO          376    i.init_eth_link     TCP_CM3.lib(at_ethernet.o)
    0x00004ad0   0x00000060   Code   RO          313    i.init_http         TCP_CM3.lib(at_http.o)
    0x00004b30   0x00000024   Code   RO          442    i.init_mem          TCP_CM3.lib(at_mem.o)
    0x00004b54   0x00000028   Code   RO          350    i.init_nbns         TCP_CM3.lib(at_nbns.o)
    0x00004b7c   0x00000018   Code   RO          214    i.init_tcp          TCP_CM3.lib(at_tcp.o)
    0x00004b94   0x0000001c   Code   RO          269    i.init_udp          TCP_CM3.lib(at_udp.o)
    0x00004bb0   0x000000c4   Code   RO          484    i.ip_chk_frame      TCP_CM3.lib(at_ip.o)
    0x00004c74   0x0000000a   Code   RO          485    i.ip_get_chksum     TCP_CM3.lib(at_ip.o)
    0x00004c7e   0x00000002   PAD
    0x00004c80   0x00000098   Code   RO          486    i.ip_get_locadr     TCP_CM3.lib(at_ip.o)
    0x00004d18   0x00000090   Code   RO          487    i.ip_send_frame     TCP_CM3.lib(at_ip.o)
    0x00004da8   0x00000022   Code   RO          403    i.is_subnet         TCP_CM3.lib(at_lib.o)
    0x00004dca   0x00000002   PAD
    0x00004dcc   0x0000002c   Code   RO          469    i.is_subnet_bcast   TCP_CM3.lib(at_arp.o)
    0x00004df8   0x0000003c   Code   RO          451    i.main_TcpNet       TCP_CM3.lib(at_system.o)
    0x00004e34   0x0000001e   Code   RO          404    i.mem_comp          TCP_CM3.lib(at_lib.o)
    0x00004e52   0x00000002   PAD
    0x00004e54   0x0000001c   Code   RO          405    i.mem_copy          TCP_CM3.lib(at_lib.o)
    0x00004e70   0x00000010   Code   RO          407    i.mem_set           TCP_CM3.lib(at_lib.o)
    0x00004e80   0x00000016   Code   RO          408    i.mem_test          TCP_CM3.lib(at_lib.o)
    0x00004e96   0x00000002   PAD
    0x00004e98   0x00000118   Code   RO          351    i.nbns_listener     TCP_CM3.lib(at_nbns.o)
    0x00004fb0   0x00000002   Code   RO          377    i.poll_ethernet     TCP_CM3.lib(at_ethernet.o)
    0x00004fb2   0x00000002   PAD
    0x00004fb4   0x00000068   Code   RO          360    i.proc_opt_renew    TCP_CM3.lib(at_dhcp.o)
    0x0000501c   0x000000ac   Code   RO          361    i.proc_opt_req      TCP_CM3.lib(at_dhcp.o)
    0x000050c8   0x00000034   Code   RO          362    i.proc_opt_sel      TCP_CM3.lib(at_dhcp.o)
    0x000050fc   0x00000098   Code   RO          470    i.process_arp       TCP_CM3.lib(at_arp.o)
    0x00005194   0x00000002   Code   RO          378    i.process_hl_igmp   TCP_CM3.lib(at_ethernet.o)
    0x00005196   0x00000074   Code   RO          494    i.process_icmp      TCP_CM3.lib(at_icmp.o)
    0x0000520a   0x00000002   PAD
    0x0000520c   0x0000046c   Code   RO          215    i.process_tcp       TCP_CM3.lib(at_tcp.o)
    0x00005678   0x000000c4   Code   RO          270    i.process_udp       TCP_CM3.lib(at_udp.o)
    0x0000573c   0x0000002c   Code   RO          379    i.put_in_queue      TCP_CM3.lib(at_ethernet.o)
    0x00005768   0x0000009e   Code   RO          314    i.read_script_line  TCP_CM3.lib(at_http.o)
    0x00005806   0x00000002   PAD
    0x00005808   0x00000034   Code   RO          443    i.resize_mem        TCP_CM3.lib(at_mem.o)
    0x0000583c   0x0000011c   Code   RO          363    i.run_dhcp_client   TCP_CM3.lib(at_dhcp.o)
    0x00005958   0x000000b0   Code   RO          380    i.run_eth_link      TCP_CM3.lib(at_ethernet.o)
    0x00005a08   0x000002f8   Code   RO          315    i.run_http_server   TCP_CM3.lib(at_http.o)
    0x00005d00   0x0000004c   Code   RO          316    i.search_delim      TCP_CM3.lib(at_http.o)
    0x00005d4c   0x00000010   Code   RO          409    i.set_u32           TCP_CM3.lib(at_lib.o)
    0x00005d5c   0x00000016   Code   RO          410    i.str_copy          TCP_CM3.lib(at_lib.o)
    0x00005d72   0x0000001a   Code   RO          411    i.str_crc           TCP_CM3.lib(at_lib.o)
    0x00005d8c   0x0000001a   Code   RO          413    i.str_scomp         TCP_CM3.lib(at_lib.o)
    0x00005da6   0x0000001a   Code   RO          415    i.str_up_case       TCP_CM3.lib(at_lib.o)
    0x00005dc0   0x00000058   Code   RO          216    i.tcp_abort         TCP_CM3.lib(at_tcp.o)
    0x00005e18   0x00000084   Code   RO          218    i.tcp_close         TCP_CM3.lib(at_tcp.o)
    0x00005e9c   0x00000010   Code   RO          221    i.tcp_get_buf       TCP_CM3.lib(at_tcp.o)
    0x00005eac   0x00000048   Code   RO          223    i.tcp_get_socket    TCP_CM3.lib(at_tcp.o)
    0x00005ef4   0x0000002c   Code   RO          224    i.tcp_get_state     TCP_CM3.lib(at_tcp.o)
    0x00005f20   0x00000014   Code   RO          225    i.tcp_init_seq      TCP_CM3.lib(at_tcp.o)
    0x00005f34   0x0000007c   Code   RO          226    i.tcp_listen        TCP_CM3.lib(at_tcp.o)
    0x00005fb0   0x000000a0   Code   RO          227    i.tcp_map_socket    TCP_CM3.lib(at_tcp.o)
    0x00006050   0x00000024   Code   RO          228    i.tcp_max_dsize     TCP_CM3.lib(at_tcp.o)
    0x00006074   0x000001f4   Code   RO          229    i.tcp_poll_sockets  TCP_CM3.lib(at_tcp.o)
    0x00006268   0x00000070   Code   RO          230    i.tcp_process_opt   TCP_CM3.lib(at_tcp.o)
    0x000062d8   0x00000104   Code   RO          234    i.tcp_send          TCP_CM3.lib(at_tcp.o)
    0x000063dc   0x00000022   Code   RO          235    i.tcp_send_ctrl     TCP_CM3.lib(at_tcp.o)
    0x000063fe   0x00000002   PAD
    0x00006400   0x000000f4   Code   RO          236    i.tcp_send_frame    TCP_CM3.lib(at_tcp.o)
    0x000064f4   0x00000080   Code   RO          237    i.tcp_send_reset    TCP_CM3.lib(at_tcp.o)
    0x00006574   0x00000012   Code   RO          239    i.tcp_set_retransmit  TCP_CM3.lib(at_tcp.o)
    0x00006586   0x00000002   PAD
    0x00006588   0x00000074   Code   RO          240    i.tcp_transit       TCP_CM3.lib(at_tcp.o)
    0x000065fc   0x0000000c   Code   RO          452    i.timer_tick        TCP_CM3.lib(at_system.o)
    0x00006608   0x0000002c   Code   RO          271    i.udp_close         TCP_CM3.lib(at_udp.o)
    0x00006634   0x00000010   Code   RO          272    i.udp_get_buf       TCP_CM3.lib(at_udp.o)
    0x00006644   0x00000048   Code   RO          273    i.udp_get_socket    TCP_CM3.lib(at_udp.o)
    0x0000668c   0x0000007c   Code   RO          275    i.udp_open          TCP_CM3.lib(at_udp.o)
    0x00006708   0x00000030   Code   RO          276    i.udp_release_socket  TCP_CM3.lib(at_udp.o)
    0x00006738   0x0000010c   Code   RO          277    i.udp_send          TCP_CM3.lib(at_udp.o)
    0x00006844   0x000000e0   Code   RO          317    i.utc_to_http       TCP_CM3.lib(at_http.o)
    0x00006924   0x0000015f   Data   RO           46    .constdata          http_cgi.o
    0x00006a83   0x00000001   PAD
    0x00006a84   0x00000004   Data   RO           74    .constdata          web.o
    0x00006a88   0x00006ffc   Data   RO           75    .constdata          web.o
    0x0000da84   0x000000a0   Data   RO           76    .constdata          web.o
    0x0000db24   0x0000003c   Data   RO           92    .constdata          net_config.o
    0x0000db60   0x00000001   Data   RO           93    .constdata          net_config.o
    0x0000db61   0x00000003   PAD
    0x0000db64   0x00000004   Data   RO           94    .constdata          net_config.o
    0x0000db68   0x00000002   Data   RO           95    .constdata          net_config.o
    0x0000db6a   0x00000002   Data   RO           96    .constdata          net_config.o
    0x0000db6c   0x00000002   Data   RO           97    .constdata          net_config.o
    0x0000db6e   0x00000001   Data   RO           98    .constdata          net_config.o
    0x0000db6f   0x00000001   Data   RO           99    .constdata          net_config.o
    0x0000db70   0x00000001   Data   RO          100    .constdata          net_config.o
    0x0000db71   0x00000001   Data   RO          101    .constdata          net_config.o
    0x0000db72   0x00000001   Data   RO          102    .constdata          net_config.o
    0x0000db73   0x00000001   Data   RO          103    .constdata          net_config.o
    0x0000db74   0x00000002   Data   RO          104    .constdata          net_config.o
    0x0000db76   0x00000002   Data   RO          105    .constdata          net_config.o
    0x0000db78   0x00000002   Data   RO          106    .constdata          net_config.o
    0x0000db7a   0x00000002   Data   RO          107    .constdata          net_config.o
    0x0000db7c   0x00000002   Data   RO          108    .constdata          net_config.o
    0x0000db7e   0x00000001   Data   RO          109    .constdata          net_config.o
    0x0000db7f   0x00000001   Data   RO          110    .constdata          net_config.o
    0x0000db80   0x00000001   Data   RO          111    .constdata          net_config.o
    0x0000db81   0x00000001   PAD
    0x0000db82   0x00000002   Data   RO          112    .constdata          net_config.o
    0x0000db84   0x00000014   Data   RO          113    .constdata          net_config.o
    0x0000db98   0x00000006   Data   RO          114    .constdata          net_config.o
    0x0000db9e   0x00001880   Data   RO          168    .constdata          glcd_spi_lpc1700.o
    0x0000f41e   0x000000ca   Data   RO          318    .constdata          TCP_CM3.lib(at_http.o)
    0x0000f4e8   0x00000008   Data   RO          352    .constdata          TCP_CM3.lib(at_nbns.o)
    0x0000f4f0   0x00000006   Data   RO          382    .constdata          TCP_CM3.lib(at_ethernet.o)
    0x0000f4f6   0x00000004   Data   RO          488    .constdata          TCP_CM3.lib(at_ip.o)
    0x0000f4fa   0x0000005e   Data   RO          496    .constdata          TCP_CM3.lib(http_err.o)
    0x0000f558   0x0000005b   Data   RO          497    .constdata          TCP_CM3.lib(http_err.o)
    0x0000f5b3   0x00000053   Data   RO          498    .constdata          TCP_CM3.lib(http_err.o)
    0x0000f606   0x0000003b   Data   RO          499    .constdata          TCP_CM3.lib(http_err.o)
    0x0000f641   0x00000089   Data   RO          500    .constdata          TCP_CM3.lib(http_err.o)
    0x0000f6ca   0x00000081   Data   RO          842    .constdata          mc_w.l(ctype_o.o)
    0x0000f74b   0x00000001   PAD
    0x0000f74c   0x00000004   Data   RO          843    .constdata          mc_w.l(ctype_o.o)
    0x0000f750   0x00000030   Data   RO          876    Region$$Table       anon$$obj.o


    Execution Region RW_IRAM1 (Base: 0x10000000, Size: 0x000028a8, Max: 0x00008000, ABSOLUTE)

    Base Addr    Size         Type   Attr      Idx    E Section Name        Object

    0x10000000   0x00000036   Data   RW            2    .data               http_demo.o
    0x10000036   0x00000002   PAD
    0x10000038   0x00000008   Data   RW           47    .data               http_cgi.o
    0x10000040   0x00000010   Data   RW          115    .data               net_config.o
    0x10000050   0x00000006   Data   RW          116    .data               net_config.o
    0x10000056   0x00000006   Data   RW          169    .data               glcd_spi_lpc1700.o
    0x1000005c   0x00000004   Data   RW          197    .data               system_lpc17xx.o
    0x10000060   0x00000004   Data   RW          241    .data               TCP_CM3.lib(at_tcp.o)
    0x10000064   0x00000002   Data   RW          278    .data               TCP_CM3.lib(at_udp.o)
    0x10000066   0x00000002   PAD
    0x10000068   0x0000000c   Data   RW          319    .data               TCP_CM3.lib(at_http.o)
    0x10000074   0x00000001   Data   RW          353    .data               TCP_CM3.lib(at_nbns.o)
    0x10000075   0x00000003   PAD
    0x10000078   0x00000008   Data   RW          383    .data               TCP_CM3.lib(at_ethernet.o)
    0x10000080   0x00000004   Data   RW          444    .data               TCP_CM3.lib(at_mem.o)
    0x10000084   0x00000008   Data   RW          454    .data               TCP_CM3.lib(at_system.o)
    0x1000008c   0x00000002   Data   RW          471    .data               TCP_CM3.lib(at_arp.o)
    0x1000008e   0x00000004   Data   RW          489    .data               TCP_CM3.lib(at_ip.o)
    0x10000092   0x00000002   PAD
    0x10000094   0x00000004   Data   RW          806    .data               mc_w.l(errno.o)
    0x10000098   0x00000014   Zero   RW           86    .bss                net_config.o
    0x100000ac   0x00002000   Zero   RW           87    .bss                net_config.o
    0x100020ac   0x0000008c   Zero   RW           88    .bss                net_config.o
    0x10002138   0x00000018   Zero   RW           89    .bss                net_config.o
    0x10002150   0x00000160   Zero   RW           90    .bss                net_config.o
    0x100022b0   0x00000120   Zero   RW           91    .bss                net_config.o
    0x100023d0   0x0000001c   Zero   RW          364    .bss                TCP_CM3.lib(at_dhcp.o)
    0x100023ec   0x00000080   Zero   RW          381    .bss                TCP_CM3.lib(at_ethernet.o)
    0x1000246c   0x0000003c   Zero   RW          453    .bss                TCP_CM3.lib(at_system.o)
    0x100024a8   0x00000400   Zero   RW          133    STACK               startup_lpc17xx.o


    Execution Region RW_IRAM2 (Base: 0x2007c000, Size: 0x00002a74, Max: 0x00008000, ABSOLUTE, UNINIT)

    Base Addr    Size         Type   Attr      Idx    E Section Name        Object

    0x2007c000   0x00000004   Data   RW          146    .data               emac_lpc17xx.o
    0x2007c004   0x00000004   PAD
    0x2007c008   0x00002a6c   Zero   RW          145    .bss                emac_lpc17xx.o


==============================================================================

Image component sizes


      Code (inc. data)   RO Data    RW Data    ZI Data      Debug   Object Name

      1116         58          0          4      10860      14659   emac_lpc17xx.o
      1820         44       6272          6          0       8302   glcd_spi_lpc1700.o
      1908        430        351          8          0      11667   http_cgi.o
       828        154          0         54          0      33522   http_demo.o
        76          0        118         22       9016       3123   net_config.o
        32          8        204          0       1024        848   startup_lpc17xx.o
       348         34          0          4          0        715   system_lpc17xx.o
         0          0      28832          0          0        409   web.o

    ----------------------------------------------------------------------
      6128        728      35830        100      20904      73245   Object Totals
         0          0         48          0          0          0   (incl. Generated)
         0          0          5          2          4          3   (incl. Padding)

    ----------------------------------------------------------------------

      Code (inc. data)   RO Data    RW Data    ZI Data      Debug   Library Member Name

      1500        156          0          2          0        892   at_arp.o
      1760        122          0          0         28        700   at_dhcp.o
       428         48          6          8        128        544   at_ethernet.o
      5216       1052        202         12          0       2096   at_http.o
        18          0          0          0          0        340   at_http_uif.o
       116          0          0          0          0         88   at_icmp.o
       502         26          4          4          0        332   at_ip.o
       510          4          0          0          0       1224   at_lib.o
       356         38          0          4          0        348   at_mem.o
       320         26          8          1          0        184   at_nbns.o
       128         28          0          8         60        216   at_system.o
      3260        226          0          4          0       1612   at_tcp.o
       796         68          0          2          0        628   at_udp.o
         0          0        464          0          0          0   http_err.o
        56          8          0          0          0         84   __0sscanf.o
        32          0          0          0          0         68   _chval.o
       824          6          0          0          0        100   _scanf.o
       334          0          0          0          0         96   _scanf_int.o
        64          0          0          0          0         84   _sgetc.o
       158          0          0          0          0         92   _strtoul.o
        26          0          0          0          0         80   atoi.o
         8          4        133          0          0         68   ctype_o.o
         0          0          0          0          0          0   entry.o
         8          4          0          0          0          0   entry2.o
         4          0          0          0          0          0   entry5.o
         8          4          0          0          0          0   entry7.o
         8          4          0          4          0         68   errno.o
        30          0          0          0          0          0   handlers.o
        36          8          0          0          0         68   init.o
        18          0          0          0          0         76   isspace_o.o
         0          0          0          0          0          0   iusefp.o
        30          0          0          0          0         68   llshl.o
        36          0          0          0          0         68   llsshr.o
        32          0          0          0          0         68   llushr.o
      2306         84          0          0          0        512   printfa.o
        44         10          0          0          0         84   scanf_char.o
        28          0          0          0          0         76   strcmp.o
        16          0          0          0          0         68   strlen.o
       112          0          0          0          0         88   strtol.o
        44          0          0          0          0         80   uidiv.o
       100          0          0          0          0         92   uldiv.o
        40          0          0          0          0         68   cdrcmple.o
       336          0          0          0          0        148   dadd.o
       226          0          0          0          0        100   ddiv.o
       198          0          0          0          0        184   depilogue.o
        48          0          0          0          0         68   dfixul.o
       226          0          0          0          0         96   dmul.o
        46          0          0          0          0         80   dscalb.o
        44          0          0          0          0         68   f2d.o
       108          0          0          0          0        168   fepilogue.o
        10          0          0          0          0         68   ffltui.o

    ----------------------------------------------------------------------
     20584       1926        818         56        216      12340   Library Totals
        30          0          1          7          0          0   (incl. Padding)

    ----------------------------------------------------------------------

      Code (inc. data)   RO Data    RW Data    ZI Data      Debug   Library Name

     14910       1794        684         45        216       9204   TCP_CM3.lib
      4362        132        133          4          0       2088   mc_w.l
      1282          0          0          0          0       1048   mf_w.l

    ----------------------------------------------------------------------
     20584       1926        818         56        216      12340   Library Totals

    ----------------------------------------------------------------------

==============================================================================


      Code (inc. data)   RO Data    RW Data    ZI Data      Debug   

     26712       2654      36648        156      21120      77268   Grand Totals
     26712       2654      36648        156      21120      77268   ELF Image Totals
     26712       2654      36648        156          0          0   ROM Totals

==============================================================================

    Total RO  Size (Code + RO Data)                63360 (  61.88kB)
    Total RW  Size (RW Data + ZI Data)             21276 (  20.78kB)
    Total ROM Size (Code + RO Data + RW Data)      63516 (  62.03kB)

==============================================================================

