CodeVisionAVR C Compiler V1.24.1d Standard
(C) Copyright 1998-2004 Pavel Haiduc, HP InfoTech s.r.l.
http://www.hpinfotech.ro
e-mail:office@hpinfotech.ro

File: E:\Users\Pal\DEVICES\SNK\SNK7\SNK7\нова€ кудр€ши\snk7mb.c
Global variables memory map:

Variable                          Address   Size
p_ust                               R8,R9      2
plazma                            R10,R11      2
p_ind_cnt                             R12      1
ind                                   R13      1
data_for_ind                         500h     40
main_cnt                             528h      2
out_stat                              R14      1
but_n                                52Ah      1
but_s                                52Bh      1
but                                  52Ch      1
but0_cnt                             52Dh      1
but1_cnt                             52Eh      1
but_onL_temp                         52Fh      1
l_but                                R2.0    1/8
n_but                                R2.1    1/8
but_cnt                              530h      5
b500Hz                               R2.2    1/8
b100Hz                               R2.3    1/8
b10Hz                                R2.4    1/8
b5Hz                                 R2.5    1/8
b2Hz                                 R2.6    1/8
b1Hz                                 R2.7    1/8
t0cnt000_G1                          535h      1
t0cnt0__G1                           536h      1
t0cnt0_G1                            537h      1
t0cnt1_G1                            538h      1
t0cnt2_G1                            539h      1
t0cnt3_G1                            53Ah      1
t0cnt4_G1                            53Bh      1
t0cnt5_G1                            53Ch      1
t0cnt6_G1                            53Dh      1
cob                                  53Eh     20
cib                                  552h     20
data_out                             566h     10
result                               570h      2
result_adr0                          572h      1
result_adr1                          573h      1
adc_cnt0                             574h      1
adc_cnt1                             575h      1
adc_cnt2                             576h      1
adc_cnt3                             577h      1
unet_bank_buff                       578h      6
unet_zero_cnt                        57Eh      3
unet_cnt                             581h      3
unet_bank                            584h    192
unet_bank_                           644h      6
adc_bank                             64Ah    256
adc_bank_                            74Ah     16
av_st_unet_cher                      75Ah      1
unet                                 75Bh      6
bA                                   R3.0    1/8
bB                                   R3.1    1/8
bC                                   R3.2    1/8
cnt_x                                761h      1
cher_cnt                             762h      1
net_fase                             763h      1
but_pult                             764h      1
unet_min_cnt                         765h      3
unet_max_cnt                         768h      3
unet_st                              76Bh      3
t                                    76Eh      4
t_air_st                             772h      1
cool_st                              773h      1
warm_st                              774h      1
t_on_warm_cnt                        775h      1
t_on_cool_cnt                        776h      1
av_temper_st                         777h      1
av_temper_cool_cnt                   778h      1
av_temper_heat_cnt                   779h      1
_sec                                 77Ah      1
_min                                 77Bh      1
_hour                                77Ch      1
_day                                 77Dh      1
_month                               77Eh      1
_year                                77Fh      1
_week_day                            780h      1
popl_st                              781h      4
popl_cnt_p                           785h      4
popl_cnt_m                           789h      4
popl_cnt_av                          78Dh      4
hh_av                                791h      1
level                                792h      1
level_old                            793h      1
p                                    794h      2
height_level_i                       796h      4
Ida                                  79Ah     12
Idc                                  7A6h     12
Id                                   7B2h     12
av_upp                               7BEh      6
av_upp_old                           7C4h      6
cnt_avtHH                            7CAh      4
cnt_avtKZ                            7CEh      4
cnt_avtON                            7D2h      4
cnt_avtOFF                           7D6h      4
cnt_avvHH                            7DAh      4
cnt_avvKZ                            7DEh      4
cnt_avvON                            7E2h      4
cnt_avvOFF                           7E6h      4
cnt_control_blok                     7EAh      2
cnt_control_blok1                    7ECh      2
fp_stat                              7EEh      1
dv_on                                7EFh      6
dv_access                            7F5h      6
fp_poz                               7FBh      2
potenz                               7FDh      1
potenz_off                           7FEh      1
comm_curr                            7FFh      2
num_wrks_new                         801h      1
num_wrks_new_new                     802h      1
num_wrks_old                         803h      1
num_necc                             804h      1
num_necc_old                         805h      1
av_serv                              806h      6
resurs_cnt_                          80Ch     12
resurs_cnt__                         818h     24
dv_res                               830h      6
data_for_ex                          836h     30
comm_av_st                           854h      1
bCONTROL                             R3.3    1/8
fp_step_num                          855h      2
power                                857h      2
fp_power                             859h      2
av_pereliv                           85Bh      1
av_pereliv_cnt                       85Ch      2
av_id_min_cnt                        85Eh      6
av_id_max_cnt                        864h      6
av_id_log_cnt                        86Ah      6
av_id_not_cnt                        870h      6
av_i_dv_min                          876h      6
av_i_dv_max                          87Ch      6
av_i_dv_not                          882h      6
av_i_dv_log                          888h      6
av_i_dv_log_old                      88Eh      6
apv_cnt                              894h      6
apv                                  89Ah      6
cnt_av_i_not_wrk                     8A0h      6
height_level                         8A6h      2
height_level_p                       8A8h      2
skb_cnt                              8AAh      1
level_on                             8ABh      5
level_cnt                            8B0h      5
test_cnt                             8B5h      1
temper_result                        8B6h      2
not_wrk_cnt                          8B8h      2
av_level_sensor_cnt                  8BAh      1
av_ls_stat                           8BBh      1
bLEVEL0                              R3.4    1/8
not_wrk                              8BCh      1
not_wrk_old                          8BDh      1
wrk_cnt                              8BEh      1
time_off                             8BFh      2
plazma_i                             8C1h      6
p1                                   8C7h      1
p2                                   8C8h      1
zero_on                              R3.5    1/8
dig                                  8C9h      5
lcd_buffer                           8CEh     40
plazma_int                           8F6h     16
rel_in_st                            906h      4
rel_in_st_old                        90Ah      4
sub_ind                              90Eh      1
index_set                            90Fh      1
sub_ind1                             910h      1
sub_ind2                             911h      1
retind                               912h      1
retsub                               913h      1
retindsec                            914h      1
retcnt                               915h      2
retcntsec                            917h      2
can_st                               919h      1
can_st1                              91Ah      1
ptr_tx_wr                            91Bh      1
ptr_tx_rd                            91Ch      1
fifo_can_in                          91Dh    130
ptr_rx_wr                            99Fh      1
ptr_rx_rd                            9A0h      1
rx_counter                           9A1h      1
fifo_can_out                         9A2h    130
tx_counter                           A24h      1
rts_delay                            A25h      1
bMCP_DRV                             R3.6    1/8
modbus_buffer                        A26h     20
modbus_cnt                           A3Ah      1
__fp_fmin                            A3Bh      2
__fp_fmax                            A3Dh      2
__fp_fcurr                           A3Fh      2
read_parametr                        A41h      2
tx_buffer0                           A43h     24
tx_wr_index0                         A5Bh      1
tx_rd_index0                         A5Ch      1
tx_counter0                          A5Dh      1
rx_buffer0                           A5Eh     32
rx_wr_index0                         A7Eh      1
rx_rd_index0                         A7Fh      1
rx_counter0                          A80h      1
rx_buffer_overflow0                  R3.7    1/8
cnt_of_not_recieve                   A81h      1
UIB0_CNT                             A82h      1
UIB0                                 A83h     50
bModbus_in                           R4.0    1/8
bMODBUS_FREE                         R4.1    1/8
modbus_out_buffer                    AB5h    200
modbus_in_buffer                     B7Dh     20
modbus_out_len                       B91h     10
modbus_in_len                        B9Bh      1
modbus_out_ptr_rd                    B9Ch      1
modbus_out_ptr_rd_old                B9Dh      1
modbus_out_ptr_wr                    B9Eh      1
cnt_of_end_recieve                   B9Fh      2
cnt_of_end_transmission              BA1h      2
repeat_transmission_cnt              BA3h      1
fp_error_code                        BA4h      2
fr_stat                              BA6h      2
mode                                 BA8h      1
power_cnt                            BA9h      2
hh_av_cnt                            BABh      2
p_old                                BADh      2
pid_cnt                              BAFh      2
e                                    BB1h      6
u                                    BB7h      4
bPOWER                               BBBh      2
p_bank                               BBDh     64
p_bank_cnt                           BFDh      1
bPOTENZ_UP                           R4.2    1/8
bPOTENZ_DOWN                         R4.3    1/8
net_motor_potenz                     BFEh      1
net_motor_wrk                        BFFh      1
mode_ust                             C00h      1
bDVCH                                R4.4    1/8
bPMIN                                R4.5    1/8
p_max_cnt                            C01h      2
p_min_cnt                            C03h      2
av_p_stat                            C05h      1
avp_day_cnt                          C06h      8
CURR_TIME                            C0Eh      2
temp_DVCH                            C10h      1
plazma_plazma                        C11h      2
av_sens_p_stat                       C13h      1
av_sens_p_hndl_cnt                   C14h      1
pid_poz                              C15h      2
av_fp_cnt                            C17h      2
av_fp_stat                           C19h      1
fp_apv                               C1Ah      6
temp_fp                              C20h      1
p_ust_pl                             C21h      2
p_ust_mi                             C23h      2
day_period                           C25h      1
zl_cnt                               C26h      2
adc_cnt_main                         C28h      1
self_min                             C29h      2
self_max                             C2Bh      2
self_cnt                             C2Dh      1
curr_ch_buff                         C2Eh    128
adc_cnt_main1                        CAEh      4
adc_ch_cnt                           CB2h      1
curr_ch_buff_                        CB3h      8
temp_m8                              CBBh     15
bCAN_EX                              R4.6    1/8
reset_fp_cnt                         CCAh      1
off_fp_cnt                           CCBh      2
bSTR_IN                              R4.7    1/8
bSTR_IN_OLD                          R5.0    1/8
bSTR                                 R5.1    1/8
m8_rx_cnt                            CCDh      1
m8_rx_buffer                         CCEh     40
cnt_power_down                       CF6h      1
m8_main_cnt                          CF7h      1
tr_ind_delay_S45                     CF8h      1
tr_ind_cnt_S45                       CF9h      1
avp_sec_cnt_S57                      CFAh      2
tr_ind_cnt_S6C                       CFCh      1
