CodeVisionAVR C Compiler V1.24.1d Standard
(C) Copyright 1998-2004 Pavel Haiduc, HP InfoTech s.r.l.
http://www.hpinfotech.ro
e-mail:office@hpinfotech.ro

File: E:\Users\Pal\Cvproects\SNK7\snk7ex.c
Global variables memory map:

Variable                          Address   Size
t0_cnt0                                R4      1
t0_cnt1                                R5      1
t0_cnt2                                R6      1
t0_cnt3                                R7      1
t0_cnt4                                R8      1
b100Hz                               R2.0    1/8
b10Hz                                R2.1    1/8
b5Hz                                 R2.2    1/8
b2Hz                                 R2.3    1/8
b1Hz                                 R2.4    1/8
b_mcp                                R2.5    1/8
data_out                              E0h     30
plazma                                 R9      1
plazma1                               R10      1
adc_cnt_main                          R11      1
self_max                          R12,R13      2
self_min                              FEh      2
adc_ch                                R14      1
adc_buff_zero_curr_cnt               100h      4
adc_buff_zero_curr                   104h     32
adc_buff_zero_curr_                  124h      8
self_cnt_zero_after                  12Ch      1
self_cnt_not_zero                    12Dh      1
curr_buff                            12Eh      2
curr_ch_buff                         130h    128
curr_ch_buff_                        1B0h      8
adc_cnt_main1                        1B8h      4
self_cnt                             1BCh      1
adc_buff                             1BDh    256
adc_buff_                            2BDh     16
adc_ch_cnt                           2CDh      1
flags                                2CEh      2
cnt_avtHH                            2D0h      2
cnt_avtKZ                            2D2h      2
cnt_avtON                            2D4h      2
cnt_avtOFF                           2D6h      2
cnt_avvHH                            2D8h      2
cnt_avvKZ                            2DAh      2
cnt_avvON                            2DCh      2
cnt_avvOFF                           2DEh      2
av_vl                                2E0h      2
av_temper                            2E2h      2
bon0                                 R2.6    1/8
bon1                                 R2.7    1/8
log_in_cnt                           2E4h      1
upp_cnt                              2E5h      4
serv_cnt                             2E9h      4
av_upp                               2EDh      4
av_serv                              2F1h      4
dv_on                                2F5h      4
dv_on_old                            2F9h      4
dv_stat                              2FDh      4
dv_cnt                               301h      4
plazma_int                           305h      8
main_cnt                             30Dh      2
out_word                             30Fh      1
out_stat                             310h      4
can_st                               314h      1
can_st1                              315h      1
ptr_tx_wr                            316h      1
ptr_tx_rd                            317h      1
fifo_can_in                          318h    130
ptr_rx_wr                            39Ah      1
ptr_rx_rd                            39Bh      1
rx_counter                           39Ch      1
fifo_can_out                         39Dh    130
tx_counter                           41Fh      1
rts_delay                            420h      1
bMCP_DRV                             R3.0    1/8
