ARM Linker, 4.1 [Build 644] [Standard]

==============================================================================

Section Cross References

    ledswitch.o(.text) refers to glcd_spi_lpc1700.o(.text) for GLCD_Init
    ledswitch.o(.text) refers to at_system.o(i.init_TcpNet) for init_TcpNet
    ledswitch.o(.text) refers to at_udp.o(i.udp_get_socket) for udp_get_socket
    ledswitch.o(.text) refers to at_udp.o(i.udp_open) for udp_open
    ledswitch.o(.text) refers to at_tcp.o(i.tcp_get_socket) for tcp_get_socket
    ledswitch.o(.text) refers to at_tcp.o(i.tcp_listen) for tcp_listen
    ledswitch.o(.text) refers to at_system.o(i.timer_tick) for timer_tick
    ledswitch.o(.text) refers to at_system.o(i.main_TcpNet) for main_TcpNet
    ledswitch.o(.text) refers to system_lpc17xx.o(.text) for SystemInit
    ledswitch.o(.text) refers to ledswitch.o(.data) for .data
    ledswitch.o(.text) refers to system_lpc17xx.o(.data) for SystemFrequency
    net_config.o(.text) refers to at_ethernet.o(i.init_eth_link) for init_eth_link
    net_config.o(.text) refers to at_udp.o(i.init_udp) for init_udp
    net_config.o(.text) refers to at_tcp.o(i.init_tcp) for init_tcp
    net_config.o(.text) refers to at_nbns.o(i.init_nbns) for init_nbns
    net_config.o(.text) refers to at_ethernet.o(i.run_eth_link) for run_eth_link
    net_config.o(.text) refers to at_tcp.o(i.tcp_poll_sockets) for tcp_poll_sockets
    net_config.o(.text) refers to at_udp.o(i.process_udp) for process_udp
    net_config.o(.text) refers to at_tcp.o(i.process_tcp) for process_tcp
    net_config.o(.text) refers to at_ethernet.o(i.eth_send_frame) for eth_send_frame
    startup_lpc17xx.o(RESET) refers to startup_lpc17xx.o(STACK) for __initial_sp
    startup_lpc17xx.o(RESET) refers to startup_lpc17xx.o(.text) for Reset_Handler
    startup_lpc17xx.o(RESET) refers to emac_lpc17xx.o(.text) for ENET_IRQHandler
    startup_lpc17xx.o(.text) refers to entry.o(.ARM.Collect$$$$00000000) for __main
    emac_lpc17xx.o(.text) refers to at_mem.o(i.alloc_mem) for alloc_mem
    emac_lpc17xx.o(.text) refers to at_ethernet.o(i.put_in_queue) for put_in_queue
    emac_lpc17xx.o(.text) refers to emac_lpc17xx.o(.data) for .data
    emac_lpc17xx.o(.text) refers to net_config.o(.data) for own_hw_adr
    emac_lpc17xx.o(.text) refers to emac_lpc17xx.o(.bss) for .bss
    glcd_spi_lpc1700.o(.text) refers to glcd_spi_lpc1700.o(.data) for .data
    glcd_spi_lpc1700.o(.text) refers to glcd_spi_lpc1700.o(.constdata) for .constdata
    system_lpc17xx.o(.text) refers to system_lpc17xx.o(.data) for .data
    at_tcp.o(i.init_tcp) refers to at_lib.o(i.mem_set) for mem_set
    at_tcp.o(i.init_tcp) refers to net_config.o(.constdata) for tcp_NumSocks
    at_tcp.o(i.init_tcp) refers to net_config.o(.bss) for tcp_socket
    at_tcp.o(i.process_tcp) refers to at_tcp.o(i.tcp_map_socket) for tcp_map_socket
    at_tcp.o(i.process_tcp) refers to at_lib.o(i.CalcChksumBuf) for CalcChksumBuf
    at_tcp.o(i.process_tcp) refers to at_lib.o(i.CalcChksumVal) for CalcChksumVal
    at_tcp.o(i.process_tcp) refers to at_lib.o(i.get_u32) for get_u32
    at_tcp.o(i.process_tcp) refers to at_tcp.o(i.tcp_set_retransmit) for tcp_set_retransmit
    at_tcp.o(i.process_tcp) refers to at_lib.o(i.mem_copy) for mem_copy
    at_tcp.o(i.process_tcp) refers to at_mem.o(i.resize_mem) for resize_mem
    at_tcp.o(i.process_tcp) refers to at_tcp.o(i.tcp_send_ctrl) for tcp_send_ctrl
    at_tcp.o(i.process_tcp) refers to at_tcp.o(i.tcp_send_reset) for tcp_send_reset
    at_tcp.o(i.process_tcp) refers to at_tcp.o(i.tcp_process_opt) for tcp_process_opt
    at_tcp.o(i.process_tcp) refers to at_tcp.o(i.tcp_init_seq) for tcp_init_seq
    at_tcp.o(i.process_tcp) refers to at_tcp.o(i.tcp_transit) for tcp_transit
    at_tcp.o(i.process_tcp) refers to net_config.o(.text) for sys_error
    at_tcp.o(i.process_tcp) refers to net_config.o(.bss) for tcp_socket
    at_tcp.o(i.tcp_abort) refers to at_tcp.o(i.tcp_transit) for tcp_transit
    at_tcp.o(i.tcp_abort) refers to at_tcp.o(i.tcp_send_ctrl) for tcp_send_ctrl
    at_tcp.o(i.tcp_abort) refers to net_config.o(.constdata) for tcp_NumSocks
    at_tcp.o(i.tcp_abort) refers to net_config.o(.bss) for tcp_socket
    at_tcp.o(i.tcp_check_send) refers to net_config.o(.constdata) for tcp_NumSocks
    at_tcp.o(i.tcp_check_send) refers to net_config.o(.bss) for tcp_socket
    at_tcp.o(i.tcp_close) refers to at_tcp.o(i.tcp_transit) for tcp_transit
    at_tcp.o(i.tcp_close) refers to at_tcp.o(i.tcp_send_ctrl) for tcp_send_ctrl
    at_tcp.o(i.tcp_close) refers to net_config.o(.constdata) for tcp_NumSocks
    at_tcp.o(i.tcp_close) refers to net_config.o(.bss) for tcp_socket
    at_tcp.o(i.tcp_connect) refers to at_tcp.o(i.tcp_get_free_port) for tcp_get_free_port
    at_tcp.o(i.tcp_connect) refers to at_lib.o(i.mem_test) for mem_test
    at_tcp.o(i.tcp_connect) refers to at_lib.o(i.mem_copy) for mem_copy
    at_tcp.o(i.tcp_connect) refers to at_tcp.o(i.tcp_init_seq) for tcp_init_seq
    at_tcp.o(i.tcp_connect) refers to at_tcp.o(i.tcp_send_ctrl) for tcp_send_ctrl
    at_tcp.o(i.tcp_connect) refers to at_tcp.o(i.tcp_transit) for tcp_transit
    at_tcp.o(i.tcp_connect) refers to net_config.o(.constdata) for tcp_NumSocks
    at_tcp.o(i.tcp_connect) refers to net_config.o(.bss) for tcp_socket
    at_tcp.o(i.tcp_get_adr) refers to net_config.o(.bss) for tcp_socket
    at_tcp.o(i.tcp_get_buf) refers to at_mem.o(i.alloc_mem) for alloc_mem
    at_tcp.o(i.tcp_get_free_port) refers to at_tcp.o(.data) for .data
    at_tcp.o(i.tcp_get_free_port) refers to net_config.o(.constdata) for tcp_NumSocks
    at_tcp.o(i.tcp_get_free_port) refers to net_config.o(.bss) for tcp_socket
    at_tcp.o(i.tcp_get_socket) refers to net_config.o(.text) for sys_error
    at_tcp.o(i.tcp_get_socket) refers to net_config.o(.bss) for tcp_socket
    at_tcp.o(i.tcp_get_socket) refers to net_config.o(.constdata) for tcp_NumSocks
    at_tcp.o(i.tcp_get_state) refers to net_config.o(.constdata) for tcp_NumSocks
    at_tcp.o(i.tcp_get_state) refers to net_config.o(.bss) for tcp_socket
    at_tcp.o(i.tcp_init_seq) refers to at_system.o(.data) for timer_cnt
    at_tcp.o(i.tcp_listen) refers to at_lib.o(i.mem_set) for mem_set
    at_tcp.o(i.tcp_listen) refers to net_config.o(.constdata) for tcp_NumSocks
    at_tcp.o(i.tcp_listen) refers to net_config.o(.bss) for tcp_socket
    at_tcp.o(i.tcp_map_socket) refers to at_lib.o(i.SwapB) for SwapB
    at_tcp.o(i.tcp_map_socket) refers to at_lib.o(i.mem_comp) for mem_comp
    at_tcp.o(i.tcp_map_socket) refers to at_lib.o(i.mem_copy) for mem_copy
    at_tcp.o(i.tcp_map_socket) refers to net_config.o(.bss) for tcp_socket
    at_tcp.o(i.tcp_map_socket) refers to net_config.o(.constdata) for tcp_NumSocks
    at_tcp.o(i.tcp_max_dsize) refers to net_config.o(.bss) for tcp_socket
    at_tcp.o(i.tcp_poll_sockets) refers to at_tcp.o(i.tcp_send_ctrl) for tcp_send_ctrl
    at_tcp.o(i.tcp_poll_sockets) refers to at_tcp.o(i.tcp_send_frame) for tcp_send_frame
    at_tcp.o(i.tcp_poll_sockets) refers to at_tcp.o(i.tcp_set_retransmit) for tcp_set_retransmit
    at_tcp.o(i.tcp_poll_sockets) refers to at_tcp.o(i.tcp_transit) for tcp_transit
    at_tcp.o(i.tcp_poll_sockets) refers to at_system.o(.data) for sys_tick
    at_tcp.o(i.tcp_poll_sockets) refers to net_config.o(.constdata) for tcp_NumSocks
    at_tcp.o(i.tcp_poll_sockets) refers to net_config.o(.bss) for tcp_socket
    at_tcp.o(i.tcp_poll_sockets) refers to net_config.o(.constdata) for tcp_RetryTout
    at_tcp.o(i.tcp_poll_sockets) refers to at_tcp.o(.data) for .data
    at_tcp.o(i.tcp_poll_sockets) refers to net_config.o(.constdata) for tcp_SynRetryTout
    at_tcp.o(i.tcp_process_opt) refers to net_config.o(.bss) for tcp_socket
    at_tcp.o(i.tcp_release_socket) refers to at_lib.o(i.mem_set) for mem_set
    at_tcp.o(i.tcp_release_socket) refers to net_config.o(.constdata) for tcp_NumSocks
    at_tcp.o(i.tcp_release_socket) refers to net_config.o(.bss) for tcp_socket
    at_tcp.o(i.tcp_reset_tout) refers to net_config.o(.constdata) for tcp_NumSocks
    at_tcp.o(i.tcp_reset_tout) refers to net_config.o(.bss) for tcp_socket
    at_tcp.o(i.tcp_reset_window) refers to at_tcp.o(i.tcp_send_ctrl) for tcp_send_ctrl
    at_tcp.o(i.tcp_reset_window) refers to net_config.o(.constdata) for tcp_NumSocks
    at_tcp.o(i.tcp_reset_window) refers to net_config.o(.bss) for tcp_socket
    at_tcp.o(i.tcp_send) refers to at_mem.o(i.resize_mem) for resize_mem
    at_tcp.o(i.tcp_send) refers to at_tcp.o(i.tcp_set_retransmit) for tcp_set_retransmit
    at_tcp.o(i.tcp_send) refers to at_mem.o(i.alloc_mem) for alloc_mem
    at_tcp.o(i.tcp_send) refers to at_lib.o(i.mem_copy) for mem_copy
    at_tcp.o(i.tcp_send) refers to at_tcp.o(i.tcp_send_frame) for tcp_send_frame
    at_tcp.o(i.tcp_send) refers to at_mem.o(i.free_mem) for free_mem
    at_tcp.o(i.tcp_send) refers to net_config.o(.constdata) for tcp_NumSocks
    at_tcp.o(i.tcp_send) refers to net_config.o(.bss) for tcp_socket
    at_tcp.o(i.tcp_send) refers to net_config.o(.constdata) for tcp_RetryTout
    at_tcp.o(i.tcp_send) refers to net_config.o(.constdata) for tcp_MaxRetry
    at_tcp.o(i.tcp_send_ctrl) refers to at_mem.o(i.alloc_mem) for alloc_mem
    at_tcp.o(i.tcp_send_ctrl) refers to at_tcp.o(i.tcp_send_frame) for tcp_send_frame
    at_tcp.o(i.tcp_send_ctrl) refers to at_mem.o(i.free_mem) for free_mem
    at_tcp.o(i.tcp_send_frame) refers to at_lib.o(i.SwapB) for SwapB
    at_tcp.o(i.tcp_send_frame) refers to at_lib.o(i.set_u32) for set_u32
    at_tcp.o(i.tcp_send_frame) refers to at_ip.o(i.ip_get_locadr) for ip_get_locadr
    at_tcp.o(i.tcp_send_frame) refers to at_lib.o(i.CalcChksumBuf) for CalcChksumBuf
    at_tcp.o(i.tcp_send_frame) refers to at_lib.o(i.CalcChksumVal) for CalcChksumVal
    at_tcp.o(i.tcp_send_frame) refers to at_ip.o(i.ip_send_frame) for ip_send_frame
    at_tcp.o(i.tcp_send_frame) refers to net_config.o(.constdata) for tcp_NumSocks
    at_tcp.o(i.tcp_send_frame) refers to net_config.o(.bss) for tcp_socket
    at_tcp.o(i.tcp_send_reset) refers to at_lib.o(i.mem_copy) for mem_copy
    at_tcp.o(i.tcp_send_reset) refers to at_lib.o(i.SwapB) for SwapB
    at_tcp.o(i.tcp_send_reset) refers to at_lib.o(i.get_u32) for get_u32
    at_tcp.o(i.tcp_send_reset) refers to at_tcp.o(i.tcp_send_ctrl) for tcp_send_ctrl
    at_tcp.o(i.tcp_send_reset) refers to net_config.o(.constdata) for tcp_NumSocks
    at_tcp.o(i.tcp_send_reset) refers to net_config.o(.bss) for tcp_socket
    at_tcp.o(i.tcp_set_dack) refers to net_config.o(.constdata) for tcp_NumSocks
    at_tcp.o(i.tcp_set_dack) refers to net_config.o(.bss) for tcp_socket
    at_tcp.o(i.tcp_set_retransmit) refers to at_mem.o(i.free_mem) for free_mem
    at_tcp.o(i.tcp_transit) refers to at_tcp.o(i.tcp_set_retransmit) for tcp_set_retransmit
    at_tcp.o(i.tcp_transit) refers to net_config.o(.constdata) for tcp_RetryTout
    at_tcp.o(i.tcp_transit) refers to net_config.o(.constdata) for tcp_2MSSTout
    at_tcp.o(i.tcp_transit) refers to net_config.o(.constdata) for tcp_InitRetryTout
    at_tcp.o(i.tcp_transit) refers to net_config.o(.constdata) for tcp_ConRetry
    at_tcp.o(i.tcp_transit) refers to net_config.o(.constdata) for tcp_MaxRetry
    at_udp.o(i.init_udp) refers to at_lib.o(i.mem_set) for mem_set
    at_udp.o(i.init_udp) refers to net_config.o(.constdata) for udp_NumSocks
    at_udp.o(i.init_udp) refers to net_config.o(.bss) for udp_socket
    at_udp.o(i.process_udp) refers to at_lib.o(i.SwapB) for SwapB
    at_udp.o(i.process_udp) refers to at_lib.o(i.CalcChksumBuf) for CalcChksumBuf
    at_udp.o(i.process_udp) refers to at_lib.o(i.CalcChksumVal) for CalcChksumVal
    at_udp.o(i.process_udp) refers to net_config.o(.bss) for udp_socket
    at_udp.o(i.process_udp) refers to net_config.o(.constdata) for udp_NumSocks
    at_udp.o(i.udp_close) refers to net_config.o(.constdata) for udp_NumSocks
    at_udp.o(i.udp_close) refers to net_config.o(.bss) for udp_socket
    at_udp.o(i.udp_get_buf) refers to at_mem.o(i.alloc_mem) for alloc_mem
    at_udp.o(i.udp_get_socket) refers to net_config.o(.text) for sys_error
    at_udp.o(i.udp_get_socket) refers to net_config.o(.bss) for udp_socket
    at_udp.o(i.udp_get_socket) refers to net_config.o(.constdata) for udp_NumSocks
    at_udp.o(i.udp_mcast_ttl) refers to net_config.o(.constdata) for udp_NumSocks
    at_udp.o(i.udp_mcast_ttl) refers to net_config.o(.bss) for udp_socket
    at_udp.o(i.udp_open) refers to net_config.o(.constdata) for udp_NumSocks
    at_udp.o(i.udp_open) refers to net_config.o(.bss) for udp_socket
    at_udp.o(i.udp_open) refers to at_udp.o(.data) for .data
    at_udp.o(i.udp_release_socket) refers to at_lib.o(i.mem_set) for mem_set
    at_udp.o(i.udp_release_socket) refers to net_config.o(.constdata) for udp_NumSocks
    at_udp.o(i.udp_release_socket) refers to net_config.o(.bss) for udp_socket
    at_udp.o(i.udp_send) refers to at_lib.o(i.mem_test) for mem_test
    at_udp.o(i.udp_send) refers to at_lib.o(i.SwapB) for SwapB
    at_udp.o(i.udp_send) refers to at_ip.o(i.ip_get_locadr) for ip_get_locadr
    at_udp.o(i.udp_send) refers to at_lib.o(i.CalcChksumBuf) for CalcChksumBuf
    at_udp.o(i.udp_send) refers to at_lib.o(i.CalcChksumVal) for CalcChksumVal
    at_udp.o(i.udp_send) refers to at_mem.o(i.free_mem) for free_mem
    at_udp.o(i.udp_send) refers to at_ip.o(i.ip_send_frame) for ip_send_frame
    at_udp.o(i.udp_send) refers to net_config.o(.constdata) for udp_NumSocks
    at_udp.o(i.udp_send) refers to net_config.o(.bss) for udp_socket
    at_nbns.o(i.init_nbns) refers to at_udp.o(i.udp_get_socket) for udp_get_socket
    at_nbns.o(i.init_nbns) refers to at_udp.o(i.udp_open) for udp_open
    at_nbns.o(i.init_nbns) refers to at_nbns.o(i.nbns_listener) for nbns_listener
    at_nbns.o(i.init_nbns) refers to at_nbns.o(.data) for .data
    at_nbns.o(i.nbns_listener) refers to at_mem.o(i.alloc_mem) for alloc_mem
    at_nbns.o(i.nbns_listener) refers to at_lib.o(i.str_up_case) for str_up_case
    at_nbns.o(i.nbns_listener) refers to at_lib.o(i.mem_comp) for mem_comp
    at_nbns.o(i.nbns_listener) refers to at_udp.o(i.udp_get_buf) for udp_get_buf
    at_nbns.o(i.nbns_listener) refers to at_lib.o(i.mem_copy) for mem_copy
    at_nbns.o(i.nbns_listener) refers to at_udp.o(i.udp_send) for udp_send
    at_nbns.o(i.nbns_listener) refers to at_mem.o(i.free_mem) for free_mem
    at_nbns.o(i.nbns_listener) refers to at_nbns.o(.data) for .data
    at_nbns.o(i.nbns_listener) refers to net_config.o(.data) for lhost_name
    at_nbns.o(i.nbns_listener) refers to at_nbns.o(.constdata) for .constdata
    at_nbns.o(i.nbns_listener) refers to at_system.o(.bss) for localm
    at_ethernet.o(i.eth_chk_adr) refers to at_lib.o(i.mem_comp) for mem_comp
    at_ethernet.o(i.eth_chk_adr) refers to net_config.o(.data) for own_hw_adr
    at_ethernet.o(i.eth_get_adr) refers to at_arp.o(i.arp_get_adr) for arp_get_adr
    at_ethernet.o(i.eth_send_frame) refers to at_lib.o(i.mem_comp) for mem_comp
    at_ethernet.o(i.eth_send_frame) refers to at_lib.o(i.mem_test) for mem_test
    at_ethernet.o(i.eth_send_frame) refers to at_arp.o(i.is_subnet_bcast) for is_subnet_bcast
    at_ethernet.o(i.eth_send_frame) refers to at_arp.o(i.arp_cache_find) for arp_cache_find
    at_ethernet.o(i.eth_send_frame) refers to at_lib.o(i.mem_copy) for mem_copy
    at_ethernet.o(i.eth_send_frame) refers to emac_lpc17xx.o(.text) for send_frame
    at_ethernet.o(i.eth_send_frame) refers to at_ethernet.o(.constdata) for .constdata
    at_ethernet.o(i.eth_send_frame) refers to at_ip.o(.constdata) for IP_Broadcast
    at_ethernet.o(i.eth_send_frame) refers to net_config.o(.data) for own_hw_adr
    at_ethernet.o(i.init_eth_link) refers to emac_lpc17xx.o(.text) for int_disable_eth
    at_ethernet.o(i.init_eth_link) refers to at_arp.o(i.init_arp) for init_arp
    at_ethernet.o(i.init_eth_link) refers to at_ethernet.o(.data) for .data
    at_ethernet.o(i.put_in_queue) refers to at_mem.o(i.free_mem) for free_mem
    at_ethernet.o(i.put_in_queue) refers to at_ethernet.o(.data) for .data
    at_ethernet.o(i.put_in_queue) refers to at_ethernet.o(.bss) for .bss
    at_ethernet.o(i.run_eth_link) refers to at_ethernet.o(i.poll_ethernet) for poll_ethernet
    at_ethernet.o(i.run_eth_link) refers to at_arp.o(i.arp_cache_update) for arp_cache_update
    at_ethernet.o(i.run_eth_link) refers to at_arp.o(i.process_arp) for process_arp
    at_ethernet.o(i.run_eth_link) refers to at_ip.o(i.ip_chk_frame) for ip_chk_frame
    at_ethernet.o(i.run_eth_link) refers to at_lib.o(i.mem_test) for mem_test
    at_ethernet.o(i.run_eth_link) refers to at_arp.o(i.arp_cache_add) for arp_cache_add
    at_ethernet.o(i.run_eth_link) refers to at_icmp.o(i.process_icmp) for process_icmp
    at_ethernet.o(i.run_eth_link) refers to at_ethernet.o(i.process_hl_igmp) for process_hl_igmp
    at_ethernet.o(i.run_eth_link) refers to net_config.o(.text) for process_hl_udp
    at_ethernet.o(i.run_eth_link) refers to at_mem.o(i.free_mem) for free_mem
    at_ethernet.o(i.run_eth_link) refers to at_system.o(.data) for sec_tick
    at_ethernet.o(i.run_eth_link) refers to at_ethernet.o(.data) for .data
    at_ethernet.o(i.run_eth_link) refers to at_ethernet.o(.bss) for .bss
    at_mem.o(i.alloc_mem) refers to emac_lpc17xx.o(.text) for int_disable_eth
    at_mem.o(i.alloc_mem) refers to net_config.o(.text) for sys_error
    at_mem.o(i.alloc_mem) refers to at_mem.o(.data) for .data
    at_mem.o(i.alloc_mem) refers to net_config.o(.constdata) for MPool_Size
    at_mem.o(i.alloc_mem) refers to net_config.o(.bss) for Mem_Pool
    at_mem.o(i.free_mem) refers to emac_lpc17xx.o(.text) for int_disable_eth
    at_mem.o(i.free_mem) refers to net_config.o(.text) for sys_error
    at_mem.o(i.free_mem) refers to net_config.o(.bss) for Mem_Pool
    at_mem.o(i.free_mem) refers to at_mem.o(.data) for .data
    at_mem.o(i.init_mem) refers to net_config.o(.bss) for Mem_Pool
    at_mem.o(i.init_mem) refers to net_config.o(.constdata) for MPool_Size
    at_mem.o(i.init_mem) refers to at_mem.o(.data) for .data
    at_mem.o(i.resize_mem) refers to emac_lpc17xx.o(.text) for int_disable_eth
    at_mem.o(i.resize_mem) refers to at_mem.o(.data) for .data
    at_system.o(i.init_TcpNet) refers to emac_lpc17xx.o(.text) for int_disable_eth
    at_system.o(i.init_TcpNet) refers to at_mem.o(i.init_mem) for init_mem
    at_system.o(i.init_TcpNet) refers to at_lib.o(i.mem_copy) for mem_copy
    at_system.o(i.init_TcpNet) refers to net_config.o(.text) for init_system
    at_system.o(i.init_TcpNet) refers to at_system.o(.data) for .data
    at_system.o(i.init_TcpNet) refers to net_config.o(.constdata) for tick_rate
    at_system.o(i.init_TcpNet) refers to net_config.o(.constdata) for nlocalm
    at_system.o(i.init_TcpNet) refers to at_system.o(.bss) for .bss
    at_system.o(i.main_TcpNet) refers to net_config.o(.text) for run_system
    at_system.o(i.main_TcpNet) refers to at_system.o(.data) for .data
    at_system.o(i.main_TcpNet) refers to net_config.o(.constdata) for tick_rate
    at_system.o(i.timer_tick) refers to at_system.o(.data) for .data
    at_arp.o(i.arp_cache_add) refers to at_lib.o(i.mem_comp) for mem_comp
    at_arp.o(i.arp_cache_add) refers to at_lib.o(i.is_subnet) for is_subnet
    at_arp.o(i.arp_cache_add) refers to at_lib.o(i.mem_test) for mem_test
    at_arp.o(i.arp_cache_add) refers to at_arp.o(i.arp_cache_alloc) for arp_cache_alloc
    at_arp.o(i.arp_cache_add) refers to at_lib.o(i.mem_copy) for mem_copy
    at_arp.o(i.arp_cache_add) refers to net_config.o(.bss) for arp_table
    at_arp.o(i.arp_cache_add) refers to net_config.o(.constdata) for arp_TabSize
    at_arp.o(i.arp_cache_add) refers to at_system.o(.bss) for localm
    at_arp.o(i.arp_cache_add) refers to net_config.o(.constdata) for arp_TimeOut
    at_arp.o(i.arp_cache_add) refers to net_config.o(.constdata) for arp_MaxRetry
    at_arp.o(i.arp_cache_alloc) refers to net_config.o(.bss) for arp_table
    at_arp.o(i.arp_cache_alloc) refers to net_config.o(.constdata) for arp_TabSize
    at_arp.o(i.arp_cache_alloc) refers to net_config.o(.constdata) for arp_TimeOut
    at_arp.o(i.arp_cache_find) refers to at_lib.o(i.mem_comp) for mem_comp
    at_arp.o(i.arp_cache_find) refers to at_lib.o(i.is_subnet) for is_subnet
    at_arp.o(i.arp_cache_find) refers to at_lib.o(i.mem_test) for mem_test
    at_arp.o(i.arp_cache_find) refers to at_arp.o(i.arp_cache_alloc) for arp_cache_alloc
    at_arp.o(i.arp_cache_find) refers to at_lib.o(i.mem_copy) for mem_copy
    at_arp.o(i.arp_cache_find) refers to at_arp.o(i.arp_send_req) for arp_send_req
    at_arp.o(i.arp_cache_find) refers to net_config.o(.bss) for arp_table
    at_arp.o(i.arp_cache_find) refers to net_config.o(.constdata) for arp_TabSize
    at_arp.o(i.arp_cache_find) refers to at_system.o(.bss) for localm
    at_arp.o(i.arp_cache_find) refers to at_ethernet.o(.constdata) for MAC_Broadcast
    at_arp.o(i.arp_cache_find) refers to net_config.o(.constdata) for arp_MaxRetry
    at_arp.o(i.arp_cache_find) refers to net_config.o(.constdata) for arp_Resend
    at_arp.o(i.arp_cache_ip) refers to at_lib.o(i.mem_comp) for mem_comp
    at_arp.o(i.arp_cache_ip) refers to at_arp.o(i.is_subnet_bcast) for is_subnet_bcast
    at_arp.o(i.arp_cache_ip) refers to at_arp.o(i.arp_cache_find) for arp_cache_find
    at_arp.o(i.arp_cache_ip) refers to at_ip.o(.constdata) for IP_Broadcast
    at_arp.o(i.arp_cache_update) refers to at_lib.o(i.mem_comp) for mem_comp
    at_arp.o(i.arp_cache_update) refers to at_arp.o(i.arp_send_req) for arp_send_req
    at_arp.o(i.arp_cache_update) refers to net_config.o(.constdata) for arp_Resend
    at_arp.o(i.arp_cache_update) refers to at_arp.o(.data) for .data
    at_arp.o(i.arp_cache_update) refers to net_config.o(.constdata) for arp_TabSize
    at_arp.o(i.arp_cache_update) refers to net_config.o(.bss) for arp_table
    at_arp.o(i.arp_cache_update) refers to at_system.o(.bss) for localm
    at_arp.o(i.arp_cache_update) refers to at_ip.o(.constdata) for IP_Broadcast
    at_arp.o(i.arp_cache_update) refers to net_config.o(.constdata) for arp_TimeOut
    at_arp.o(i.arp_get_adr) refers to at_lib.o(i.mem_comp) for mem_comp
    at_arp.o(i.arp_get_adr) refers to net_config.o(.bss) for arp_table
    at_arp.o(i.arp_get_adr) refers to net_config.o(.constdata) for arp_TabSize
    at_arp.o(i.arp_get_response) refers to at_lib.o(i.mem_comp) for mem_comp
    at_arp.o(i.arp_get_response) refers to at_lib.o(i.mem_copy) for mem_copy
    at_arp.o(i.arp_get_response) refers to net_config.o(.bss) for arp_table
    at_arp.o(i.arp_get_response) refers to net_config.o(.constdata) for arp_TabSize
    at_arp.o(i.arp_get_response) refers to net_config.o(.constdata) for arp_TimeOut
    at_arp.o(i.arp_get_response) refers to net_config.o(.constdata) for arp_MaxRetry
    at_arp.o(i.arp_send_reply) refers to at_mem.o(i.alloc_mem) for alloc_mem
    at_arp.o(i.arp_send_reply) refers to at_lib.o(i.mem_copy) for mem_copy
    at_arp.o(i.arp_send_reply) refers to at_arp.o(i.arp_cache_add) for arp_cache_add
    at_arp.o(i.arp_send_reply) refers to emac_lpc17xx.o(.text) for send_frame
    at_arp.o(i.arp_send_reply) refers to at_mem.o(i.free_mem) for free_mem
    at_arp.o(i.arp_send_reply) refers to net_config.o(.data) for own_hw_adr
    at_arp.o(i.arp_send_reply) refers to at_system.o(.bss) for localm
    at_arp.o(i.arp_send_req) refers to at_mem.o(i.alloc_mem) for alloc_mem
    at_arp.o(i.arp_send_req) refers to at_lib.o(i.mem_copy) for mem_copy
    at_arp.o(i.arp_send_req) refers to at_lib.o(i.mem_set) for mem_set
    at_arp.o(i.arp_send_req) refers to emac_lpc17xx.o(.text) for send_frame
    at_arp.o(i.arp_send_req) refers to at_mem.o(i.free_mem) for free_mem
    at_arp.o(i.arp_send_req) refers to at_ethernet.o(.constdata) for MAC_Broadcast
    at_arp.o(i.arp_send_req) refers to net_config.o(.data) for own_hw_adr
    at_arp.o(i.arp_send_req) refers to at_system.o(.bss) for localm
    at_arp.o(i.arp_send_req) refers to net_config.o(.bss) for arp_table
    at_arp.o(i.init_arp) refers to net_config.o(.bss) for arp_table
    at_arp.o(i.init_arp) refers to net_config.o(.constdata) for arp_TabSize
    at_arp.o(i.is_subnet_bcast) refers to at_lib.o(i.mem_copy) for mem_copy
    at_arp.o(i.is_subnet_bcast) refers to at_lib.o(i.is_subnet) for is_subnet
    at_arp.o(i.is_subnet_bcast) refers to at_system.o(.bss) for localm
    at_arp.o(i.process_arp) refers to at_lib.o(i.mem_comp) for mem_comp
    at_arp.o(i.process_arp) refers to at_arp.o(i.arp_get_response) for arp_get_response
    at_arp.o(i.process_arp) refers to at_arp.o(i.arp_send_reply) for arp_send_reply
    at_arp.o(i.process_arp) refers to at_system.o(.bss) for localm
    at_arp.o(i.process_arp) refers to net_config.o(.data) for own_hw_adr
    at_ip.o(i.ip_chk_frame) refers to at_lib.o(i.SwapB) for SwapB
    at_ip.o(i.ip_chk_frame) refers to at_lib.o(i.mem_comp) for mem_comp
    at_ip.o(i.ip_chk_frame) refers to net_config.o(.text) for igmp_is_member
    at_ip.o(i.ip_chk_frame) refers to at_lib.o(i.mem_copy) for mem_copy
    at_ip.o(i.ip_chk_frame) refers to at_ethernet.o(i.eth_chk_adr) for eth_chk_adr
    at_ip.o(i.ip_chk_frame) refers to at_ip.o(i.ip_get_chksum) for ip_get_chksum
    at_ip.o(i.ip_chk_frame) refers to at_system.o(.bss) for localm
    at_ip.o(i.ip_chk_frame) refers to at_ip.o(.constdata) for .constdata
    at_ip.o(i.ip_get_chksum) refers to at_lib.o(i.CalcChksum) for CalcChksum
    at_ip.o(i.ip_get_locadr) refers to at_lib.o(i.is_subnet) for is_subnet
    at_ip.o(i.ip_get_locadr) refers to at_lib.o(i.mem_test) for mem_test
    at_ip.o(i.ip_get_locadr) refers to net_config.o(.constdata) for netif_cfg
    at_ip.o(i.ip_get_locadr) refers to at_ip.o(.data) for .data
    at_ip.o(i.ip_get_locadr) refers to at_system.o(.bss) for localm
    at_ip.o(i.ip_send_frame) refers to at_lib.o(i.SwapB) for SwapB
    at_ip.o(i.ip_send_frame) refers to at_ip.o(i.ip_get_locadr) for ip_get_locadr
    at_ip.o(i.ip_send_frame) refers to at_lib.o(i.mem_copy) for mem_copy
    at_ip.o(i.ip_send_frame) refers to at_ip.o(i.ip_get_chksum) for ip_get_chksum
    at_ip.o(i.ip_send_frame) refers to net_config.o(.text) for dispatch_frame
    at_ip.o(i.ip_send_frame) refers to at_ip.o(.data) for .data
    at_icmp.o(i.process_icmp) refers to at_lib.o(i.CalcChksum) for CalcChksum
    at_icmp.o(i.process_icmp) refers to at_mem.o(i.alloc_mem) for alloc_mem
    at_icmp.o(i.process_icmp) refers to at_lib.o(i.mem_copy) for mem_copy
    at_icmp.o(i.process_icmp) refers to at_ip.o(i.ip_send_frame) for ip_send_frame
    at_icmp.o(i.process_icmp) refers to at_mem.o(i.free_mem) for free_mem
    at_lib.o(i.CalcChksum) refers to at_lib.o(i.CalcChksumBuf) for CalcChksumBuf
    at_lib.o(i.asc_to_b64) refers to at_lib.o(i.encode_b64) for encode_b64
    at_lib.o(i.bin_to_b64) refers to at_lib.o(i.encode_b64) for encode_b64
    at_lib.o(i.is_subnet) refers to at_lib.o(i.mem_copy) for mem_copy
    at_lib.o(i.str_crc) refers to at_lib.o(i.get_crc) for get_crc
    entry.o(.ARM.Collect$$$$00000000) refers (Special) to entry7.o(.ARM.Collect$$$$00000007) for _main_init
    entry.o(.ARM.Collect$$$$00000000) refers (Special) to entry5.o(.ARM.Collect$$$$00000004) for _main_scatterload
    entry.o(.ARM.Collect$$$$00000000) refers (Special) to entry2.o(.ARM.Collect$$$$00000001) for _main_stk
    entry2.o(.ARM.Collect$$$$00000001) refers to entry2.o(.ARM.Collect$$$$00002712) for __lit__00000000
    entry2.o(.ARM.Collect$$$$00002712) refers to startup_lpc17xx.o(STACK) for __initial_sp
    entry2.o(__vectab_stack_and_reset_area) refers to startup_lpc17xx.o(STACK) for __initial_sp
    entry2.o(__vectab_stack_and_reset_area) refers to entry.o(.ARM.Collect$$$$00000000) for __main
    entry5.o(.ARM.Collect$$$$00000004) refers to init.o(.text) for __scatterload
    entry7.o(.ARM.Collect$$$$00000007) refers to ledswitch.o(.text) for main
    init.o(.text) refers to entry5.o(.ARM.Collect$$$$00000004) for __main_after_scatterload


==============================================================================

Removing Unused input sections from the image.

    Removing net_config.o(.constdata), (2 bytes).
    Removing startup_lpc17xx.o(HEAP), (512 bytes).
    Removing at_tcp.o(i.tcp_abort), (88 bytes).
    Removing at_tcp.o(i.tcp_check_send), (56 bytes).
    Removing at_tcp.o(i.tcp_close), (132 bytes).
    Removing at_tcp.o(i.tcp_connect), (172 bytes).
    Removing at_tcp.o(i.tcp_get_adr), (24 bytes).
    Removing at_tcp.o(i.tcp_get_buf), (16 bytes).
    Removing at_tcp.o(i.tcp_get_free_port), (88 bytes).
    Removing at_tcp.o(i.tcp_get_state), (44 bytes).
    Removing at_tcp.o(i.tcp_max_dsize), (36 bytes).
    Removing at_tcp.o(i.tcp_release_socket), (60 bytes).
    Removing at_tcp.o(i.tcp_reset_tout), (48 bytes).
    Removing at_tcp.o(i.tcp_reset_window), (80 bytes).
    Removing at_tcp.o(i.tcp_send), (260 bytes).
    Removing at_tcp.o(i.tcp_set_dack), (64 bytes).
    Removing at_udp.o(i.udp_close), (44 bytes).
    Removing at_udp.o(i.udp_mcast_ttl), (44 bytes).
    Removing at_udp.o(i.udp_release_socket), (48 bytes).
    Removing at_ethernet.o(i.eth_get_adr), (4 bytes).
    Removing at_system.o(.emb_text), (0 bytes).
    Removing at_arp.o(i.arp_cache_ip), (72 bytes).
    Removing at_arp.o(i.arp_get_adr), (68 bytes).
    Removing at_lib.o(i.asc_to_b64), (64 bytes).
    Removing at_lib.o(i.b64_to_asc), (120 bytes).
    Removing at_lib.o(i.bin_to_b64), (68 bytes).
    Removing at_lib.o(i.encode_b64), (70 bytes).
    Removing at_lib.o(i.get_crc), (40 bytes).
    Removing at_lib.o(i.get_u16), (10 bytes).
    Removing at_lib.o(i.mem_rcopy), (54 bytes).
    Removing at_lib.o(i.str_copy), (22 bytes).
    Removing at_lib.o(i.str_crc), (26 bytes).
    Removing at_lib.o(i.str_pos), (26 bytes).
    Removing at_lib.o(i.str_scomp), (26 bytes).
    Removing at_lib.o(i.str_ucomp), (40 bytes).

35 unused section(s) (total 2528 bytes) removed from the image.

==============================================================================

Image Symbol Table

    Local Symbols

    Symbol Name                              Value     Ov Type        Size  Object(Section)

    RESET                                    0x00000000   Section      204  startup_lpc17xx.o(RESET)
    ../../microlib/init/entry.s              0x00000000   Number         0  entry2.o ABSOLUTE
    ../../microlib/init/entry.s              0x00000000   Number         0  entry5.o ABSOLUTE
    ../../microlib/init/entry.s              0x00000000   Number         0  entry.o ABSOLUTE
    ../../microlib/init/entry.s              0x00000000   Number         0  entry7.o ABSOLUTE
    ..\Library\EMAC_LPC17xx.c                0x00000000   Number         0  emac_lpc17xx.o ABSOLUTE
    ..\Library\GLCD_SPI_LPC1700.c            0x00000000   Number         0  glcd_spi_lpc1700.o ABSOLUTE
    ..\Library\system_LPC17xx.c              0x00000000   Number         0  system_lpc17xx.o ABSOLUTE
    LEDSwitch.c                              0x00000000   Number         0  ledswitch.o ABSOLUTE
    Net_Config.c                             0x00000000   Number         0  net_config.o ABSOLUTE
    SRC\\at_System.c                         0x00000000   Number         0  at_system.o ABSOLUTE
    SRC\at_ARP.c                             0x00000000   Number         0  at_arp.o ABSOLUTE
    SRC\at_Ethernet.c                        0x00000000   Number         0  at_ethernet.o ABSOLUTE
    SRC\at_ICMP.c                            0x00000000   Number         0  at_icmp.o ABSOLUTE
    SRC\at_IP.c                              0x00000000   Number         0  at_ip.o ABSOLUTE
    SRC\at_Lib.c                             0x00000000   Number         0  at_lib.o ABSOLUTE
    SRC\at_Mem.c                             0x00000000   Number         0  at_mem.o ABSOLUTE
    SRC\at_NBNS.c                            0x00000000   Number         0  at_nbns.o ABSOLUTE
    SRC\at_System.c                          0x00000000   Number         0  at_system.o ABSOLUTE
    SRC\at_TCP.c                             0x00000000   Number         0  at_tcp.o ABSOLUTE
    SRC\at_UDP.c                             0x00000000   Number         0  at_udp.o ABSOLUTE
    dc.s                                     0x00000000   Number         0  dc.o ABSOLUTE
    handlers.s                               0x00000000   Number         0  handlers.o ABSOLUTE
    init.s                                   0x00000000   Number         0  init.o ABSOLUTE
    startup_LPC17xx.s                        0x00000000   Number         0  startup_lpc17xx.o ABSOLUTE
    .ARM.Collect$$$$00000000                 0x000000cc   Section        0  entry.o(.ARM.Collect$$$$00000000)
    .ARM.Collect$$$$00000001                 0x000000cc   Section        4  entry2.o(.ARM.Collect$$$$00000001)
    .ARM.Collect$$$$00000004                 0x000000d0   Section        4  entry5.o(.ARM.Collect$$$$00000004)
    .ARM.Collect$$$$00000007                 0x000000d4   Section        8  entry7.o(.ARM.Collect$$$$00000007)
    .ARM.Collect$$$$00002712                 0x000000dc   Section        4  entry2.o(.ARM.Collect$$$$00002712)
    __lit__00000000                          0x000000dc   Data           4  entry2.o(.ARM.Collect$$$$00002712)
    .text                                    0x000000e0   Section        0  ledswitch.o(.text)
    init                                     0x000001f7   Thumb Code    88  ledswitch.o(.text)
    .text                                    0x0000028c   Section        0  net_config.o(.text)
    .text                                    0x000002cc   Section       28  startup_lpc17xx.o(.text)
    i.CalcChksumVal                          0x000002e8   Section        0  at_lib.o(i.CalcChksumVal)
    i.SwapB                                  0x000002f2   Section        0  at_lib.o(i.SwapB)
    .ARM.__at_0x02FC                         0x000002fc   Section        4  startup_lpc17xx.o(.ARM.__at_0x02FC)
    .text                                    0x00000300   Section        0  emac_lpc17xx.o(.text)
    output_MDIO                              0x00000301   Thumb Code    54  emac_lpc17xx.o(.text)
    read_PHY                                 0x00000337   Thumb Code   146  emac_lpc17xx.o(.text)
    write_PHY                                0x000003c9   Thumb Code   112  emac_lpc17xx.o(.text)
    turnaround_MDIO                          0x00000731   Thumb Code    32  emac_lpc17xx.o(.text)
    .text                                    0x00000754   Section        0  glcd_spi_lpc1700.o(.text)
    delay                                    0x00000dd7   Thumb Code     8  glcd_spi_lpc1700.o(.text)
    spi_send                                 0x00000ddf   Thumb Code    16  glcd_spi_lpc1700.o(.text)
    wr_cmd                                   0x00000def   Thumb Code    32  glcd_spi_lpc1700.o(.text)
    wr_dat                                   0x00000e0f   Thumb Code    32  glcd_spi_lpc1700.o(.text)
    wr_dat_start                             0x00000e2f   Thumb Code    10  glcd_spi_lpc1700.o(.text)
    wr_dat_only                              0x00000e39   Thumb Code    18  glcd_spi_lpc1700.o(.text)
    wr_reg                                   0x00000e4b   Thumb Code    16  glcd_spi_lpc1700.o(.text)
    .text                                    0x00000e70   Section        0  system_lpc17xx.o(.text)
    .text                                    0x00000fcc   Section       36  init.o(.text)
    i.CalcChksum                             0x00000ff0   Section        0  at_lib.o(i.CalcChksum)
    i.CalcChksumBuf                          0x00001008   Section        0  at_lib.o(i.CalcChksumBuf)
    i.__scatterload_copy                     0x00001030   Section       14  handlers.o(i.__scatterload_copy)
    i.__scatterload_null                     0x0000103e   Section        2  handlers.o(i.__scatterload_null)
    i.__scatterload_zeroinit                 0x00001040   Section       14  handlers.o(i.__scatterload_zeroinit)
    i.alloc_mem                              0x00001050   Section        0  at_mem.o(i.alloc_mem)
    i.arp_cache_add                          0x000010f4   Section        0  at_arp.o(i.arp_cache_add)
    i.arp_cache_alloc                        0x000011b8   Section        0  at_arp.o(i.arp_cache_alloc)
    arp_cache_alloc                          0x000011b9   Thumb Code    96  at_arp.o(i.arp_cache_alloc)
    i.arp_cache_find                         0x00001224   Section        0  at_arp.o(i.arp_cache_find)
    i.arp_cache_update                       0x0000133c   Section        0  at_arp.o(i.arp_cache_update)
    i.arp_get_response                       0x00001434   Section        0  at_arp.o(i.arp_get_response)
    arp_get_response                         0x00001435   Thumb Code    86  at_arp.o(i.arp_get_response)
    i.arp_send_reply                         0x0000149c   Section        0  at_arp.o(i.arp_send_reply)
    arp_send_reply                           0x0000149d   Thumb Code   148  at_arp.o(i.arp_send_reply)
    i.arp_send_req                           0x00001538   Section        0  at_arp.o(i.arp_send_req)
    i.eth_chk_adr                            0x000015e4   Section        0  at_ethernet.o(i.eth_chk_adr)
    i.eth_send_frame                         0x000015f4   Section        0  at_ethernet.o(i.eth_send_frame)
    i.free_mem                               0x0000168c   Section        0  at_mem.o(i.free_mem)
    i.get_u32                                0x000016f4   Section        0  at_lib.o(i.get_u32)
    i.init_TcpNet                            0x0000170c   Section        0  at_system.o(i.init_TcpNet)
    i.init_arp                               0x00001744   Section        0  at_arp.o(i.init_arp)
    i.init_eth_link                          0x0000176c   Section        0  at_ethernet.o(i.init_eth_link)
    i.init_mem                               0x00001790   Section        0  at_mem.o(i.init_mem)
    i.init_nbns                              0x000017b4   Section        0  at_nbns.o(i.init_nbns)
    i.init_tcp                               0x000017dc   Section        0  at_tcp.o(i.init_tcp)
    i.init_udp                               0x000017f4   Section        0  at_udp.o(i.init_udp)
    i.ip_chk_frame                           0x00001810   Section        0  at_ip.o(i.ip_chk_frame)
    i.ip_get_chksum                          0x000018d4   Section        0  at_ip.o(i.ip_get_chksum)
    ip_get_chksum                            0x000018d5   Thumb Code    10  at_ip.o(i.ip_get_chksum)
    i.ip_get_locadr                          0x000018e0   Section        0  at_ip.o(i.ip_get_locadr)
    i.ip_send_frame                          0x00001978   Section        0  at_ip.o(i.ip_send_frame)
    i.is_subnet                              0x00001a08   Section        0  at_lib.o(i.is_subnet)
    i.is_subnet_bcast                        0x00001a2c   Section        0  at_arp.o(i.is_subnet_bcast)
    i.main_TcpNet                            0x00001a58   Section        0  at_system.o(i.main_TcpNet)
    i.mem_comp                               0x00001a94   Section        0  at_lib.o(i.mem_comp)
    i.mem_copy                               0x00001ab4   Section        0  at_lib.o(i.mem_copy)
    i.mem_set                                0x00001ad0   Section        0  at_lib.o(i.mem_set)
    i.mem_test                               0x00001ae0   Section        0  at_lib.o(i.mem_test)
    i.nbns_listener                          0x00001af8   Section        0  at_nbns.o(i.nbns_listener)
    nbns_listener                            0x00001af9   Thumb Code   262  at_nbns.o(i.nbns_listener)
    i.poll_ethernet                          0x00001c10   Section        0  at_ethernet.o(i.poll_ethernet)
    i.process_arp                            0x00001c14   Section        0  at_arp.o(i.process_arp)
    i.process_hl_igmp                        0x00001cac   Section        0  at_ethernet.o(i.process_hl_igmp)
    i.process_icmp                           0x00001cae   Section        0  at_icmp.o(i.process_icmp)
    i.process_tcp                            0x00001d24   Section        0  at_tcp.o(i.process_tcp)
    i.process_udp                            0x00002190   Section        0  at_udp.o(i.process_udp)
    i.put_in_queue                           0x00002254   Section        0  at_ethernet.o(i.put_in_queue)
    i.resize_mem                             0x00002280   Section        0  at_mem.o(i.resize_mem)
    i.run_eth_link                           0x000022b4   Section        0  at_ethernet.o(i.run_eth_link)
    i.set_u32                                0x00002364   Section        0  at_lib.o(i.set_u32)
    i.str_up_case                            0x00002374   Section        0  at_lib.o(i.str_up_case)
    i.tcp_get_socket                         0x00002390   Section        0  at_tcp.o(i.tcp_get_socket)
    i.tcp_init_seq                           0x000023d8   Section        0  at_tcp.o(i.tcp_init_seq)
    tcp_init_seq                             0x000023d9   Thumb Code    14  at_tcp.o(i.tcp_init_seq)
    i.tcp_listen                             0x000023ec   Section        0  at_tcp.o(i.tcp_listen)
    i.tcp_map_socket                         0x00002468   Section        0  at_tcp.o(i.tcp_map_socket)
    tcp_map_socket                           0x00002469   Thumb Code   150  at_tcp.o(i.tcp_map_socket)
    i.tcp_poll_sockets                       0x00002508   Section        0  at_tcp.o(i.tcp_poll_sockets)
    i.tcp_process_opt                        0x000026fc   Section        0  at_tcp.o(i.tcp_process_opt)
    tcp_process_opt                          0x000026fd   Thumb Code   106  at_tcp.o(i.tcp_process_opt)
    i.tcp_send_ctrl                          0x0000276c   Section        0  at_tcp.o(i.tcp_send_ctrl)
    tcp_send_ctrl                            0x0000276d   Thumb Code    34  at_tcp.o(i.tcp_send_ctrl)
    i.tcp_send_frame                         0x00002790   Section        0  at_tcp.o(i.tcp_send_frame)
    tcp_send_frame                           0x00002791   Thumb Code   236  at_tcp.o(i.tcp_send_frame)
    i.tcp_send_reset                         0x00002884   Section        0  at_tcp.o(i.tcp_send_reset)
    tcp_send_reset                           0x00002885   Thumb Code   120  at_tcp.o(i.tcp_send_reset)
    i.tcp_set_retransmit                     0x00002904   Section        0  at_tcp.o(i.tcp_set_retransmit)
    tcp_set_retransmit                       0x00002905   Thumb Code    18  at_tcp.o(i.tcp_set_retransmit)
    i.tcp_transit                            0x00002918   Section        0  at_tcp.o(i.tcp_transit)
    tcp_transit                              0x00002919   Thumb Code    96  at_tcp.o(i.tcp_transit)
    i.timer_tick                             0x0000298c   Section        0  at_system.o(i.timer_tick)
    i.udp_get_buf                            0x00002998   Section        0  at_udp.o(i.udp_get_buf)
    i.udp_get_socket                         0x000029a8   Section        0  at_udp.o(i.udp_get_socket)
    i.udp_open                               0x000029f0   Section        0  at_udp.o(i.udp_open)
    i.udp_send                               0x00002a6c   Section        0  at_udp.o(i.udp_send)
    .constdata                               0x00002b78   Section       60  net_config.o(.constdata)
    .constdata                               0x00002bb4   Section        1  net_config.o(.constdata)
    .constdata                               0x00002bb8   Section        4  net_config.o(.constdata)
    .constdata                               0x00002bbc   Section        2  net_config.o(.constdata)
    .constdata                               0x00002bbe   Section        2  net_config.o(.constdata)
    .constdata                               0x00002bc0   Section        2  net_config.o(.constdata)
    .constdata                               0x00002bc2   Section        1  net_config.o(.constdata)
    .constdata                               0x00002bc3   Section        1  net_config.o(.constdata)
    .constdata                               0x00002bc4   Section        1  net_config.o(.constdata)
    .constdata                               0x00002bc5   Section        1  net_config.o(.constdata)
    .constdata                               0x00002bc6   Section        1  net_config.o(.constdata)
    .constdata                               0x00002bc8   Section        2  net_config.o(.constdata)
    .constdata                               0x00002bca   Section        2  net_config.o(.constdata)
    .constdata                               0x00002bcc   Section        2  net_config.o(.constdata)
    .constdata                               0x00002bce   Section        2  net_config.o(.constdata)
    .constdata                               0x00002bd0   Section        1  net_config.o(.constdata)
    .constdata                               0x00002bd2   Section     6272  glcd_spi_lpc1700.o(.constdata)
    .constdata                               0x00004452   Section        8  at_nbns.o(.constdata)
    nbns_ttllen                              0x00004452   Data           8  at_nbns.o(.constdata)
    .constdata                               0x0000445a   Section        6  at_ethernet.o(.constdata)
    .constdata                               0x00004460   Section        4  at_ip.o(.constdata)
    .data                                    0x10000000   Section        2  ledswitch.o(.data)
    .data                                    0x10000002   Section       16  net_config.o(.data)
    .data                                    0x10000012   Section        6  net_config.o(.data)
    .data                                    0x10000018   Section        8  emac_lpc17xx.o(.data)
    dev_175x                                 0x10000018   Data           1  emac_lpc17xx.o(.data)
    .data                                    0x10000020   Section        6  glcd_spi_lpc1700.o(.data)
    TextColor                                0x10000020   Data           2  glcd_spi_lpc1700.o(.data)
    BackColor                                0x10000022   Data           2  glcd_spi_lpc1700.o(.data)
    driverCode                               0x10000024   Data           2  glcd_spi_lpc1700.o(.data)
    .data                                    0x10000028   Section        4  system_lpc17xx.o(.data)
    .data                                    0x1000002c   Section        4  at_tcp.o(.data)
    socket                                   0x1000002c   Data           1  at_tcp.o(.data)
    port                                     0x1000002e   Data           2  at_tcp.o(.data)
    .data                                    0x10000030   Section        2  at_udp.o(.data)
    port                                     0x10000030   Data           2  at_udp.o(.data)
    .data                                    0x10000032   Section        1  at_nbns.o(.data)
    nbns_Socket                              0x10000032   Data           1  at_nbns.o(.data)
    .data                                    0x10000034   Section        8  at_ethernet.o(.data)
    q_head                                   0x10000034   Data           4  at_ethernet.o(.data)
    q_tail                                   0x10000038   Data           4  at_ethernet.o(.data)
    .data                                    0x1000003c   Section        4  at_mem.o(.data)
    Mem_Load                                 0x1000003c   Data           4  at_mem.o(.data)
    .data                                    0x10000040   Section        8  at_system.o(.data)
    tick_fl                                  0x10000042   Data           1  at_system.o(.data)
    sec_cnt                                  0x10000046   Data           2  at_system.o(.data)
    .data                                    0x10000048   Section        2  at_arp.o(.data)
    next_entry                               0x10000048   Data           2  at_arp.o(.data)
    .data                                    0x1000004a   Section        4  at_ip.o(.data)
    netif                                    0x1000004a   Data           1  at_ip.o(.data)
    ip_id                                    0x1000004c   Data           2  at_ip.o(.data)
    .bss                                     0x10000050   Section     8192  net_config.o(.bss)
    .bss                                     0x10002050   Section      140  net_config.o(.bss)
    .bss                                     0x100020dc   Section       24  net_config.o(.bss)
    .bss                                     0x100020f4   Section      132  net_config.o(.bss)
    .bss                                     0x10002178   Section    10852  emac_lpc17xx.o(.bss)
    Rx_Desc                                  0x10002178   Data          32  emac_lpc17xx.o(.bss)
    Rx_Stat                                  0x10002198   Data          32  emac_lpc17xx.o(.bss)
    Tx_Desc                                  0x100021b8   Data          24  emac_lpc17xx.o(.bss)
    Tx_Stat                                  0x100021d0   Data          12  emac_lpc17xx.o(.bss)
    rx_buf                                   0x100021dc   Data        6144  emac_lpc17xx.o(.bss)
    tx_buf                                   0x100039dc   Data        4608  emac_lpc17xx.o(.bss)
    .bss                                     0x10004bdc   Section      128  at_ethernet.o(.bss)
    rx_queue                                 0x10004bdc   Data         128  at_ethernet.o(.bss)
    .bss                                     0x10004c5c   Section       60  at_system.o(.bss)
    STACK                                    0x10004c98   Section     1024  startup_lpc17xx.o(STACK)

    Global Symbols

    Symbol Name                              Value     Ov Type        Size  Object(Section)

    BuildAttributes$$THM_ISAv4$P$D$K$B$S$PE$A:L22UL41UL21$X:L11$S22US41US21$IEEE1$IW$USESV6$~STKCKD$USESV7$~SHL$OSPACE$EBA8$MICROLIB$REQ8$PRES8$EABIv2 0x00000000   Number         0  anon$$obj.o ABSOLUTE
    __ARM_use_no_argv                        0x00000000   Number         0  ledswitch.o ABSOLUTE
    __Vectors                                0x00000000   Data           4  startup_lpc17xx.o(RESET)
    __decompress                              - Undefined Weak Reference
    arp_notify                                - Undefined Weak Reference
    __main                                   0x000000cd   Thumb Code     0  entry.o(.ARM.Collect$$$$00000000)
    _main_stk                                0x000000cd   Thumb Code     0  entry2.o(.ARM.Collect$$$$00000001)
    _main_scatterload                        0x000000d1   Thumb Code     0  entry5.o(.ARM.Collect$$$$00000004)
    __main_after_scatterload                 0x000000d5   Thumb Code     0  entry5.o(.ARM.Collect$$$$00000004)
    _main_init                               0x000000d5   Thumb Code     0  entry7.o(.ARM.Collect$$$$00000007)
    fputc                                    0x000000e1   Thumb Code    26  ledswitch.o(.text)
    LED_out                                  0x000000fb   Thumb Code    64  ledswitch.o(.text)
    procrec                                  0x0000013b   Thumb Code    12  ledswitch.o(.text)
    udp_callback                             0x00000147   Thumb Code    20  ledswitch.o(.text)
    tcp_callback                             0x0000015b   Thumb Code    34  ledswitch.o(.text)
    main                                     0x0000017d   Thumb Code   122  ledswitch.o(.text)
    sys_error                                0x0000028d   Thumb Code     2  net_config.o(.text)
    init_system                              0x0000028f   Thumb Code    24  net_config.o(.text)
    run_system                               0x000002a7   Thumb Code    14  net_config.o(.text)
    process_hl_udp                           0x000002b5   Thumb Code     4  net_config.o(.text)
    process_hl_tcp                           0x000002b9   Thumb Code     4  net_config.o(.text)
    dispatch_frame                           0x000002bd   Thumb Code    10  net_config.o(.text)
    igmp_is_member                           0x000002c7   Thumb Code     4  net_config.o(.text)
    Reset_Handler                            0x000002cd   Thumb Code     4  startup_lpc17xx.o(.text)
    NMI_Handler                              0x000002d1   Thumb Code     2  startup_lpc17xx.o(.text)
    HardFault_Handler                        0x000002d3   Thumb Code     2  startup_lpc17xx.o(.text)
    MemManage_Handler                        0x000002d5   Thumb Code     2  startup_lpc17xx.o(.text)
    BusFault_Handler                         0x000002d7   Thumb Code     2  startup_lpc17xx.o(.text)
    UsageFault_Handler                       0x000002d9   Thumb Code     2  startup_lpc17xx.o(.text)
    SVC_Handler                              0x000002db   Thumb Code     2  startup_lpc17xx.o(.text)
    DebugMon_Handler                         0x000002dd   Thumb Code     2  startup_lpc17xx.o(.text)
    PendSV_Handler                           0x000002df   Thumb Code     2  startup_lpc17xx.o(.text)
    SysTick_Handler                          0x000002e1   Thumb Code     2  startup_lpc17xx.o(.text)
    ADC_IRQHandler                           0x000002e3   Thumb Code     0  startup_lpc17xx.o(.text)
    BOD_IRQHandler                           0x000002e3   Thumb Code     0  startup_lpc17xx.o(.text)
    CANActivity_IRQHandler                   0x000002e3   Thumb Code     0  startup_lpc17xx.o(.text)
    CAN_IRQHandler                           0x000002e3   Thumb Code     0  startup_lpc17xx.o(.text)
    DMA_IRQHandler                           0x000002e3   Thumb Code     0  startup_lpc17xx.o(.text)
    EINT0_IRQHandler                         0x000002e3   Thumb Code     0  startup_lpc17xx.o(.text)
    EINT1_IRQHandler                         0x000002e3   Thumb Code     0  startup_lpc17xx.o(.text)
    EINT2_IRQHandler                         0x000002e3   Thumb Code     0  startup_lpc17xx.o(.text)
    EINT3_IRQHandler                         0x000002e3   Thumb Code     0  startup_lpc17xx.o(.text)
    I2C0_IRQHandler                          0x000002e3   Thumb Code     0  startup_lpc17xx.o(.text)
    I2C1_IRQHandler                          0x000002e3   Thumb Code     0  startup_lpc17xx.o(.text)
    I2C2_IRQHandler                          0x000002e3   Thumb Code     0  startup_lpc17xx.o(.text)
    I2S_IRQHandler                           0x000002e3   Thumb Code     0  startup_lpc17xx.o(.text)
    MCPWM_IRQHandler                         0x000002e3   Thumb Code     0  startup_lpc17xx.o(.text)
    PLL0_IRQHandler                          0x000002e3   Thumb Code     0  startup_lpc17xx.o(.text)
    PLL1_IRQHandler                          0x000002e3   Thumb Code     0  startup_lpc17xx.o(.text)
    PWM1_IRQHandler                          0x000002e3   Thumb Code     0  startup_lpc17xx.o(.text)
    QEI_IRQHandler                           0x000002e3   Thumb Code     0  startup_lpc17xx.o(.text)
    RIT_IRQHandler                           0x000002e3   Thumb Code     0  startup_lpc17xx.o(.text)
    RTC_IRQHandler                           0x000002e3   Thumb Code     0  startup_lpc17xx.o(.text)
    SPI_IRQHandler                           0x000002e3   Thumb Code     0  startup_lpc17xx.o(.text)
    SSP0_IRQHandler                          0x000002e3   Thumb Code     0  startup_lpc17xx.o(.text)
    SSP1_IRQHandler                          0x000002e3   Thumb Code     0  startup_lpc17xx.o(.text)
    TIMER0_IRQHandler                        0x000002e3   Thumb Code     0  startup_lpc17xx.o(.text)
    TIMER1_IRQHandler                        0x000002e3   Thumb Code     0  startup_lpc17xx.o(.text)
    TIMER2_IRQHandler                        0x000002e3   Thumb Code     0  startup_lpc17xx.o(.text)
    TIMER3_IRQHandler                        0x000002e3   Thumb Code     0  startup_lpc17xx.o(.text)
    UART0_IRQHandler                         0x000002e3   Thumb Code     0  startup_lpc17xx.o(.text)
    UART1_IRQHandler                         0x000002e3   Thumb Code     0  startup_lpc17xx.o(.text)
    UART2_IRQHandler                         0x000002e3   Thumb Code     0  startup_lpc17xx.o(.text)
    UART3_IRQHandler                         0x000002e3   Thumb Code     0  startup_lpc17xx.o(.text)
    USBActivity_IRQHandler                   0x000002e3   Thumb Code     0  startup_lpc17xx.o(.text)
    USB_IRQHandler                           0x000002e3   Thumb Code     0  startup_lpc17xx.o(.text)
    WDT_IRQHandler                           0x000002e3   Thumb Code     0  startup_lpc17xx.o(.text)
    CalcChksumVal                            0x000002e9   Thumb Code    10  at_lib.o(i.CalcChksumVal)
    SwapB                                    0x000002f3   Thumb Code    10  at_lib.o(i.SwapB)
    __TCP_ARM_VER                            0x00000413   Number         0  at_system.o ABSOLUTE
    init_ethernet                            0x00000439   Thumb Code   496  emac_lpc17xx.o(.text)
    int_enable_eth                           0x00000629   Thumb Code    10  emac_lpc17xx.o(.text)
    int_disable_eth                          0x00000633   Thumb Code    10  emac_lpc17xx.o(.text)
    send_frame                               0x0000063d   Thumb Code    64  emac_lpc17xx.o(.text)
    ENET_IRQHandler                          0x0000067d   Thumb Code   180  emac_lpc17xx.o(.text)
    GLCD_Init                                0x00000755   Thumb Code   806  glcd_spi_lpc1700.o(.text)
    GLCD_SetWindow                           0x00000a7b   Thumb Code    78  glcd_spi_lpc1700.o(.text)
    GLCD_WindowMax                           0x00000ac9   Thumb Code    12  glcd_spi_lpc1700.o(.text)
    GLCD_PutPixel                            0x00000ad5   Thumb Code    44  glcd_spi_lpc1700.o(.text)
    GLCD_SetTextColor                        0x00000b01   Thumb Code     6  glcd_spi_lpc1700.o(.text)
    GLCD_SetBackColor                        0x00000b07   Thumb Code     6  glcd_spi_lpc1700.o(.text)
    GLCD_Clear                               0x00000b0d   Thumb Code    68  glcd_spi_lpc1700.o(.text)
    GLCD_DrawChar_U8                         0x00000b51   Thumb Code   102  glcd_spi_lpc1700.o(.text)
    GLCD_DrawChar_U16                        0x00000bb7   Thumb Code   106  glcd_spi_lpc1700.o(.text)
    GLCD_DisplayChar                         0x00000c21   Thumb Code    72  glcd_spi_lpc1700.o(.text)
    GLCD_DisplayString                       0x00000c69   Thumb Code    42  glcd_spi_lpc1700.o(.text)
    GLCD_ClearLn                             0x00000c93   Thumb Code    72  glcd_spi_lpc1700.o(.text)
    GLCD_Bargraph                            0x00000cdb   Thumb Code    90  glcd_spi_lpc1700.o(.text)
    GLCD_Bitmap                              0x00000d35   Thumb Code    76  glcd_spi_lpc1700.o(.text)
    GLCD_Bmp                                 0x00000d81   Thumb Code    84  glcd_spi_lpc1700.o(.text)
    GLCD_ScrollVertical                      0x00000dd5   Thumb Code     2  glcd_spi_lpc1700.o(.text)
    SystemInit                               0x00000e71   Thumb Code   314  system_lpc17xx.o(.text)
    __scatterload                            0x00000fcd   Thumb Code    28  init.o(.text)
    __scatterload_rt2                        0x00000fcd   Thumb Code     0  init.o(.text)
    CalcChksum                               0x00000ff1   Thumb Code    22  at_lib.o(i.CalcChksum)
    CalcChksumBuf                            0x00001009   Thumb Code    40  at_lib.o(i.CalcChksumBuf)
    __scatterload_copy                       0x00001031   Thumb Code    14  handlers.o(i.__scatterload_copy)
    __scatterload_null                       0x0000103f   Thumb Code     2  handlers.o(i.__scatterload_null)
    __scatterload_zeroinit                   0x00001041   Thumb Code    14  handlers.o(i.__scatterload_zeroinit)
    alloc_mem                                0x00001051   Thumb Code   152  at_mem.o(i.alloc_mem)
    arp_cache_add                            0x000010f5   Thumb Code   176  at_arp.o(i.arp_cache_add)
    arp_cache_find                           0x00001225   Thumb Code   254  at_arp.o(i.arp_cache_find)
    arp_cache_update                         0x0000133d   Thumb Code   218  at_arp.o(i.arp_cache_update)
    arp_send_req                             0x00001539   Thumb Code   154  at_arp.o(i.arp_send_req)
    eth_chk_adr                              0x000015e5   Thumb Code    10  at_ethernet.o(i.eth_chk_adr)
    eth_send_frame                           0x000015f5   Thumb Code   138  at_ethernet.o(i.eth_send_frame)
    free_mem                                 0x0000168d   Thumb Code    94  at_mem.o(i.free_mem)
    get_u32                                  0x000016f5   Thumb Code    22  at_lib.o(i.get_u32)
    init_TcpNet                              0x0000170d   Thumb Code    40  at_system.o(i.init_TcpNet)
    init_arp                                 0x00001745   Thumb Code    30  at_arp.o(i.init_arp)
    init_eth_link                            0x0000176d   Thumb Code    30  at_ethernet.o(i.init_eth_link)
    init_mem                                 0x00001791   Thumb Code    24  at_mem.o(i.init_mem)
    init_nbns                                0x000017b5   Thumb Code    32  at_nbns.o(i.init_nbns)
    init_tcp                                 0x000017dd   Thumb Code    16  at_tcp.o(i.init_tcp)
    init_udp                                 0x000017f5   Thumb Code    18  at_udp.o(i.init_udp)
    ip_chk_frame                             0x00001811   Thumb Code   186  at_ip.o(i.ip_chk_frame)
    ip_get_locadr                            0x000018e1   Thumb Code   140  at_ip.o(i.ip_get_locadr)
    ip_send_frame                            0x00001979   Thumb Code   140  at_ip.o(i.ip_send_frame)
    is_subnet                                0x00001a09   Thumb Code    34  at_lib.o(i.is_subnet)
    is_subnet_bcast                          0x00001a2d   Thumb Code    40  at_arp.o(i.is_subnet_bcast)
    main_TcpNet                              0x00001a59   Thumb Code    52  at_system.o(i.main_TcpNet)
    mem_comp                                 0x00001a95   Thumb Code    30  at_lib.o(i.mem_comp)
    mem_copy                                 0x00001ab5   Thumb Code    28  at_lib.o(i.mem_copy)
    mem_set                                  0x00001ad1   Thumb Code    16  at_lib.o(i.mem_set)
    mem_test                                 0x00001ae1   Thumb Code    22  at_lib.o(i.mem_test)
    poll_ethernet                            0x00001c11   Thumb Code     2  at_ethernet.o(i.poll_ethernet)
    process_arp                              0x00001c15   Thumb Code   142  at_arp.o(i.process_arp)
    process_hl_igmp                          0x00001cad   Thumb Code     2  at_ethernet.o(i.process_hl_igmp)
    process_icmp                             0x00001caf   Thumb Code   116  at_icmp.o(i.process_icmp)
    process_tcp                              0x00001d25   Thumb Code  1132  at_tcp.o(i.process_tcp)
    process_udp                              0x00002191   Thumb Code   186  at_udp.o(i.process_udp)
    put_in_queue                             0x00002255   Thumb Code    36  at_ethernet.o(i.put_in_queue)
    resize_mem                               0x00002281   Thumb Code    48  at_mem.o(i.resize_mem)
    run_eth_link                             0x000022b5   Thumb Code   162  at_ethernet.o(i.run_eth_link)
    set_u32                                  0x00002365   Thumb Code    16  at_lib.o(i.set_u32)
    str_up_case                              0x00002375   Thumb Code    26  at_lib.o(i.str_up_case)
    tcp_get_socket                           0x00002391   Thumb Code    62  at_tcp.o(i.tcp_get_socket)
    tcp_listen                               0x000023ed   Thumb Code   114  at_tcp.o(i.tcp_listen)
    tcp_poll_sockets                         0x00002509   Thumb Code   472  at_tcp.o(i.tcp_poll_sockets)
    timer_tick                               0x0000298d   Thumb Code     8  at_system.o(i.timer_tick)
    udp_get_buf                              0x00002999   Thumb Code    16  at_udp.o(i.udp_get_buf)
    udp_get_socket                           0x000029a9   Thumb Code    62  at_udp.o(i.udp_get_socket)
    udp_open                                 0x000029f1   Thumb Code   112  at_udp.o(i.udp_open)
    udp_send                                 0x00002a6d   Thumb Code   260  at_udp.o(i.udp_send)
    nlocalm                                  0x00002b78   Data          60  net_config.o(.constdata)
    netif_cfg                                0x00002bb4   Data           1  net_config.o(.constdata)
    MPool_Size                               0x00002bb8   Data           4  net_config.o(.constdata)
    tick_rate                                0x00002bbc   Data           2  net_config.o(.constdata)
    arp_TabSize                              0x00002bbe   Data           2  net_config.o(.constdata)
    arp_TimeOut                              0x00002bc0   Data           2  net_config.o(.constdata)
    arp_MaxRetry                             0x00002bc2   Data           1  net_config.o(.constdata)
    arp_Resend                               0x00002bc3   Data           1  net_config.o(.constdata)
    udp_NumSocks                             0x00002bc4   Data           1  net_config.o(.constdata)
    tcp_NumSocks                             0x00002bc5   Data           1  net_config.o(.constdata)
    tcp_MaxRetry                             0x00002bc6   Data           1  net_config.o(.constdata)
    tcp_RetryTout                            0x00002bc8   Data           2  net_config.o(.constdata)
    tcp_2MSSTout                             0x00002bca   Data           2  net_config.o(.constdata)
    tcp_SynRetryTout                         0x00002bcc   Data           2  net_config.o(.constdata)
    tcp_InitRetryTout                        0x00002bce   Data           2  net_config.o(.constdata)
    tcp_ConRetry                             0x00002bd0   Data           1  net_config.o(.constdata)
    Font_6x8_h                               0x00002bd2   Data         896  glcd_spi_lpc1700.o(.constdata)
    Font_16x24_h                             0x00002f52   Data        5376  glcd_spi_lpc1700.o(.constdata)
    MAC_Broadcast                            0x0000445a   Data           6  at_ethernet.o(.constdata)
    IP_Broadcast                             0x00004460   Data           4  at_ip.o(.constdata)
    Region$$Table$$Base                      0x00004464   Number         0  anon$$obj.o(Region$$Table)
    Region$$Table$$Limit                     0x00004484   Number         0  anon$$obj.o(Region$$Table)
    socket_tcp                               0x10000000   Data           1  ledswitch.o(.data)
    socket_udp                               0x10000001   Data           1  ledswitch.o(.data)
    lhost_name                               0x10000002   Data          16  net_config.o(.data)
    own_hw_adr                               0x10000012   Data           6  net_config.o(.data)
    iap_entry                                0x1000001c   Data           4  emac_lpc17xx.o(.data)
    SystemFrequency                          0x10000028   Data           4  system_lpc17xx.o(.data)
    sys_tick                                 0x10000040   Data           1  at_system.o(.data)
    sec_tick                                 0x10000041   Data           1  at_system.o(.data)
    timer_cnt                                0x10000044   Data           2  at_system.o(.data)
    Mem_Pool                                 0x10000050   Data        8192  net_config.o(.bss)
    arp_table                                0x10002050   Data         140  net_config.o(.bss)
    udp_socket                               0x100020dc   Data          24  net_config.o(.bss)
    tcp_socket                               0x100020f4   Data         132  net_config.o(.bss)
    localm                                   0x10004c5c   Data          60  at_system.o(.bss)
    __initial_sp                             0x10005098   Data           0  startup_lpc17xx.o(STACK)



==============================================================================

Memory Map of the image

  Image Entry point : 0x000000cd

  Load Region LR_IROM1 (Base: 0x00000000, Size: 0x000044d4, Max: 0x00080000, ABSOLUTE)

    Execution Region ER_IROM1 (Base: 0x00000000, Size: 0x00004484, Max: 0x00080000, ABSOLUTE)

    Base Addr    Size         Type   Attr      Idx    E Section Name        Object

    0x00000000   0x000000cc   Data   RO           90    RESET               startup_lpc17xx.o
    0x000000cc   0x00000000   Code   RO          372  * .ARM.Collect$$$$00000000  mc_w.l(entry.o)
    0x000000cc   0x00000004   Code   RO          375    .ARM.Collect$$$$00000001  mc_w.l(entry2.o)
    0x000000d0   0x00000004   Code   RO          378    .ARM.Collect$$$$00000004  mc_w.l(entry5.o)
    0x000000d4   0x00000008   Code   RO          379    .ARM.Collect$$$$00000007  mc_w.l(entry7.o)
    0x000000dc   0x00000004   Code   RO          376    .ARM.Collect$$$$00002712  mc_w.l(entry2.o)
    0x000000e0   0x000001ac   Code   RO            1    .text               ledswitch.o
    0x0000028c   0x0000003e   Code   RO           45    .text               net_config.o
    0x000002ca   0x00000002   PAD
    0x000002cc   0x0000001c   Code   RO           92    .text               startup_lpc17xx.o
    0x000002e8   0x0000000a   Code   RO          326    i.CalcChksumVal     TCP_CM3.lib(at_lib.o)
    0x000002f2   0x0000000a   Code   RO          327    i.SwapB             TCP_CM3.lib(at_lib.o)
    0x000002fc   0x00000004   Code   RO           91    .ARM.__at_0x02FC    startup_lpc17xx.o
    0x00000300   0x00000454   Code   RO           99    .text               emac_lpc17xx.o
    0x00000754   0x0000071c   Code   RO          122    .text               glcd_spi_lpc1700.o
    0x00000e70   0x0000015c   Code   RO          151    .text               system_lpc17xx.o
    0x00000fcc   0x00000024   Code   RO          380    .text               mc_w.l(init.o)
    0x00000ff0   0x00000016   Code   RO          324    i.CalcChksum        TCP_CM3.lib(at_lib.o)
    0x00001006   0x00000002   PAD
    0x00001008   0x00000028   Code   RO          325    i.CalcChksumBuf     TCP_CM3.lib(at_lib.o)
    0x00001030   0x0000000e   Code   RO          384    i.__scatterload_copy  mc_w.l(handlers.o)
    0x0000103e   0x00000002   Code   RO          385    i.__scatterload_null  mc_w.l(handlers.o)
    0x00001040   0x0000000e   Code   RO          386    i.__scatterload_zeroinit  mc_w.l(handlers.o)
    0x0000104e   0x00000002   PAD
    0x00001050   0x000000a4   Code   RO          268    i.alloc_mem         TCP_CM3.lib(at_mem.o)
    0x000010f4   0x000000c4   Code   RO          287    i.arp_cache_add     TCP_CM3.lib(at_arp.o)
    0x000011b8   0x0000006c   Code   RO          288    i.arp_cache_alloc   TCP_CM3.lib(at_arp.o)
    0x00001224   0x00000118   Code   RO          289    i.arp_cache_find    TCP_CM3.lib(at_arp.o)
    0x0000133c   0x000000f8   Code   RO          291    i.arp_cache_update  TCP_CM3.lib(at_arp.o)
    0x00001434   0x00000068   Code   RO          293    i.arp_get_response  TCP_CM3.lib(at_arp.o)
    0x0000149c   0x0000009c   Code   RO          294    i.arp_send_reply    TCP_CM3.lib(at_arp.o)
    0x00001538   0x000000ac   Code   RO          295    i.arp_send_req      TCP_CM3.lib(at_arp.o)
    0x000015e4   0x00000010   Code   RO          249    i.eth_chk_adr       TCP_CM3.lib(at_ethernet.o)
    0x000015f4   0x00000098   Code   RO          251    i.eth_send_frame    TCP_CM3.lib(at_ethernet.o)
    0x0000168c   0x00000068   Code   RO          269    i.free_mem          TCP_CM3.lib(at_mem.o)
    0x000016f4   0x00000016   Code   RO          334    i.get_u32           TCP_CM3.lib(at_lib.o)
    0x0000170a   0x00000002   PAD
    0x0000170c   0x00000038   Code   RO          278    i.init_TcpNet       TCP_CM3.lib(at_system.o)
    0x00001744   0x00000028   Code   RO          296    i.init_arp          TCP_CM3.lib(at_arp.o)
    0x0000176c   0x00000024   Code   RO          252    i.init_eth_link     TCP_CM3.lib(at_ethernet.o)
    0x00001790   0x00000024   Code   RO          270    i.init_mem          TCP_CM3.lib(at_mem.o)
    0x000017b4   0x00000028   Code   RO          243    i.init_nbns         TCP_CM3.lib(at_nbns.o)
    0x000017dc   0x00000018   Code   RO          169    i.init_tcp          TCP_CM3.lib(at_tcp.o)
    0x000017f4   0x0000001c   Code   RO          224    i.init_udp          TCP_CM3.lib(at_udp.o)
    0x00001810   0x000000c4   Code   RO          312    i.ip_chk_frame      TCP_CM3.lib(at_ip.o)
    0x000018d4   0x0000000a   Code   RO          313    i.ip_get_chksum     TCP_CM3.lib(at_ip.o)
    0x000018de   0x00000002   PAD
    0x000018e0   0x00000098   Code   RO          314    i.ip_get_locadr     TCP_CM3.lib(at_ip.o)
    0x00001978   0x00000090   Code   RO          315    i.ip_send_frame     TCP_CM3.lib(at_ip.o)
    0x00001a08   0x00000022   Code   RO          335    i.is_subnet         TCP_CM3.lib(at_lib.o)
    0x00001a2a   0x00000002   PAD
    0x00001a2c   0x0000002c   Code   RO          297    i.is_subnet_bcast   TCP_CM3.lib(at_arp.o)
    0x00001a58   0x0000003c   Code   RO          279    i.main_TcpNet       TCP_CM3.lib(at_system.o)
    0x00001a94   0x0000001e   Code   RO          336    i.mem_comp          TCP_CM3.lib(at_lib.o)
    0x00001ab2   0x00000002   PAD
    0x00001ab4   0x0000001c   Code   RO          337    i.mem_copy          TCP_CM3.lib(at_lib.o)
    0x00001ad0   0x00000010   Code   RO          339    i.mem_set           TCP_CM3.lib(at_lib.o)
    0x00001ae0   0x00000016   Code   RO          340    i.mem_test          TCP_CM3.lib(at_lib.o)
    0x00001af6   0x00000002   PAD
    0x00001af8   0x00000118   Code   RO          244    i.nbns_listener     TCP_CM3.lib(at_nbns.o)
    0x00001c10   0x00000002   Code   RO          253    i.poll_ethernet     TCP_CM3.lib(at_ethernet.o)
    0x00001c12   0x00000002   PAD
    0x00001c14   0x00000098   Code   RO          298    i.process_arp       TCP_CM3.lib(at_arp.o)
    0x00001cac   0x00000002   Code   RO          254    i.process_hl_igmp   TCP_CM3.lib(at_ethernet.o)
    0x00001cae   0x00000074   Code   RO          322    i.process_icmp      TCP_CM3.lib(at_icmp.o)
    0x00001d22   0x00000002   PAD
    0x00001d24   0x0000046c   Code   RO          170    i.process_tcp       TCP_CM3.lib(at_tcp.o)
    0x00002190   0x000000c4   Code   RO          225    i.process_udp       TCP_CM3.lib(at_udp.o)
    0x00002254   0x0000002c   Code   RO          255    i.put_in_queue      TCP_CM3.lib(at_ethernet.o)
    0x00002280   0x00000034   Code   RO          271    i.resize_mem        TCP_CM3.lib(at_mem.o)
    0x000022b4   0x000000b0   Code   RO          256    i.run_eth_link      TCP_CM3.lib(at_ethernet.o)
    0x00002364   0x00000010   Code   RO          341    i.set_u32           TCP_CM3.lib(at_lib.o)
    0x00002374   0x0000001a   Code   RO          347    i.str_up_case       TCP_CM3.lib(at_lib.o)
    0x0000238e   0x00000002   PAD
    0x00002390   0x00000048   Code   RO          178    i.tcp_get_socket    TCP_CM3.lib(at_tcp.o)
    0x000023d8   0x00000014   Code   RO          180    i.tcp_init_seq      TCP_CM3.lib(at_tcp.o)
    0x000023ec   0x0000007c   Code   RO          181    i.tcp_listen        TCP_CM3.lib(at_tcp.o)
    0x00002468   0x000000a0   Code   RO          182    i.tcp_map_socket    TCP_CM3.lib(at_tcp.o)
    0x00002508   0x000001f4   Code   RO          184    i.tcp_poll_sockets  TCP_CM3.lib(at_tcp.o)
    0x000026fc   0x00000070   Code   RO          185    i.tcp_process_opt   TCP_CM3.lib(at_tcp.o)
    0x0000276c   0x00000022   Code   RO          190    i.tcp_send_ctrl     TCP_CM3.lib(at_tcp.o)
    0x0000278e   0x00000002   PAD
    0x00002790   0x000000f4   Code   RO          191    i.tcp_send_frame    TCP_CM3.lib(at_tcp.o)
    0x00002884   0x00000080   Code   RO          192    i.tcp_send_reset    TCP_CM3.lib(at_tcp.o)
    0x00002904   0x00000012   Code   RO          194    i.tcp_set_retransmit  TCP_CM3.lib(at_tcp.o)
    0x00002916   0x00000002   PAD
    0x00002918   0x00000074   Code   RO          195    i.tcp_transit       TCP_CM3.lib(at_tcp.o)
    0x0000298c   0x0000000c   Code   RO          280    i.timer_tick        TCP_CM3.lib(at_system.o)
    0x00002998   0x00000010   Code   RO          227    i.udp_get_buf       TCP_CM3.lib(at_udp.o)
    0x000029a8   0x00000048   Code   RO          228    i.udp_get_socket    TCP_CM3.lib(at_udp.o)
    0x000029f0   0x0000007c   Code   RO          230    i.udp_open          TCP_CM3.lib(at_udp.o)
    0x00002a6c   0x0000010c   Code   RO          232    i.udp_send          TCP_CM3.lib(at_udp.o)
    0x00002b78   0x0000003c   Data   RO           50    .constdata          net_config.o
    0x00002bb4   0x00000001   Data   RO           51    .constdata          net_config.o
    0x00002bb5   0x00000003   PAD
    0x00002bb8   0x00000004   Data   RO           52    .constdata          net_config.o
    0x00002bbc   0x00000002   Data   RO           53    .constdata          net_config.o
    0x00002bbe   0x00000002   Data   RO           54    .constdata          net_config.o
    0x00002bc0   0x00000002   Data   RO           55    .constdata          net_config.o
    0x00002bc2   0x00000001   Data   RO           56    .constdata          net_config.o
    0x00002bc3   0x00000001   Data   RO           57    .constdata          net_config.o
    0x00002bc4   0x00000001   Data   RO           58    .constdata          net_config.o
    0x00002bc5   0x00000001   Data   RO           59    .constdata          net_config.o
    0x00002bc6   0x00000001   Data   RO           60    .constdata          net_config.o
    0x00002bc7   0x00000001   PAD
    0x00002bc8   0x00000002   Data   RO           61    .constdata          net_config.o
    0x00002bca   0x00000002   Data   RO           62    .constdata          net_config.o
    0x00002bcc   0x00000002   Data   RO           63    .constdata          net_config.o
    0x00002bce   0x00000002   Data   RO           64    .constdata          net_config.o
    0x00002bd0   0x00000001   Data   RO           66    .constdata          net_config.o
    0x00002bd1   0x00000001   PAD
    0x00002bd2   0x00001880   Data   RO          123    .constdata          glcd_spi_lpc1700.o
    0x00004452   0x00000008   Data   RO          245    .constdata          TCP_CM3.lib(at_nbns.o)
    0x0000445a   0x00000006   Data   RO          258    .constdata          TCP_CM3.lib(at_ethernet.o)
    0x00004460   0x00000004   Data   RO          316    .constdata          TCP_CM3.lib(at_ip.o)
    0x00004464   0x00000020   Data   RO          382    Region$$Table       anon$$obj.o


    Execution Region RW_IRAM1 (Base: 0x10000000, Size: 0x00005098, Max: 0x00008000, ABSOLUTE)

    Base Addr    Size         Type   Attr      Idx    E Section Name        Object

    0x10000000   0x00000002   Data   RW            2    .data               ledswitch.o
    0x10000002   0x00000010   Data   RW           67    .data               net_config.o
    0x10000012   0x00000006   Data   RW           68    .data               net_config.o
    0x10000018   0x00000008   Data   RW          101    .data               emac_lpc17xx.o
    0x10000020   0x00000006   Data   RW          124    .data               glcd_spi_lpc1700.o
    0x10000026   0x00000002   PAD
    0x10000028   0x00000004   Data   RW          152    .data               system_lpc17xx.o
    0x1000002c   0x00000004   Data   RW          196    .data               TCP_CM3.lib(at_tcp.o)
    0x10000030   0x00000002   Data   RW          233    .data               TCP_CM3.lib(at_udp.o)
    0x10000032   0x00000001   Data   RW          246    .data               TCP_CM3.lib(at_nbns.o)
    0x10000033   0x00000001   PAD
    0x10000034   0x00000008   Data   RW          259    .data               TCP_CM3.lib(at_ethernet.o)
    0x1000003c   0x00000004   Data   RW          272    .data               TCP_CM3.lib(at_mem.o)
    0x10000040   0x00000008   Data   RW          282    .data               TCP_CM3.lib(at_system.o)
    0x10000048   0x00000002   Data   RW          299    .data               TCP_CM3.lib(at_arp.o)
    0x1000004a   0x00000004   Data   RW          317    .data               TCP_CM3.lib(at_ip.o)
    0x1000004e   0x00000002   PAD
    0x10000050   0x00002000   Zero   RW           46    .bss                net_config.o
    0x10002050   0x0000008c   Zero   RW           47    .bss                net_config.o
    0x100020dc   0x00000018   Zero   RW           48    .bss                net_config.o
    0x100020f4   0x00000084   Zero   RW           49    .bss                net_config.o
    0x10002178   0x00002a64   Zero   RW          100    .bss                emac_lpc17xx.o
    0x10004bdc   0x00000080   Zero   RW          257    .bss                TCP_CM3.lib(at_ethernet.o)
    0x10004c5c   0x0000003c   Zero   RW          281    .bss                TCP_CM3.lib(at_system.o)
    0x10004c98   0x00000400   Zero   RW           88    STACK               startup_lpc17xx.o


==============================================================================

Image component sizes


      Code (inc. data)   RO Data    RW Data    ZI Data      Debug   Object Name

      1108         58          0          8      10852      14775   emac_lpc17xx.o
      1820         44       6272          6          0       8466   glcd_spi_lpc1700.o
       428         62          0          2          0      29845   ledswitch.o
        62          0         85         22       8488       6221   net_config.o
        32          8        204          0       1024        904   startup_lpc17xx.o
       348         34          0          4          0        771   system_lpc17xx.o

    ----------------------------------------------------------------------
      3800        206       6598         44      20364      60982   Object Totals
         0          0         32          0          0          0   (incl. Generated)
         2          0          5          2          0          2   (incl. Padding)

    ----------------------------------------------------------------------

      Code (inc. data)   RO Data    RW Data    ZI Data      Debug   Library Member Name

      1500        156          0          2          0        892   at_arp.o
       428         48          6          8        128        544   at_ethernet.o
       116          0          0          0          0         88   at_icmp.o
       502         26          4          4          0        332   at_ip.o
       276          0          0          0          0        852   at_lib.o
       356         38          0          4          0        348   at_mem.o
       320         26          8          1          0        184   at_nbns.o
       128         28          0          8         60        216   at_system.o
      2684        154          0          4          0       1152   at_tcp.o
       704         50          0          2          0        484   at_udp.o
         0          0          0          0          0          0   entry.o
         8          4          0          0          0          0   entry2.o
         4          0          0          0          0          0   entry5.o
         8          4          0          0          0          0   entry7.o
        30          0          0          0          0          0   handlers.o
        36          8          0          0          0         68   init.o

    ----------------------------------------------------------------------
      7124        542         18         36        188       5160   Library Totals
        24          0          0          3          0          0   (incl. Padding)

    ----------------------------------------------------------------------

      Code (inc. data)   RO Data    RW Data    ZI Data      Debug   Library Name

      7014        526         18         33        188       5092   TCP_CM3.lib
        86         16          0          0          0         68   mc_w.l

    ----------------------------------------------------------------------
      7124        542         18         36        188       5160   Library Totals

    ----------------------------------------------------------------------

==============================================================================


      Code (inc. data)   RO Data    RW Data    ZI Data      Debug   

     10924        748       6616         80      20552      62504   Grand Totals
     10924        748       6616         80      20552      62504   ELF Image Totals
     10924        748       6616         80          0          0   ROM Totals

==============================================================================

    Total RO  Size (Code + RO Data)                17540 (  17.13kB)
    Total RW  Size (RW Data + ZI Data)             20632 (  20.15kB)
    Total ROM Size (Code + RO Data + RW Data)      17620 (  17.21kB)

==============================================================================

