<html>
<body>
<pre>
<h1>µVision Build Log</h1>
<h2>Project:</h2>
E:\L\UKU\Http_demo_orig\Http_demo.uvproj
Project File Date:  03/17/2016

<h2>Output:</h2>
Build target 'MCB1700'
custom translating Web.inp...
Custom: C:\Keil\ARM\bin\fcarm @Web\Web.inp
FCARM FILE CONVERTER V2.29
Completed 19 File(s), Ratio 88%
compiling HTTP_demo.c...
compiling HTTP_CGI.c...
compiling WEB.C...
compiling Net_Config.c...
assembling startup_LPC17xx.s...
compiling EMAC_LPC17xx.c...
compiling GLCD_SPI_LPC1700.c...
compiling system_LPC17xx.c...
linking...
Program Size: Code=26712 RO-data=36648 RW-data=156 ZI-data=21120  
".\Obj\Http_demo.axf" - 0 Error(s), 0 Warning(s).
Build target 'MCB1700'
custom translating Web.inp...
Custom: C:\Keil\ARM\bin\fcarm @Web\Web.inp
FCARM FILE CONVERTER V2.29
Completed 19 File(s), Ratio 88%
compiling HTTP_demo.c...
compiling HTTP_CGI.c...
compiling WEB.C...
compiling Net_Config.c...
assembling startup_LPC17xx.s...
compiling EMAC_LPC17xx.c...
compiling GLCD_SPI_LPC1700.c...
compiling system_LPC17xx.c...
linking...
Program Size: Code=26712 RO-data=36648 RW-data=156 ZI-data=21120  
".\Obj\Http_demo.axf" - 0 Error(s), 0 Warning(s).
