<!doctype html public "-//w3c//dtd html 4.0 transitional//en">
<html><head>
<title>Static Call Graph - [.\Obj\Http_demo.axf]</title></head>
<body><HR>
<H1>Static Call Graph for image .\Obj\Http_demo.axf</H1><HR>
<BR><P>#&#060CALLGRAPH&#062# ARM Linker, 4.1 [Build 644]: Last Updated: Wed Apr 27 09:56:21 2016
<BR><P>
<H3>Maximum Stack Usage =        312 bytes + Unknown(Functions without stacksize, Cycles, Untraceable Function Pointers)</H3><H3>
Call chain for Maximum Stack Depth:</H3>
http_listener &rArr; cgi_process_var &rArr; __0sscanf &rArr; __vfscanf_char &rArr; __vfscanf &rArr; _scanf_int
<P>
<H3>
Functions with no stack information
</H3><UL>
 <LI><a href="#[9]">SysTick_Handler</a>
</UL>
</UL>
<P>
<H3>
Mutually Recursive functions
</H3> <LI><a href="#[5b]">os_error</a>&nbsp;&nbsp;&nbsp;&rArr;&nbsp;&nbsp;&nbsp;<a href="#[5b]">os_error</a><BR>
 <LI><a href="#[41]">os_idle_demon</a>&nbsp;&nbsp;&nbsp;&rArr;&nbsp;&nbsp;&nbsp;<a href="#[41]">os_idle_demon</a><BR>
 <LI><a href="#[1]">NMI_Handler</a>&nbsp;&nbsp;&nbsp;&rArr;&nbsp;&nbsp;&nbsp;<a href="#[1]">NMI_Handler</a><BR>
 <LI><a href="#[2]">HardFault_Handler</a>&nbsp;&nbsp;&nbsp;&rArr;&nbsp;&nbsp;&nbsp;<a href="#[2]">HardFault_Handler</a><BR>
 <LI><a href="#[3]">MemManage_Handler</a>&nbsp;&nbsp;&nbsp;&rArr;&nbsp;&nbsp;&nbsp;<a href="#[3]">MemManage_Handler</a><BR>
 <LI><a href="#[4]">BusFault_Handler</a>&nbsp;&nbsp;&nbsp;&rArr;&nbsp;&nbsp;&nbsp;<a href="#[4]">BusFault_Handler</a><BR>
 <LI><a href="#[5]">UsageFault_Handler</a>&nbsp;&nbsp;&nbsp;&rArr;&nbsp;&nbsp;&nbsp;<a href="#[5]">UsageFault_Handler</a><BR>
 <LI><a href="#[7]">DebugMon_Handler</a>&nbsp;&nbsp;&nbsp;&rArr;&nbsp;&nbsp;&nbsp;<a href="#[7]">DebugMon_Handler</a><BR>
 <LI><a href="#[20]">ADC_IRQHandler</a>&nbsp;&nbsp;&nbsp;&rArr;&nbsp;&nbsp;&nbsp;<a href="#[20]">ADC_IRQHandler</a><BR>
 <LI><a href="#[48]">sys_error</a>&nbsp;&nbsp;&nbsp;&rArr;&nbsp;&nbsp;&nbsp;<a href="#[48]">sys_error</a><BR>
 <LI><a href="#[62]">mem_test</a>&nbsp;&nbsp;&nbsp;&rArr;&nbsp;&nbsp;&nbsp;<a href="#[62]">mem_test</a><BR>
 <LI><a href="#[f8]">str_up_case</a>&nbsp;&nbsp;&nbsp;&rArr;&nbsp;&nbsp;&nbsp;<a href="#[f8]">str_up_case</a><BR>
</UL>
<P>
<H3>
Function Pointers
</H3><UL>
 <LI><a href="#[20]">ADC_IRQHandler</a> from startup_lpc17xx.o(.text) referenced from startup_lpc17xx.o(RESET)
 <LI><a href="#[21]">BOD_IRQHandler</a> from startup_lpc17xx.o(.text) referenced from startup_lpc17xx.o(RESET)
 <LI><a href="#[4]">BusFault_Handler</a> from startup_lpc17xx.o(.text) referenced from startup_lpc17xx.o(RESET)
 <LI><a href="#[2c]">CANActivity_IRQHandler</a> from startup_lpc17xx.o(.text) referenced from startup_lpc17xx.o(RESET)
 <LI><a href="#[23]">CAN_IRQHandler</a> from startup_lpc17xx.o(.text) referenced from startup_lpc17xx.o(RESET)
 <LI><a href="#[24]">DMA_IRQHandler</a> from startup_lpc17xx.o(.text) referenced from startup_lpc17xx.o(RESET)
 <LI><a href="#[7]">DebugMon_Handler</a> from startup_lpc17xx.o(.text) referenced from startup_lpc17xx.o(RESET)
 <LI><a href="#[1c]">EINT0_IRQHandler</a> from startup_lpc17xx.o(.text) referenced from startup_lpc17xx.o(RESET)
 <LI><a href="#[1d]">EINT1_IRQHandler</a> from startup_lpc17xx.o(.text) referenced from startup_lpc17xx.o(RESET)
 <LI><a href="#[1e]">EINT2_IRQHandler</a> from startup_lpc17xx.o(.text) referenced from startup_lpc17xx.o(RESET)
 <LI><a href="#[1f]">EINT3_IRQHandler</a> from startup_lpc17xx.o(.text) referenced from startup_lpc17xx.o(RESET)
 <LI><a href="#[26]">ENET_IRQHandler</a> from emac_lpc17xx.o(.text) referenced from startup_lpc17xx.o(RESET)
 <LI><a href="#[2]">HardFault_Handler</a> from startup_lpc17xx.o(.text) referenced from startup_lpc17xx.o(RESET)
 <LI><a href="#[14]">I2C0_IRQHandler</a> from startup_lpc17xx.o(.text) referenced from startup_lpc17xx.o(RESET)
 <LI><a href="#[15]">I2C1_IRQHandler</a> from startup_lpc17xx.o(.text) referenced from startup_lpc17xx.o(RESET)
 <LI><a href="#[16]">I2C2_IRQHandler</a> from startup_lpc17xx.o(.text) referenced from startup_lpc17xx.o(RESET)
 <LI><a href="#[25]">I2S_IRQHandler</a> from startup_lpc17xx.o(.text) referenced from startup_lpc17xx.o(RESET)
 <LI><a href="#[28]">MCPWM_IRQHandler</a> from startup_lpc17xx.o(.text) referenced from startup_lpc17xx.o(RESET)
 <LI><a href="#[3]">MemManage_Handler</a> from startup_lpc17xx.o(.text) referenced from startup_lpc17xx.o(RESET)
 <LI><a href="#[1]">NMI_Handler</a> from startup_lpc17xx.o(.text) referenced from startup_lpc17xx.o(RESET)
 <LI><a href="#[1a]">PLL0_IRQHandler</a> from startup_lpc17xx.o(.text) referenced from startup_lpc17xx.o(RESET)
 <LI><a href="#[2a]">PLL1_IRQHandler</a> from startup_lpc17xx.o(.text) referenced from startup_lpc17xx.o(RESET)
 <LI><a href="#[13]">PWM1_IRQHandler</a> from startup_lpc17xx.o(.text) referenced from startup_lpc17xx.o(RESET)
 <LI><a href="#[8]">PendSV_Handler</a> from hal_cm3.o(.emb_text) referenced from startup_lpc17xx.o(RESET)
 <LI><a href="#[29]">QEI_IRQHandler</a> from startup_lpc17xx.o(.text) referenced from startup_lpc17xx.o(RESET)
 <LI><a href="#[27]">RIT_IRQHandler</a> from startup_lpc17xx.o(.text) referenced from startup_lpc17xx.o(RESET)
 <LI><a href="#[1b]">RTC_IRQHandler</a> from startup_lpc17xx.o(.text) referenced from startup_lpc17xx.o(RESET)
 <LI><a href="#[0]">Reset_Handler</a> from startup_lpc17xx.o(.text) referenced from startup_lpc17xx.o(RESET)
 <LI><a href="#[17]">SPI_IRQHandler</a> from startup_lpc17xx.o(.text) referenced from startup_lpc17xx.o(RESET)
 <LI><a href="#[18]">SSP0_IRQHandler</a> from startup_lpc17xx.o(.text) referenced from startup_lpc17xx.o(RESET)
 <LI><a href="#[19]">SSP1_IRQHandler</a> from startup_lpc17xx.o(.text) referenced from startup_lpc17xx.o(RESET)
 <LI><a href="#[6]">SVC_Handler</a> from hal_cm3.o(.emb_text) referenced from startup_lpc17xx.o(RESET)
 <LI><a href="#[9]">SysTick_Handler</a> from hal_cm3.o(.emb_text) referenced from startup_lpc17xx.o(RESET)
 <LI><a href="#[b]">TIMER0_IRQHandler</a> from startup_lpc17xx.o(.text) referenced from startup_lpc17xx.o(RESET)
 <LI><a href="#[c]">TIMER1_IRQHandler</a> from startup_lpc17xx.o(.text) referenced from startup_lpc17xx.o(RESET)
 <LI><a href="#[d]">TIMER2_IRQHandler</a> from startup_lpc17xx.o(.text) referenced from startup_lpc17xx.o(RESET)
 <LI><a href="#[e]">TIMER3_IRQHandler</a> from startup_lpc17xx.o(.text) referenced from startup_lpc17xx.o(RESET)
 <LI><a href="#[f]">UART0_IRQHandler</a> from startup_lpc17xx.o(.text) referenced from startup_lpc17xx.o(RESET)
 <LI><a href="#[10]">UART1_IRQHandler</a> from startup_lpc17xx.o(.text) referenced from startup_lpc17xx.o(RESET)
 <LI><a href="#[11]">UART2_IRQHandler</a> from startup_lpc17xx.o(.text) referenced from startup_lpc17xx.o(RESET)
 <LI><a href="#[12]">UART3_IRQHandler</a> from startup_lpc17xx.o(.text) referenced from startup_lpc17xx.o(RESET)
 <LI><a href="#[2b]">USBActivity_IRQHandler</a> from startup_lpc17xx.o(.text) referenced from startup_lpc17xx.o(RESET)
 <LI><a href="#[22]">USB_IRQHandler</a> from startup_lpc17xx.o(.text) referenced from startup_lpc17xx.o(RESET)
 <LI><a href="#[5]">UsageFault_Handler</a> from startup_lpc17xx.o(.text) referenced from startup_lpc17xx.o(RESET)
 <LI><a href="#[a]">WDT_IRQHandler</a> from startup_lpc17xx.o(.text) referenced from startup_lpc17xx.o(RESET)
 <LI><a href="#[30]">__main</a> from entry.o(.ARM.Collect$$$$00000000) referenced from startup_lpc17xx.o(.text)
 <LI><a href="#[3a]">_sbackspace</a> from _sgetc.o(.text) referenced from __0sscanf.o(.text)
 <LI><a href="#[3b]">_scanf_char_input</a> from scanf_char.o(.text) referenced from scanf_char.o(.text)
 <LI><a href="#[39]">_sgetc</a> from _sgetc.o(.text) referenced from __0sscanf.o(.text)
 <LI><a href="#[3d]">_sputc</a> from printfa.o(i._sputc) referenced from printfa.o(i.__0sprintf)
 <LI><a href="#[69]">blink_led</a> from http_demo.o(.text) referenced from http_demo.o(.text)
 <LI><a href="#[3e]">dhcp_listener</a> from at_dhcp.o(i.dhcp_listener) referenced from at_dhcp.o(i.init_dhcp)
 <LI><a href="#[3f]">http_listener</a> from at_http.o(i.http_listener) referenced from at_http.o(i.init_http)
 <LI><a href="#[6d]">init</a> from http_demo.o(.text) referenced from http_demo.o(.text)
 <LI><a href="#[3c]">isspace</a> from isspace_o.o(.text) referenced from scanf_char.o(.text)
 <LI><a href="#[2d]">main</a> from http_demo.o(.text) referenced from entry7.o(.ARM.Collect$$$$00000007)
 <LI><a href="#[40]">nbns_listener</a> from at_nbns.o(i.nbns_listener) referenced from at_nbns.o(i.init_nbns)
 <LI><a href="#[41]">os_idle_demon</a> from rtx_conf_cm.o(.text) referenced from rt_task.o(i.rt_sys_init)
 <LI><a href="#[2e]">rt_alloc_box</a> from rt_membox.o(i.rt_alloc_box) referenced from hal_cm3.o(.emb_text)
 <LI><a href="#[34]">rt_dly_wait</a> from rt_time.o(i.rt_dly_wait) referenced from http_demo.o(.text)
 <LI><a href="#[2f]">rt_free_box</a> from rt_membox.o(i.rt_free_box) referenced from hal_cm3.o(.emb_text)
 <LI><a href="#[32]">rt_itv_set</a> from rt_time.o(i.rt_itv_set) referenced from http_demo.o(.text)
 <LI><a href="#[33]">rt_itv_wait</a> from rt_time.o(i.rt_itv_wait) referenced from http_demo.o(.text)
 <LI><a href="#[38]">rt_sys_init</a> from rt_task.o(i.rt_sys_init) referenced from http_demo.o(.text)
 <LI><a href="#[36]">rt_tsk_create</a> from rt_task.o(i.rt_tsk_create) referenced from http_demo.o(.text)
 <LI><a href="#[37]">rt_tsk_delete</a> from rt_task.o(i.rt_tsk_delete) referenced from http_demo.o(.text)
 <LI><a href="#[31]">rt_tsk_pass</a> from rt_task.o(i.rt_tsk_pass) referenced from http_demo.o(.text)
 <LI><a href="#[35]">rt_tsk_prio</a> from rt_task.o(i.rt_tsk_prio) referenced from http_demo.o(.text)
 <LI><a href="#[65]">tcp_task</a> from http_demo.o(.text) referenced from http_demo.o(.text)
 <LI><a href="#[67]">timer_task</a> from http_demo.o(.text) referenced from http_demo.o(.text)
</UL>
<P>
<H3>
Global Symbols
</H3>
<P><STRONG><a name="[30]"></a>__main</STRONG> (Thumb, 0 bytes, Stack size unknown bytes, entry.o(.ARM.Collect$$$$00000000))
<BR>[Address Reference Count : 1]<UL><LI> startup_lpc17xx.o(.text)
</UL>
<P><STRONG><a name="[129]"></a>_main_stk</STRONG> (Thumb, 0 bytes, Stack size unknown bytes, entry2.o(.ARM.Collect$$$$00000001))

<P><STRONG><a name="[42]"></a>_main_scatterload</STRONG> (Thumb, 0 bytes, Stack size unknown bytes, entry5.o(.ARM.Collect$$$$00000004))
<BR><BR>[Calls]<UL><LI><a href="#[43]">&gt;&gt;</a>&nbsp;&nbsp;&nbsp;__scatterload
</UL>

<P><STRONG><a name="[ae]"></a>__main_after_scatterload</STRONG> (Thumb, 0 bytes, Stack size unknown bytes, entry5.o(.ARM.Collect$$$$00000004))
<BR><BR>[Called By]<UL><LI><a href="#[43]">&gt;&gt;</a>&nbsp;&nbsp;&nbsp;__scatterload
</UL>

<P><STRONG><a name="[12a]"></a>_main_init</STRONG> (Thumb, 0 bytes, Stack size unknown bytes, entry7.o(.ARM.Collect$$$$00000007))

<P><STRONG><a name="[119]"></a>rt_set_PSP</STRONG> (Thumb, 6 bytes, Stack size 0 bytes, hal_cm3.o(.emb_text))
<BR><BR>[Called By]<UL><LI><a href="#[38]">&gt;&gt;</a>&nbsp;&nbsp;&nbsp;rt_sys_init
</UL>

<P><STRONG><a name="[73]"></a>os_set_env</STRONG> (Thumb, 26 bytes, Stack size 0 bytes, hal_cm3.o(.emb_text))
<BR><BR>[Called By]<UL><LI><a href="#[2d]">&gt;&gt;</a>&nbsp;&nbsp;&nbsp;main
</UL>

<P><STRONG><a name="[12b]"></a>_alloc_box</STRONG> (Thumb, 28 bytes, Stack size 0 bytes, hal_cm3.o(.emb_text), UNUSED)

<P><STRONG><a name="[12c]"></a>_free_box</STRONG> (Thumb, 28 bytes, Stack size 0 bytes, hal_cm3.o(.emb_text), UNUSED)

<P><STRONG><a name="[6]"></a>SVC_Handler</STRONG> (Thumb, 132 bytes, Stack size 0 bytes, hal_cm3.o(.emb_text))
<BR><BR>[Calls]<UL><LI><a href="#[44]">&gt;&gt;</a>&nbsp;&nbsp;&nbsp;rt_stk_check
</UL>
<BR>[Address Reference Count : 1]<UL><LI> startup_lpc17xx.o(RESET)
</UL>
<P><STRONG><a name="[8]"></a>PendSV_Handler</STRONG> (Thumb, 0 bytes, Stack size 0 bytes, hal_cm3.o(.emb_text))
<BR>[Address Reference Count : 1]<UL><LI> startup_lpc17xx.o(RESET)
</UL>
<P><STRONG><a name="[45]"></a>Sys_Handler</STRONG> (Thumb, 84 bytes, Stack size 0 bytes, hal_cm3.o(.emb_text), UNUSED)
<BR><BR>[Calls]<UL><LI><a href="#[47]">&gt;&gt;</a>&nbsp;&nbsp;&nbsp;rt_systick
<LI><a href="#[44]">&gt;&gt;</a>&nbsp;&nbsp;&nbsp;rt_stk_check
<LI><a href="#[46]">&gt;&gt;</a>&nbsp;&nbsp;&nbsp;rt_pop_req
</UL>

<P><STRONG><a name="[9]"></a>SysTick_Handler</STRONG> (Thumb, 0 bytes, Stack size unknown bytes, hal_cm3.o(.emb_text))
<BR>[Address Reference Count : 1]<UL><LI> startup_lpc17xx.o(RESET)
</UL>
<P><STRONG><a name="[48]"></a>sys_error</STRONG> (Thumb, 2 bytes, Stack size 0 bytes, net_config.o(.text))
<BR><BR>[Calls]<UL><LI><a href="#[48]">&gt;&gt;</a>&nbsp;&nbsp;&nbsp;sys_error
</UL>
<BR>[Called By]<UL><LI><a href="#[ee]">&gt;&gt;</a>&nbsp;&nbsp;&nbsp;udp_get_socket
<LI><a href="#[f1]">&gt;&gt;</a>&nbsp;&nbsp;&nbsp;tcp_get_socket
<LI><a href="#[58]">&gt;&gt;</a>&nbsp;&nbsp;&nbsp;process_tcp
<LI><a href="#[48]">&gt;&gt;</a>&nbsp;&nbsp;&nbsp;sys_error
<LI><a href="#[7a]">&gt;&gt;</a>&nbsp;&nbsp;&nbsp;free_mem
<LI><a href="#[76]">&gt;&gt;</a>&nbsp;&nbsp;&nbsp;alloc_mem
</UL>

<P><STRONG><a name="[49]"></a>init_system</STRONG> (Thumb, 30 bytes, Stack size 8 bytes, net_config.o(.text))
<BR><BR>[Stack]<UL><LI>Max Depth = 80<LI>Call Chain = init_system &rArr; init_eth_link &rArr; init_ethernet &rArr; write_PHY &rArr; output_MDIO
</UL>
<BR>[Calls]<UL><LI><a href="#[4b]">&gt;&gt;</a>&nbsp;&nbsp;&nbsp;init_udp
<LI><a href="#[4c]">&gt;&gt;</a>&nbsp;&nbsp;&nbsp;init_tcp
<LI><a href="#[4e]">&gt;&gt;</a>&nbsp;&nbsp;&nbsp;init_nbns
<LI><a href="#[4d]">&gt;&gt;</a>&nbsp;&nbsp;&nbsp;init_http
<LI><a href="#[4a]">&gt;&gt;</a>&nbsp;&nbsp;&nbsp;init_eth_link
<LI><a href="#[4f]">&gt;&gt;</a>&nbsp;&nbsp;&nbsp;init_dhcp
</UL>
<BR>[Called By]<UL><LI><a href="#[72]">&gt;&gt;</a>&nbsp;&nbsp;&nbsp;init_TcpNet
</UL>

<P><STRONG><a name="[50]"></a>run_system</STRONG> (Thumb, 22 bytes, Stack size 8 bytes, net_config.o(.text))
<BR><BR>[Stack]<UL><LI>Max Depth = 248<LI>Call Chain = run_system &rArr; run_eth_link &rArr; process_hl_tcp &rArr; process_tcp &rArr; tcp_send_reset &rArr; tcp_send_ctrl &rArr; tcp_send_frame &rArr; ip_send_frame &rArr; dispatch_frame &rArr; eth_send_frame &rArr; arp_cache_find &rArr; arp_send_req &rArr; alloc_mem
</UL>
<BR>[Calls]<UL><LI><a href="#[52]">&gt;&gt;</a>&nbsp;&nbsp;&nbsp;tcp_poll_sockets
<LI><a href="#[53]">&gt;&gt;</a>&nbsp;&nbsp;&nbsp;run_http_server
<LI><a href="#[51]">&gt;&gt;</a>&nbsp;&nbsp;&nbsp;run_eth_link
<LI><a href="#[54]">&gt;&gt;</a>&nbsp;&nbsp;&nbsp;run_dhcp_client
</UL>
<BR>[Called By]<UL><LI><a href="#[66]">&gt;&gt;</a>&nbsp;&nbsp;&nbsp;main_TcpNet
</UL>

<P><STRONG><a name="[55]"></a>process_hl_udp</STRONG> (Thumb, 4 bytes, Stack size 0 bytes, net_config.o(.text))
<BR><BR>[Stack]<UL><LI>Max Depth = 32<LI>Call Chain = process_hl_udp &rArr; process_udp
</UL>
<BR>[Calls]<UL><LI><a href="#[56]">&gt;&gt;</a>&nbsp;&nbsp;&nbsp;process_udp
</UL>
<BR>[Called By]<UL><LI><a href="#[51]">&gt;&gt;</a>&nbsp;&nbsp;&nbsp;run_eth_link
</UL>

<P><STRONG><a name="[57]"></a>process_hl_tcp</STRONG> (Thumb, 4 bytes, Stack size 0 bytes, net_config.o(.text))
<BR><BR>[Stack]<UL><LI>Max Depth = 224<LI>Call Chain = process_hl_tcp &rArr; process_tcp &rArr; tcp_send_reset &rArr; tcp_send_ctrl &rArr; tcp_send_frame &rArr; ip_send_frame &rArr; dispatch_frame &rArr; eth_send_frame &rArr; arp_cache_find &rArr; arp_send_req &rArr; alloc_mem
</UL>
<BR>[Calls]<UL><LI><a href="#[58]">&gt;&gt;</a>&nbsp;&nbsp;&nbsp;process_tcp
</UL>
<BR>[Called By]<UL><LI><a href="#[51]">&gt;&gt;</a>&nbsp;&nbsp;&nbsp;run_eth_link
</UL>

<P><STRONG><a name="[59]"></a>dispatch_frame</STRONG> (Thumb, 10 bytes, Stack size 0 bytes, net_config.o(.text))
<BR><BR>[Stack]<UL><LI>Max Depth = 96<LI>Call Chain = dispatch_frame &rArr; eth_send_frame &rArr; arp_cache_find &rArr; arp_send_req &rArr; alloc_mem
</UL>
<BR>[Calls]<UL><LI><a href="#[5a]">&gt;&gt;</a>&nbsp;&nbsp;&nbsp;eth_send_frame
</UL>
<BR>[Called By]<UL><LI><a href="#[f7]">&gt;&gt;</a>&nbsp;&nbsp;&nbsp;ip_send_frame
</UL>

<P><STRONG><a name="[f4]"></a>igmp_is_member</STRONG> (Thumb, 4 bytes, Stack size 0 bytes, net_config.o(.text))
<BR><BR>[Called By]<UL><LI><a href="#[f3]">&gt;&gt;</a>&nbsp;&nbsp;&nbsp;ip_chk_frame
</UL>

<P><STRONG><a name="[41]"></a>os_idle_demon</STRONG> (Thumb, 2 bytes, Stack size 0 bytes, rtx_conf_cm.o(.text))
<BR><BR>[Calls]<UL><LI><a href="#[41]">&gt;&gt;</a>&nbsp;&nbsp;&nbsp;os_idle_demon
</UL>
<BR>[Called By]<UL><LI><a href="#[41]">&gt;&gt;</a>&nbsp;&nbsp;&nbsp;os_idle_demon
</UL>
<BR>[Address Reference Count : 1]<UL><LI> rt_task.o(i.rt_sys_init)
</UL>
<P><STRONG><a name="[11c]"></a>os_tmr_call</STRONG> (Thumb, 2 bytes, Stack size 0 bytes, rtx_conf_cm.o(.text), UNUSED)
<BR><BR>[Called By]<UL><LI><a href="#[11b]">&gt;&gt;</a>&nbsp;&nbsp;&nbsp;rt_tmr_tick
</UL>

<P><STRONG><a name="[5b]"></a>os_error</STRONG> (Thumb, 2 bytes, Stack size 0 bytes, rtx_conf_cm.o(.text))
<BR><BR>[Calls]<UL><LI><a href="#[5b]">&gt;&gt;</a>&nbsp;&nbsp;&nbsp;os_error
</UL>
<BR>[Called By]<UL><LI><a href="#[5b]">&gt;&gt;</a>&nbsp;&nbsp;&nbsp;os_error
<LI><a href="#[112]">&gt;&gt;</a>&nbsp;&nbsp;&nbsp;rt_mbx_psh
<LI><a href="#[44]">&gt;&gt;</a>&nbsp;&nbsp;&nbsp;rt_stk_check
</UL>

<P><STRONG><a name="[0]"></a>Reset_Handler</STRONG> (Thumb, 4 bytes, Stack size 0 bytes, startup_lpc17xx.o(.text))
<BR>[Address Reference Count : 1]<UL><LI> startup_lpc17xx.o(RESET)
</UL>
<P><STRONG><a name="[1]"></a>NMI_Handler</STRONG> (Thumb, 2 bytes, Stack size 0 bytes, startup_lpc17xx.o(.text))
<BR><BR>[Calls]<UL><LI><a href="#[1]">&gt;&gt;</a>&nbsp;&nbsp;&nbsp;NMI_Handler
</UL>
<BR>[Called By]<UL><LI><a href="#[1]">&gt;&gt;</a>&nbsp;&nbsp;&nbsp;NMI_Handler
</UL>
<BR>[Address Reference Count : 1]<UL><LI> startup_lpc17xx.o(RESET)
</UL>
<P><STRONG><a name="[2]"></a>HardFault_Handler</STRONG> (Thumb, 2 bytes, Stack size 0 bytes, startup_lpc17xx.o(.text))
<BR><BR>[Calls]<UL><LI><a href="#[2]">&gt;&gt;</a>&nbsp;&nbsp;&nbsp;HardFault_Handler
</UL>
<BR>[Called By]<UL><LI><a href="#[2]">&gt;&gt;</a>&nbsp;&nbsp;&nbsp;HardFault_Handler
</UL>
<BR>[Address Reference Count : 1]<UL><LI> startup_lpc17xx.o(RESET)
</UL>
<P><STRONG><a name="[3]"></a>MemManage_Handler</STRONG> (Thumb, 2 bytes, Stack size 0 bytes, startup_lpc17xx.o(.text))
<BR><BR>[Calls]<UL><LI><a href="#[3]">&gt;&gt;</a>&nbsp;&nbsp;&nbsp;MemManage_Handler
</UL>
<BR>[Called By]<UL><LI><a href="#[3]">&gt;&gt;</a>&nbsp;&nbsp;&nbsp;MemManage_Handler
</UL>
<BR>[Address Reference Count : 1]<UL><LI> startup_lpc17xx.o(RESET)
</UL>
<P><STRONG><a name="[4]"></a>BusFault_Handler</STRONG> (Thumb, 2 bytes, Stack size 0 bytes, startup_lpc17xx.o(.text))
<BR><BR>[Calls]<UL><LI><a href="#[4]">&gt;&gt;</a>&nbsp;&nbsp;&nbsp;BusFault_Handler
</UL>
<BR>[Called By]<UL><LI><a href="#[4]">&gt;&gt;</a>&nbsp;&nbsp;&nbsp;BusFault_Handler
</UL>
<BR>[Address Reference Count : 1]<UL><LI> startup_lpc17xx.o(RESET)
</UL>
<P><STRONG><a name="[5]"></a>UsageFault_Handler</STRONG> (Thumb, 2 bytes, Stack size 0 bytes, startup_lpc17xx.o(.text))
<BR><BR>[Calls]<UL><LI><a href="#[5]">&gt;&gt;</a>&nbsp;&nbsp;&nbsp;UsageFault_Handler
</UL>
<BR>[Called By]<UL><LI><a href="#[5]">&gt;&gt;</a>&nbsp;&nbsp;&nbsp;UsageFault_Handler
</UL>
<BR>[Address Reference Count : 1]<UL><LI> startup_lpc17xx.o(RESET)
</UL>
<P><STRONG><a name="[7]"></a>DebugMon_Handler</STRONG> (Thumb, 2 bytes, Stack size 0 bytes, startup_lpc17xx.o(.text))
<BR><BR>[Calls]<UL><LI><a href="#[7]">&gt;&gt;</a>&nbsp;&nbsp;&nbsp;DebugMon_Handler
</UL>
<BR>[Called By]<UL><LI><a href="#[7]">&gt;&gt;</a>&nbsp;&nbsp;&nbsp;DebugMon_Handler
</UL>
<BR>[Address Reference Count : 1]<UL><LI> startup_lpc17xx.o(RESET)
</UL>
<P><STRONG><a name="[20]"></a>ADC_IRQHandler</STRONG> (Thumb, 0 bytes, Stack size 0 bytes, startup_lpc17xx.o(.text))
<BR><BR>[Calls]<UL><LI><a href="#[20]">&gt;&gt;</a>&nbsp;&nbsp;&nbsp;ADC_IRQHandler
</UL>
<BR>[Called By]<UL><LI><a href="#[20]">&gt;&gt;</a>&nbsp;&nbsp;&nbsp;ADC_IRQHandler
</UL>
<BR>[Address Reference Count : 1]<UL><LI> startup_lpc17xx.o(RESET)
</UL>
<P><STRONG><a name="[21]"></a>BOD_IRQHandler</STRONG> (Thumb, 0 bytes, Stack size 0 bytes, startup_lpc17xx.o(.text))
<BR>[Address Reference Count : 1]<UL><LI> startup_lpc17xx.o(RESET)
</UL>
<P><STRONG><a name="[2c]"></a>CANActivity_IRQHandler</STRONG> (Thumb, 0 bytes, Stack size 0 bytes, startup_lpc17xx.o(.text))
<BR>[Address Reference Count : 1]<UL><LI> startup_lpc17xx.o(RESET)
</UL>
<P><STRONG><a name="[23]"></a>CAN_IRQHandler</STRONG> (Thumb, 0 bytes, Stack size 0 bytes, startup_lpc17xx.o(.text))
<BR>[Address Reference Count : 1]<UL><LI> startup_lpc17xx.o(RESET)
</UL>
<P><STRONG><a name="[24]"></a>DMA_IRQHandler</STRONG> (Thumb, 0 bytes, Stack size 0 bytes, startup_lpc17xx.o(.text))
<BR>[Address Reference Count : 1]<UL><LI> startup_lpc17xx.o(RESET)
</UL>
<P><STRONG><a name="[1c]"></a>EINT0_IRQHandler</STRONG> (Thumb, 0 bytes, Stack size 0 bytes, startup_lpc17xx.o(.text))
<BR>[Address Reference Count : 1]<UL><LI> startup_lpc17xx.o(RESET)
</UL>
<P><STRONG><a name="[1d]"></a>EINT1_IRQHandler</STRONG> (Thumb, 0 bytes, Stack size 0 bytes, startup_lpc17xx.o(.text))
<BR>[Address Reference Count : 1]<UL><LI> startup_lpc17xx.o(RESET)
</UL>
<P><STRONG><a name="[1e]"></a>EINT2_IRQHandler</STRONG> (Thumb, 0 bytes, Stack size 0 bytes, startup_lpc17xx.o(.text))
<BR>[Address Reference Count : 1]<UL><LI> startup_lpc17xx.o(RESET)
</UL>
<P><STRONG><a name="[1f]"></a>EINT3_IRQHandler</STRONG> (Thumb, 0 bytes, Stack size 0 bytes, startup_lpc17xx.o(.text))
<BR>[Address Reference Count : 1]<UL><LI> startup_lpc17xx.o(RESET)
</UL>
<P><STRONG><a name="[14]"></a>I2C0_IRQHandler</STRONG> (Thumb, 0 bytes, Stack size 0 bytes, startup_lpc17xx.o(.text))
<BR>[Address Reference Count : 1]<UL><LI> startup_lpc17xx.o(RESET)
</UL>
<P><STRONG><a name="[15]"></a>I2C1_IRQHandler</STRONG> (Thumb, 0 bytes, Stack size 0 bytes, startup_lpc17xx.o(.text))
<BR>[Address Reference Count : 1]<UL><LI> startup_lpc17xx.o(RESET)
</UL>
<P><STRONG><a name="[16]"></a>I2C2_IRQHandler</STRONG> (Thumb, 0 bytes, Stack size 0 bytes, startup_lpc17xx.o(.text))
<BR>[Address Reference Count : 1]<UL><LI> startup_lpc17xx.o(RESET)
</UL>
<P><STRONG><a name="[25]"></a>I2S_IRQHandler</STRONG> (Thumb, 0 bytes, Stack size 0 bytes, startup_lpc17xx.o(.text))
<BR>[Address Reference Count : 1]<UL><LI> startup_lpc17xx.o(RESET)
</UL>
<P><STRONG><a name="[28]"></a>MCPWM_IRQHandler</STRONG> (Thumb, 0 bytes, Stack size 0 bytes, startup_lpc17xx.o(.text))
<BR>[Address Reference Count : 1]<UL><LI> startup_lpc17xx.o(RESET)
</UL>
<P><STRONG><a name="[1a]"></a>PLL0_IRQHandler</STRONG> (Thumb, 0 bytes, Stack size 0 bytes, startup_lpc17xx.o(.text))
<BR>[Address Reference Count : 1]<UL><LI> startup_lpc17xx.o(RESET)
</UL>
<P><STRONG><a name="[2a]"></a>PLL1_IRQHandler</STRONG> (Thumb, 0 bytes, Stack size 0 bytes, startup_lpc17xx.o(.text))
<BR>[Address Reference Count : 1]<UL><LI> startup_lpc17xx.o(RESET)
</UL>
<P><STRONG><a name="[13]"></a>PWM1_IRQHandler</STRONG> (Thumb, 0 bytes, Stack size 0 bytes, startup_lpc17xx.o(.text))
<BR>[Address Reference Count : 1]<UL><LI> startup_lpc17xx.o(RESET)
</UL>
<P><STRONG><a name="[29]"></a>QEI_IRQHandler</STRONG> (Thumb, 0 bytes, Stack size 0 bytes, startup_lpc17xx.o(.text))
<BR>[Address Reference Count : 1]<UL><LI> startup_lpc17xx.o(RESET)
</UL>
<P><STRONG><a name="[27]"></a>RIT_IRQHandler</STRONG> (Thumb, 0 bytes, Stack size 0 bytes, startup_lpc17xx.o(.text))
<BR>[Address Reference Count : 1]<UL><LI> startup_lpc17xx.o(RESET)
</UL>
<P><STRONG><a name="[1b]"></a>RTC_IRQHandler</STRONG> (Thumb, 0 bytes, Stack size 0 bytes, startup_lpc17xx.o(.text))
<BR>[Address Reference Count : 1]<UL><LI> startup_lpc17xx.o(RESET)
</UL>
<P><STRONG><a name="[17]"></a>SPI_IRQHandler</STRONG> (Thumb, 0 bytes, Stack size 0 bytes, startup_lpc17xx.o(.text))
<BR>[Address Reference Count : 1]<UL><LI> startup_lpc17xx.o(RESET)
</UL>
<P><STRONG><a name="[18]"></a>SSP0_IRQHandler</STRONG> (Thumb, 0 bytes, Stack size 0 bytes, startup_lpc17xx.o(.text))
<BR>[Address Reference Count : 1]<UL><LI> startup_lpc17xx.o(RESET)
</UL>
<P><STRONG><a name="[19]"></a>SSP1_IRQHandler</STRONG> (Thumb, 0 bytes, Stack size 0 bytes, startup_lpc17xx.o(.text))
<BR>[Address Reference Count : 1]<UL><LI> startup_lpc17xx.o(RESET)
</UL>
<P><STRONG><a name="[b]"></a>TIMER0_IRQHandler</STRONG> (Thumb, 0 bytes, Stack size 0 bytes, startup_lpc17xx.o(.text))
<BR>[Address Reference Count : 1]<UL><LI> startup_lpc17xx.o(RESET)
</UL>
<P><STRONG><a name="[c]"></a>TIMER1_IRQHandler</STRONG> (Thumb, 0 bytes, Stack size 0 bytes, startup_lpc17xx.o(.text))
<BR>[Address Reference Count : 1]<UL><LI> startup_lpc17xx.o(RESET)
</UL>
<P><STRONG><a name="[d]"></a>TIMER2_IRQHandler</STRONG> (Thumb, 0 bytes, Stack size 0 bytes, startup_lpc17xx.o(.text))
<BR>[Address Reference Count : 1]<UL><LI> startup_lpc17xx.o(RESET)
</UL>
<P><STRONG><a name="[e]"></a>TIMER3_IRQHandler</STRONG> (Thumb, 0 bytes, Stack size 0 bytes, startup_lpc17xx.o(.text))
<BR>[Address Reference Count : 1]<UL><LI> startup_lpc17xx.o(RESET)
</UL>
<P><STRONG><a name="[f]"></a>UART0_IRQHandler</STRONG> (Thumb, 0 bytes, Stack size 0 bytes, startup_lpc17xx.o(.text))
<BR>[Address Reference Count : 1]<UL><LI> startup_lpc17xx.o(RESET)
</UL>
<P><STRONG><a name="[10]"></a>UART1_IRQHandler</STRONG> (Thumb, 0 bytes, Stack size 0 bytes, startup_lpc17xx.o(.text))
<BR>[Address Reference Count : 1]<UL><LI> startup_lpc17xx.o(RESET)
</UL>
<P><STRONG><a name="[11]"></a>UART2_IRQHandler</STRONG> (Thumb, 0 bytes, Stack size 0 bytes, startup_lpc17xx.o(.text))
<BR>[Address Reference Count : 1]<UL><LI> startup_lpc17xx.o(RESET)
</UL>
<P><STRONG><a name="[12]"></a>UART3_IRQHandler</STRONG> (Thumb, 0 bytes, Stack size 0 bytes, startup_lpc17xx.o(.text))
<BR>[Address Reference Count : 1]<UL><LI> startup_lpc17xx.o(RESET)
</UL>
<P><STRONG><a name="[2b]"></a>USBActivity_IRQHandler</STRONG> (Thumb, 0 bytes, Stack size 0 bytes, startup_lpc17xx.o(.text))
<BR>[Address Reference Count : 1]<UL><LI> startup_lpc17xx.o(RESET)
</UL>
<P><STRONG><a name="[22]"></a>USB_IRQHandler</STRONG> (Thumb, 0 bytes, Stack size 0 bytes, startup_lpc17xx.o(.text))
<BR>[Address Reference Count : 1]<UL><LI> startup_lpc17xx.o(RESET)
</UL>
<P><STRONG><a name="[a]"></a>WDT_IRQHandler</STRONG> (Thumb, 0 bytes, Stack size 0 bytes, startup_lpc17xx.o(.text))
<BR>[Address Reference Count : 1]<UL><LI> startup_lpc17xx.o(RESET)
</UL>
<P><STRONG><a name="[7d]"></a>strlen</STRONG> (Thumb, 16 bytes, Stack size 0 bytes, strlen.o(.text))
<BR><BR>[Called By]<UL><LI><a href="#[e5]">&gt;&gt;</a>&nbsp;&nbsp;&nbsp;read_script_line
<LI><a href="#[e1]">&gt;&gt;</a>&nbsp;&nbsp;&nbsp;http_proc_header
<LI><a href="#[7b]">&gt;&gt;</a>&nbsp;&nbsp;&nbsp;cgi_process_data
</UL>

<P><STRONG><a name="[81]"></a>strcmp</STRONG> (Thumb, 28 bytes, Stack size 8 bytes, strcmp.o(.text))
<BR><BR>[Stack]<UL><LI>Max Depth = 8<LI>Call Chain = strcmp
</UL>
<BR>[Called By]<UL><LI><a href="#[e1]">&gt;&gt;</a>&nbsp;&nbsp;&nbsp;http_proc_header
<LI><a href="#[7f]">&gt;&gt;</a>&nbsp;&nbsp;&nbsp;cgi_func
</UL>

<P><STRONG><a name="[5c]"></a>atoi</STRONG> (Thumb, 26 bytes, Stack size 16 bytes, atoi.o(.text))
<BR><BR>[Stack]<UL><LI>Max Depth = 88<LI>Call Chain = atoi &rArr; strtol &rArr; _strtoul
</UL>
<BR>[Calls]<UL><LI><a href="#[5e]">&gt;&gt;</a>&nbsp;&nbsp;&nbsp;strtol
<LI><a href="#[5d]">&gt;&gt;</a>&nbsp;&nbsp;&nbsp;__aeabi_errno_addr
</UL>
<BR>[Called By]<UL><LI><a href="#[eb]">&gt;&gt;</a>&nbsp;&nbsp;&nbsp;http_to_utc
<LI><a href="#[c5]">&gt;&gt;</a>&nbsp;&nbsp;&nbsp;chk_post_rq
</UL>

<P><STRONG><a name="[5f]"></a>__aeabi_ui2f</STRONG> (Thumb, 10 bytes, Stack size 0 bytes, ffltui.o(.text))
<BR><BR>[Stack]<UL><LI>Max Depth = 4<LI>Call Chain = __aeabi_ui2f &rArr; _float_epilogue
</UL>
<BR>[Calls]<UL><LI><a href="#[60]">&gt;&gt;</a>&nbsp;&nbsp;&nbsp;_float_epilogue
</UL>
<BR>[Called By]<UL><LI><a href="#[7f]">&gt;&gt;</a>&nbsp;&nbsp;&nbsp;cgi_func
</UL>

<P><STRONG><a name="[12d]"></a>__I$use$fp</STRONG> (Thumb, 0 bytes, Stack size 0 bytes, iusefp.o(.text), UNUSED)

<P><STRONG><a name="[a5]"></a>__rt_ctype_table</STRONG> (Thumb, 4 bytes, Stack size 0 bytes, ctype_o.o(.text))
<BR><BR>[Called By]<UL><LI><a href="#[3c]">&gt;&gt;</a>&nbsp;&nbsp;&nbsp;isspace
<LI><a href="#[5e]">&gt;&gt;</a>&nbsp;&nbsp;&nbsp;strtol
</UL>

<P><STRONG><a name="[12e]"></a>__scatterload_null</STRONG> (Thumb, 2 bytes, Stack size unknown bytes, handlers.o(i.__scatterload_null), UNUSED)

<P><STRONG><a name="[df]"></a>http_fclose</STRONG> (Thumb, 2 bytes, Stack size 0 bytes, at_http_uif.o(i.http_fclose))
<BR><BR>[Called By]<UL><LI><a href="#[de]">&gt;&gt;</a>&nbsp;&nbsp;&nbsp;http_kill_session
<LI><a href="#[53]">&gt;&gt;</a>&nbsp;&nbsp;&nbsp;run_http_server
</UL>

<P><STRONG><a name="[65]"></a>tcp_task</STRONG> (Thumb, 22 bytes, Stack size 0 bytes, http_demo.o(.text))
<BR><BR>[Stack]<UL><LI>Max Depth = 248<LI>Call Chain = tcp_task &rArr; main_TcpNet &rArr; run_system &rArr; run_eth_link &rArr; process_hl_tcp &rArr; process_tcp &rArr; tcp_send_reset &rArr; tcp_send_ctrl &rArr; tcp_send_frame &rArr; ip_send_frame &rArr; dispatch_frame &rArr; eth_send_frame &rArr; arp_cache_find &rArr; arp_send_req &rArr; alloc_mem
</UL>
<BR>[Calls]<UL><LI><a href="#[66]">&gt;&gt;</a>&nbsp;&nbsp;&nbsp;main_TcpNet
<LI><a href="#[61]">&gt;&gt;</a>&nbsp;&nbsp;&nbsp;dhcp_check
</UL>
<BR>[Address Reference Count : 1]<UL><LI> http_demo.o(.text)
</UL>
<P><STRONG><a name="[67]"></a>timer_task</STRONG> (Thumb, 26 bytes, Stack size 0 bytes, http_demo.o(.text))
<BR><BR>[Calls]<UL><LI><a href="#[68]">&gt;&gt;</a>&nbsp;&nbsp;&nbsp;timer_tick
</UL>
<BR>[Address Reference Count : 1]<UL><LI> http_demo.o(.text)
</UL>
<P><STRONG><a name="[6a]"></a>LED_out</STRONG> (Thumb, 64 bytes, Stack size 24 bytes, http_demo.o(.text))
<BR><BR>[Stack]<UL><LI>Max Depth = 24<LI>Call Chain = LED_out
</UL>
<BR>[Called By]<UL><LI><a href="#[7b]">&gt;&gt;</a>&nbsp;&nbsp;&nbsp;cgi_process_data
<LI><a href="#[69]">&gt;&gt;</a>&nbsp;&nbsp;&nbsp;blink_led
</UL>

<P><STRONG><a name="[69]"></a>blink_led</STRONG> (Thumb, 108 bytes, Stack size 24 bytes, http_demo.o(.text))
<BR><BR>[Stack]<UL><LI>Max Depth = 224<LI>Call Chain = blink_led &rArr; GLCD_ClearLn &rArr; GLCD_DisplayString &rArr; GLCD_DisplayChar &rArr; GLCD_DrawChar_U16 &rArr; GLCD_SetWindow &rArr; wr_reg &rArr; wr_dat
</UL>
<BR>[Calls]<UL><LI><a href="#[6c]">&gt;&gt;</a>&nbsp;&nbsp;&nbsp;GLCD_DisplayString
<LI><a href="#[6b]">&gt;&gt;</a>&nbsp;&nbsp;&nbsp;GLCD_ClearLn
<LI><a href="#[6a]">&gt;&gt;</a>&nbsp;&nbsp;&nbsp;LED_out
</UL>
<BR>[Address Reference Count : 1]<UL><LI> http_demo.o(.text)
</UL>
<P><STRONG><a name="[6d]"></a>init</STRONG> (Thumb, 118 bytes, Stack size 0 bytes, http_demo.o(.text))
<BR><BR>[Stack]<UL><LI>Max Depth = 128<LI>Call Chain = init &rArr; GLCD_DisplayString &rArr; GLCD_DisplayChar &rArr; GLCD_DrawChar_U16 &rArr; GLCD_SetWindow &rArr; wr_reg &rArr; wr_dat
</UL>
<BR>[Calls]<UL><LI><a href="#[72]">&gt;&gt;</a>&nbsp;&nbsp;&nbsp;init_TcpNet
<LI><a href="#[71]">&gt;&gt;</a>&nbsp;&nbsp;&nbsp;GLCD_SetTextColor
<LI><a href="#[6f]">&gt;&gt;</a>&nbsp;&nbsp;&nbsp;GLCD_Init
<LI><a href="#[6c]">&gt;&gt;</a>&nbsp;&nbsp;&nbsp;GLCD_DisplayString
<LI><a href="#[70]">&gt;&gt;</a>&nbsp;&nbsp;&nbsp;GLCD_Clear
<LI><a href="#[6e]">&gt;&gt;</a>&nbsp;&nbsp;&nbsp;init_io
</UL>
<BR>[Address Reference Count : 1]<UL><LI> http_demo.o(.text)
</UL>
<P><STRONG><a name="[12f]"></a>fputc</STRONG> (Thumb, 26 bytes, Stack size 0 bytes, http_demo.o(.text), UNUSED)

<P><STRONG><a name="[82]"></a>AD_in</STRONG> (Thumb, 44 bytes, Stack size 0 bytes, http_demo.o(.text))
<BR><BR>[Called By]<UL><LI><a href="#[7f]">&gt;&gt;</a>&nbsp;&nbsp;&nbsp;cgi_func
</UL>

<P><STRONG><a name="[86]"></a>get_button</STRONG> (Thumb, 66 bytes, Stack size 0 bytes, http_demo.o(.text))
<BR><BR>[Called By]<UL><LI><a href="#[7f]">&gt;&gt;</a>&nbsp;&nbsp;&nbsp;cgi_func
</UL>

<P><STRONG><a name="[2d]"></a>main</STRONG> (Thumb, 20 bytes, Stack size 0 bytes, http_demo.o(.text))
<BR><BR>[Calls]<UL><LI><a href="#[73]">&gt;&gt;</a>&nbsp;&nbsp;&nbsp;os_set_env
</UL>
<BR>[Address Reference Count : 1]<UL><LI> entry7.o(.ARM.Collect$$$$00000007)
</UL>
<P><STRONG><a name="[75]"></a>cgi_process_var</STRONG> (Thumb, 334 bytes, Stack size 56 bytes, http_cgi.o(.text))
<BR><BR>[Stack]<UL><LI>Max Depth = 272<LI>Call Chain = cgi_process_var &rArr; __0sscanf &rArr; __vfscanf_char &rArr; __vfscanf &rArr; _scanf_int
</UL>
<BR>[Calls]<UL><LI><a href="#[78]">&gt;&gt;</a>&nbsp;&nbsp;&nbsp;str_scomp
<LI><a href="#[77]">&gt;&gt;</a>&nbsp;&nbsp;&nbsp;http_get_var
<LI><a href="#[7a]">&gt;&gt;</a>&nbsp;&nbsp;&nbsp;free_mem
<LI><a href="#[76]">&gt;&gt;</a>&nbsp;&nbsp;&nbsp;alloc_mem
<LI><a href="#[79]">&gt;&gt;</a>&nbsp;&nbsp;&nbsp;__0sscanf
</UL>
<BR>[Called By]<UL><LI><a href="#[3f]">&gt;&gt;</a>&nbsp;&nbsp;&nbsp;http_listener
</UL>

<P><STRONG><a name="[7b]"></a>cgi_process_data</STRONG> (Thumb, 410 bytes, Stack size 64 bytes, http_cgi.o(.text))
<BR><BR>[Stack]<UL><LI>Max Depth = 96<LI>Call Chain = cgi_process_data &rArr; alloc_mem
</UL>
<BR>[Calls]<UL><LI><a href="#[78]">&gt;&gt;</a>&nbsp;&nbsp;&nbsp;str_scomp
<LI><a href="#[7c]">&gt;&gt;</a>&nbsp;&nbsp;&nbsp;str_copy
<LI><a href="#[7e]">&gt;&gt;</a>&nbsp;&nbsp;&nbsp;mem_comp
<LI><a href="#[77]">&gt;&gt;</a>&nbsp;&nbsp;&nbsp;http_get_var
<LI><a href="#[7a]">&gt;&gt;</a>&nbsp;&nbsp;&nbsp;free_mem
<LI><a href="#[76]">&gt;&gt;</a>&nbsp;&nbsp;&nbsp;alloc_mem
<LI><a href="#[6a]">&gt;&gt;</a>&nbsp;&nbsp;&nbsp;LED_out
<LI><a href="#[7d]">&gt;&gt;</a>&nbsp;&nbsp;&nbsp;strlen
</UL>
<BR>[Called By]<UL><LI><a href="#[e4]">&gt;&gt;</a>&nbsp;&nbsp;&nbsp;http_proc_post
<LI><a href="#[e6]">&gt;&gt;</a>&nbsp;&nbsp;&nbsp;http_proc_multipart
<LI><a href="#[de]">&gt;&gt;</a>&nbsp;&nbsp;&nbsp;http_kill_session
</UL>

<P><STRONG><a name="[7f]"></a>cgi_func</STRONG> (Thumb, 988 bytes, Stack size 64 bytes, http_cgi.o(.text))
<BR><BR>[Stack]<UL><LI>Max Depth = 168<LI>Call Chain = cgi_func &rArr; __aeabi_dmul &rArr; _double_epilogue &rArr; _double_round
</UL>
<BR>[Calls]<UL><LI><a href="#[80]">&gt;&gt;</a>&nbsp;&nbsp;&nbsp;http_get_lang
<LI><a href="#[5f]">&gt;&gt;</a>&nbsp;&nbsp;&nbsp;__aeabi_ui2f
<LI><a href="#[83]">&gt;&gt;</a>&nbsp;&nbsp;&nbsp;__aeabi_f2d
<LI><a href="#[84]">&gt;&gt;</a>&nbsp;&nbsp;&nbsp;__aeabi_dmul
<LI><a href="#[85]">&gt;&gt;</a>&nbsp;&nbsp;&nbsp;__ARM_scalbn
<LI><a href="#[86]">&gt;&gt;</a>&nbsp;&nbsp;&nbsp;get_button
<LI><a href="#[82]">&gt;&gt;</a>&nbsp;&nbsp;&nbsp;AD_in
<LI><a href="#[81]">&gt;&gt;</a>&nbsp;&nbsp;&nbsp;strcmp
<LI><a href="#[63]">&gt;&gt;</a>&nbsp;&nbsp;&nbsp;__2sprintf
</UL>
<BR>[Called By]<UL><LI><a href="#[53]">&gt;&gt;</a>&nbsp;&nbsp;&nbsp;run_http_server
</UL>

<P><STRONG><a name="[8b]"></a>init_ethernet</STRONG> (Thumb, 504 bytes, Stack size 40 bytes, emac_lpc17xx.o(.text))
<BR><BR>[Stack]<UL><LI>Max Depth = 64<LI>Call Chain = init_ethernet &rArr; write_PHY &rArr; output_MDIO
</UL>
<BR>[Calls]<UL><LI><a href="#[8a]">&gt;&gt;</a>&nbsp;&nbsp;&nbsp;write_PHY
<LI><a href="#[87]">&gt;&gt;</a>&nbsp;&nbsp;&nbsp;read_PHY
</UL>
<BR>[Called By]<UL><LI><a href="#[4a]">&gt;&gt;</a>&nbsp;&nbsp;&nbsp;init_eth_link
</UL>

<P><STRONG><a name="[b9]"></a>int_enable_eth</STRONG> (Thumb, 10 bytes, Stack size 0 bytes, emac_lpc17xx.o(.text))
<BR><BR>[Called By]<UL><LI><a href="#[fe]">&gt;&gt;</a>&nbsp;&nbsp;&nbsp;resize_mem
<LI><a href="#[4a]">&gt;&gt;</a>&nbsp;&nbsp;&nbsp;init_eth_link
<LI><a href="#[7a]">&gt;&gt;</a>&nbsp;&nbsp;&nbsp;free_mem
<LI><a href="#[76]">&gt;&gt;</a>&nbsp;&nbsp;&nbsp;alloc_mem
</UL>

<P><STRONG><a name="[b8]"></a>int_disable_eth</STRONG> (Thumb, 10 bytes, Stack size 0 bytes, emac_lpc17xx.o(.text))
<BR><BR>[Called By]<UL><LI><a href="#[fe]">&gt;&gt;</a>&nbsp;&nbsp;&nbsp;resize_mem
<LI><a href="#[4a]">&gt;&gt;</a>&nbsp;&nbsp;&nbsp;init_eth_link
<LI><a href="#[7a]">&gt;&gt;</a>&nbsp;&nbsp;&nbsp;free_mem
<LI><a href="#[76]">&gt;&gt;</a>&nbsp;&nbsp;&nbsp;alloc_mem
<LI><a href="#[72]">&gt;&gt;</a>&nbsp;&nbsp;&nbsp;init_TcpNet
</UL>

<P><STRONG><a name="[c3]"></a>send_frame</STRONG> (Thumb, 64 bytes, Stack size 20 bytes, emac_lpc17xx.o(.text))
<BR><BR>[Stack]<UL><LI>Max Depth = 20<LI>Call Chain = send_frame
</UL>
<BR>[Called By]<UL><LI><a href="#[5a]">&gt;&gt;</a>&nbsp;&nbsp;&nbsp;eth_send_frame
<LI><a href="#[bf]">&gt;&gt;</a>&nbsp;&nbsp;&nbsp;arp_send_req
<LI><a href="#[c2]">&gt;&gt;</a>&nbsp;&nbsp;&nbsp;arp_send_reply
</UL>

<P><STRONG><a name="[26]"></a>ENET_IRQHandler</STRONG> (Thumb, 180 bytes, Stack size 16 bytes, emac_lpc17xx.o(.text))
<BR><BR>[Stack]<UL><LI>Max Depth = 48<LI>Call Chain = ENET_IRQHandler &rArr; alloc_mem
</UL>
<BR>[Calls]<UL><LI><a href="#[8c]">&gt;&gt;</a>&nbsp;&nbsp;&nbsp;put_in_queue
<LI><a href="#[76]">&gt;&gt;</a>&nbsp;&nbsp;&nbsp;alloc_mem
</UL>
<BR>[Address Reference Count : 1]<UL><LI> startup_lpc17xx.o(RESET)
</UL>
<P><STRONG><a name="[6f]"></a>GLCD_Init</STRONG> (Thumb, 806 bytes, Stack size 16 bytes, glcd_spi_lpc1700.o(.text))
<BR><BR>[Stack]<UL><LI>Max Depth = 40<LI>Call Chain = GLCD_Init &rArr; wr_reg &rArr; wr_dat
</UL>
<BR>[Calls]<UL><LI><a href="#[90]">&gt;&gt;</a>&nbsp;&nbsp;&nbsp;wr_reg
<LI><a href="#[8e]">&gt;&gt;</a>&nbsp;&nbsp;&nbsp;wr_cmd
<LI><a href="#[8f]">&gt;&gt;</a>&nbsp;&nbsp;&nbsp;spi_send
<LI><a href="#[8d]">&gt;&gt;</a>&nbsp;&nbsp;&nbsp;delay
</UL>
<BR>[Called By]<UL><LI><a href="#[6d]">&gt;&gt;</a>&nbsp;&nbsp;&nbsp;init
</UL>

<P><STRONG><a name="[91]"></a>GLCD_SetWindow</STRONG> (Thumb, 78 bytes, Stack size 24 bytes, glcd_spi_lpc1700.o(.text))
<BR><BR>[Stack]<UL><LI>Max Depth = 48<LI>Call Chain = GLCD_SetWindow &rArr; wr_reg &rArr; wr_dat
</UL>
<BR>[Calls]<UL><LI><a href="#[90]">&gt;&gt;</a>&nbsp;&nbsp;&nbsp;wr_reg
</UL>
<BR>[Called By]<UL><LI><a href="#[9c]">&gt;&gt;</a>&nbsp;&nbsp;&nbsp;GLCD_Bmp
<LI><a href="#[9b]">&gt;&gt;</a>&nbsp;&nbsp;&nbsp;GLCD_Bitmap
<LI><a href="#[9a]">&gt;&gt;</a>&nbsp;&nbsp;&nbsp;GLCD_Bargraph
<LI><a href="#[98]">&gt;&gt;</a>&nbsp;&nbsp;&nbsp;GLCD_DrawChar_U16
<LI><a href="#[97]">&gt;&gt;</a>&nbsp;&nbsp;&nbsp;GLCD_DrawChar_U8
<LI><a href="#[92]">&gt;&gt;</a>&nbsp;&nbsp;&nbsp;GLCD_WindowMax
</UL>

<P><STRONG><a name="[92]"></a>GLCD_WindowMax</STRONG> (Thumb, 12 bytes, Stack size 0 bytes, glcd_spi_lpc1700.o(.text))
<BR><BR>[Stack]<UL><LI>Max Depth = 48<LI>Call Chain = GLCD_WindowMax &rArr; GLCD_SetWindow &rArr; wr_reg &rArr; wr_dat
</UL>
<BR>[Calls]<UL><LI><a href="#[91]">&gt;&gt;</a>&nbsp;&nbsp;&nbsp;GLCD_SetWindow
</UL>
<BR>[Called By]<UL><LI><a href="#[6c]">&gt;&gt;</a>&nbsp;&nbsp;&nbsp;GLCD_DisplayString
<LI><a href="#[6b]">&gt;&gt;</a>&nbsp;&nbsp;&nbsp;GLCD_ClearLn
<LI><a href="#[70]">&gt;&gt;</a>&nbsp;&nbsp;&nbsp;GLCD_Clear
</UL>

<P><STRONG><a name="[93]"></a>GLCD_PutPixel</STRONG> (Thumb, 44 bytes, Stack size 8 bytes, glcd_spi_lpc1700.o(.text), UNUSED)
<BR><BR>[Calls]<UL><LI><a href="#[90]">&gt;&gt;</a>&nbsp;&nbsp;&nbsp;wr_reg
<LI><a href="#[94]">&gt;&gt;</a>&nbsp;&nbsp;&nbsp;wr_dat
<LI><a href="#[8e]">&gt;&gt;</a>&nbsp;&nbsp;&nbsp;wr_cmd
</UL>

<P><STRONG><a name="[71]"></a>GLCD_SetTextColor</STRONG> (Thumb, 6 bytes, Stack size 0 bytes, glcd_spi_lpc1700.o(.text))
<BR><BR>[Called By]<UL><LI><a href="#[6d]">&gt;&gt;</a>&nbsp;&nbsp;&nbsp;init
</UL>

<P><STRONG><a name="[130]"></a>GLCD_SetBackColor</STRONG> (Thumb, 6 bytes, Stack size 0 bytes, glcd_spi_lpc1700.o(.text), UNUSED)

<P><STRONG><a name="[70]"></a>GLCD_Clear</STRONG> (Thumb, 68 bytes, Stack size 16 bytes, glcd_spi_lpc1700.o(.text))
<BR><BR>[Stack]<UL><LI>Max Depth = 64<LI>Call Chain = GLCD_Clear &rArr; GLCD_WindowMax &rArr; GLCD_SetWindow &rArr; wr_reg &rArr; wr_dat
</UL>
<BR>[Calls]<UL><LI><a href="#[92]">&gt;&gt;</a>&nbsp;&nbsp;&nbsp;GLCD_WindowMax
<LI><a href="#[96]">&gt;&gt;</a>&nbsp;&nbsp;&nbsp;wr_dat_only
<LI><a href="#[95]">&gt;&gt;</a>&nbsp;&nbsp;&nbsp;wr_dat_start
<LI><a href="#[8e]">&gt;&gt;</a>&nbsp;&nbsp;&nbsp;wr_cmd
</UL>
<BR>[Called By]<UL><LI><a href="#[6d]">&gt;&gt;</a>&nbsp;&nbsp;&nbsp;init
</UL>

<P><STRONG><a name="[97]"></a>GLCD_DrawChar_U8</STRONG> (Thumb, 102 bytes, Stack size 40 bytes, glcd_spi_lpc1700.o(.text))
<BR><BR>[Stack]<UL><LI>Max Depth = 88<LI>Call Chain = GLCD_DrawChar_U8 &rArr; GLCD_SetWindow &rArr; wr_reg &rArr; wr_dat
</UL>
<BR>[Calls]<UL><LI><a href="#[91]">&gt;&gt;</a>&nbsp;&nbsp;&nbsp;GLCD_SetWindow
<LI><a href="#[96]">&gt;&gt;</a>&nbsp;&nbsp;&nbsp;wr_dat_only
<LI><a href="#[95]">&gt;&gt;</a>&nbsp;&nbsp;&nbsp;wr_dat_start
<LI><a href="#[8e]">&gt;&gt;</a>&nbsp;&nbsp;&nbsp;wr_cmd
</UL>
<BR>[Called By]<UL><LI><a href="#[99]">&gt;&gt;</a>&nbsp;&nbsp;&nbsp;GLCD_DisplayChar
</UL>

<P><STRONG><a name="[98]"></a>GLCD_DrawChar_U16</STRONG> (Thumb, 106 bytes, Stack size 40 bytes, glcd_spi_lpc1700.o(.text))
<BR><BR>[Stack]<UL><LI>Max Depth = 88<LI>Call Chain = GLCD_DrawChar_U16 &rArr; GLCD_SetWindow &rArr; wr_reg &rArr; wr_dat
</UL>
<BR>[Calls]<UL><LI><a href="#[91]">&gt;&gt;</a>&nbsp;&nbsp;&nbsp;GLCD_SetWindow
<LI><a href="#[96]">&gt;&gt;</a>&nbsp;&nbsp;&nbsp;wr_dat_only
<LI><a href="#[95]">&gt;&gt;</a>&nbsp;&nbsp;&nbsp;wr_dat_start
<LI><a href="#[8e]">&gt;&gt;</a>&nbsp;&nbsp;&nbsp;wr_cmd
</UL>
<BR>[Called By]<UL><LI><a href="#[99]">&gt;&gt;</a>&nbsp;&nbsp;&nbsp;GLCD_DisplayChar
</UL>

<P><STRONG><a name="[99]"></a>GLCD_DisplayChar</STRONG> (Thumb, 72 bytes, Stack size 16 bytes, glcd_spi_lpc1700.o(.text))
<BR><BR>[Stack]<UL><LI>Max Depth = 104<LI>Call Chain = GLCD_DisplayChar &rArr; GLCD_DrawChar_U16 &rArr; GLCD_SetWindow &rArr; wr_reg &rArr; wr_dat
</UL>
<BR>[Calls]<UL><LI><a href="#[98]">&gt;&gt;</a>&nbsp;&nbsp;&nbsp;GLCD_DrawChar_U16
<LI><a href="#[97]">&gt;&gt;</a>&nbsp;&nbsp;&nbsp;GLCD_DrawChar_U8
</UL>
<BR>[Called By]<UL><LI><a href="#[6c]">&gt;&gt;</a>&nbsp;&nbsp;&nbsp;GLCD_DisplayString
</UL>

<P><STRONG><a name="[6c]"></a>GLCD_DisplayString</STRONG> (Thumb, 42 bytes, Stack size 24 bytes, glcd_spi_lpc1700.o(.text))
<BR><BR>[Stack]<UL><LI>Max Depth = 128<LI>Call Chain = GLCD_DisplayString &rArr; GLCD_DisplayChar &rArr; GLCD_DrawChar_U16 &rArr; GLCD_SetWindow &rArr; wr_reg &rArr; wr_dat
</UL>
<BR>[Calls]<UL><LI><a href="#[99]">&gt;&gt;</a>&nbsp;&nbsp;&nbsp;GLCD_DisplayChar
<LI><a href="#[92]">&gt;&gt;</a>&nbsp;&nbsp;&nbsp;GLCD_WindowMax
</UL>
<BR>[Called By]<UL><LI><a href="#[6b]">&gt;&gt;</a>&nbsp;&nbsp;&nbsp;GLCD_ClearLn
<LI><a href="#[6d]">&gt;&gt;</a>&nbsp;&nbsp;&nbsp;init
<LI><a href="#[69]">&gt;&gt;</a>&nbsp;&nbsp;&nbsp;blink_led
</UL>

<P><STRONG><a name="[6b]"></a>GLCD_ClearLn</STRONG> (Thumb, 72 bytes, Stack size 72 bytes, glcd_spi_lpc1700.o(.text))
<BR><BR>[Stack]<UL><LI>Max Depth = 200<LI>Call Chain = GLCD_ClearLn &rArr; GLCD_DisplayString &rArr; GLCD_DisplayChar &rArr; GLCD_DrawChar_U16 &rArr; GLCD_SetWindow &rArr; wr_reg &rArr; wr_dat
</UL>
<BR>[Calls]<UL><LI><a href="#[92]">&gt;&gt;</a>&nbsp;&nbsp;&nbsp;GLCD_WindowMax
<LI><a href="#[6c]">&gt;&gt;</a>&nbsp;&nbsp;&nbsp;GLCD_DisplayString
</UL>
<BR>[Called By]<UL><LI><a href="#[69]">&gt;&gt;</a>&nbsp;&nbsp;&nbsp;blink_led
</UL>

<P><STRONG><a name="[9a]"></a>GLCD_Bargraph</STRONG> (Thumb, 90 bytes, Stack size 32 bytes, glcd_spi_lpc1700.o(.text), UNUSED)
<BR><BR>[Calls]<UL><LI><a href="#[91]">&gt;&gt;</a>&nbsp;&nbsp;&nbsp;GLCD_SetWindow
<LI><a href="#[96]">&gt;&gt;</a>&nbsp;&nbsp;&nbsp;wr_dat_only
<LI><a href="#[95]">&gt;&gt;</a>&nbsp;&nbsp;&nbsp;wr_dat_start
<LI><a href="#[8e]">&gt;&gt;</a>&nbsp;&nbsp;&nbsp;wr_cmd
</UL>

<P><STRONG><a name="[9b]"></a>GLCD_Bitmap</STRONG> (Thumb, 76 bytes, Stack size 24 bytes, glcd_spi_lpc1700.o(.text), UNUSED)
<BR><BR>[Calls]<UL><LI><a href="#[91]">&gt;&gt;</a>&nbsp;&nbsp;&nbsp;GLCD_SetWindow
<LI><a href="#[96]">&gt;&gt;</a>&nbsp;&nbsp;&nbsp;wr_dat_only
<LI><a href="#[95]">&gt;&gt;</a>&nbsp;&nbsp;&nbsp;wr_dat_start
<LI><a href="#[8e]">&gt;&gt;</a>&nbsp;&nbsp;&nbsp;wr_cmd
</UL>

<P><STRONG><a name="[9c]"></a>GLCD_Bmp</STRONG> (Thumb, 84 bytes, Stack size 24 bytes, glcd_spi_lpc1700.o(.text), UNUSED)
<BR><BR>[Calls]<UL><LI><a href="#[91]">&gt;&gt;</a>&nbsp;&nbsp;&nbsp;GLCD_SetWindow
<LI><a href="#[96]">&gt;&gt;</a>&nbsp;&nbsp;&nbsp;wr_dat_only
<LI><a href="#[95]">&gt;&gt;</a>&nbsp;&nbsp;&nbsp;wr_dat_start
<LI><a href="#[8e]">&gt;&gt;</a>&nbsp;&nbsp;&nbsp;wr_cmd
</UL>

<P><STRONG><a name="[131]"></a>GLCD_ScrollVertical</STRONG> (Thumb, 2 bytes, Stack size 0 bytes, glcd_spi_lpc1700.o(.text), UNUSED)

<P><STRONG><a name="[74]"></a>SystemInit</STRONG> (Thumb, 314 bytes, Stack size 12 bytes, system_lpc17xx.o(.text))
<BR><BR>[Stack]<UL><LI>Max Depth = 12<LI>Call Chain = SystemInit
</UL>
<BR>[Called By]<UL><LI><a href="#[6e]">&gt;&gt;</a>&nbsp;&nbsp;&nbsp;init_io
</UL>

<P><STRONG><a name="[79]"></a>__0sscanf</STRONG> (Thumb, 48 bytes, Stack size 72 bytes, __0sscanf.o(.text))
<BR><BR>[Stack]<UL><LI>Max Depth = 216<LI>Call Chain = __0sscanf &rArr; __vfscanf_char &rArr; __vfscanf &rArr; _scanf_int
</UL>
<BR>[Calls]<UL><LI><a href="#[9d]">&gt;&gt;</a>&nbsp;&nbsp;&nbsp;__vfscanf_char
</UL>
<BR>[Called By]<UL><LI><a href="#[75]">&gt;&gt;</a>&nbsp;&nbsp;&nbsp;cgi_process_var
</UL>

<P><STRONG><a name="[9e]"></a>_scanf_int</STRONG> (Thumb, 334 bytes, Stack size 56 bytes, _scanf_int.o(.text))
<BR><BR>[Stack]<UL><LI>Max Depth = 56<LI>Call Chain = _scanf_int
</UL>
<BR>[Calls]<UL><LI><a href="#[9f]">&gt;&gt;</a>&nbsp;&nbsp;&nbsp;_chval
</UL>
<BR>[Called By]<UL><LI><a href="#[a4]">&gt;&gt;</a>&nbsp;&nbsp;&nbsp;__vfscanf
</UL>

<P><STRONG><a name="[84]"></a>__aeabi_dmul</STRONG> (Thumb, 226 bytes, Stack size 48 bytes, dmul.o(.text))
<BR><BR>[Stack]<UL><LI>Max Depth = 104<LI>Call Chain = __aeabi_dmul &rArr; _double_epilogue &rArr; _double_round
</UL>
<BR>[Calls]<UL><LI><a href="#[a0]">&gt;&gt;</a>&nbsp;&nbsp;&nbsp;_double_epilogue
</UL>
<BR>[Called By]<UL><LI><a href="#[7f]">&gt;&gt;</a>&nbsp;&nbsp;&nbsp;cgi_func
<LI><a href="#[b3]">&gt;&gt;</a>&nbsp;&nbsp;&nbsp;_fp_digits
</UL>

<P><STRONG><a name="[85]"></a>__ARM_scalbn</STRONG> (Thumb, 46 bytes, Stack size 16 bytes, dscalb.o(.text))
<BR><BR>[Stack]<UL><LI>Max Depth = 16<LI>Call Chain = __ARM_scalbn
</UL>
<BR>[Called By]<UL><LI><a href="#[7f]">&gt;&gt;</a>&nbsp;&nbsp;&nbsp;cgi_func
</UL>

<P><STRONG><a name="[132]"></a>scalbn</STRONG> (Thumb, 0 bytes, Stack size 16 bytes, dscalb.o(.text), UNUSED)

<P><STRONG><a name="[83]"></a>__aeabi_f2d</STRONG> (Thumb, 44 bytes, Stack size 0 bytes, f2d.o(.text))
<BR><BR>[Called By]<UL><LI><a href="#[7f]">&gt;&gt;</a>&nbsp;&nbsp;&nbsp;cgi_func
</UL>

<P><STRONG><a name="[133]"></a>__aeabi_uidiv</STRONG> (Thumb, 0 bytes, Stack size 12 bytes, uidiv.o(.text), UNUSED)

<P><STRONG><a name="[b7]"></a>__aeabi_uidivmod</STRONG> (Thumb, 44 bytes, Stack size 12 bytes, uidiv.o(.text), UNUSED)
<BR><BR>[Called By]<UL><LI><a href="#[b2]">&gt;&gt;</a>&nbsp;&nbsp;&nbsp;_printf_core
</UL>

<P><STRONG><a name="[a1]"></a>__aeabi_uldivmod</STRONG> (Thumb, 100 bytes, Stack size 40 bytes, uldiv.o(.text), UNUSED)
<BR><BR>[Calls]<UL><LI><a href="#[a2]">&gt;&gt;</a>&nbsp;&nbsp;&nbsp;__aeabi_llsr
<LI><a href="#[a3]">&gt;&gt;</a>&nbsp;&nbsp;&nbsp;__aeabi_llsl
</UL>
<BR>[Called By]<UL><LI><a href="#[b2]">&gt;&gt;</a>&nbsp;&nbsp;&nbsp;_printf_core
<LI><a href="#[b3]">&gt;&gt;</a>&nbsp;&nbsp;&nbsp;_fp_digits
</UL>

<P><STRONG><a name="[9f]"></a>_chval</STRONG> (Thumb, 32 bytes, Stack size 0 bytes, _chval.o(.text))
<BR><BR>[Called By]<UL><LI><a href="#[a6]">&gt;&gt;</a>&nbsp;&nbsp;&nbsp;_strtoul
<LI><a href="#[9e]">&gt;&gt;</a>&nbsp;&nbsp;&nbsp;_scanf_int
</UL>

<P><STRONG><a name="[9d]"></a>__vfscanf_char</STRONG> (Thumb, 22 bytes, Stack size 0 bytes, scanf_char.o(.text))
<BR><BR>[Stack]<UL><LI>Max Depth = 144<LI>Call Chain = __vfscanf_char &rArr; __vfscanf &rArr; _scanf_int
</UL>
<BR>[Calls]<UL><LI><a href="#[a4]">&gt;&gt;</a>&nbsp;&nbsp;&nbsp;__vfscanf
</UL>
<BR>[Called By]<UL><LI><a href="#[79]">&gt;&gt;</a>&nbsp;&nbsp;&nbsp;__0sscanf
</UL>

<P><STRONG><a name="[39]"></a>_sgetc</STRONG> (Thumb, 30 bytes, Stack size 0 bytes, _sgetc.o(.text))
<BR>[Address Reference Count : 1]<UL><LI> __0sscanf.o(.text)
</UL>
<P><STRONG><a name="[3a]"></a>_sbackspace</STRONG> (Thumb, 34 bytes, Stack size 0 bytes, _sgetc.o(.text))
<BR>[Address Reference Count : 1]<UL><LI> __0sscanf.o(.text)
</UL>
<P><STRONG><a name="[5e]"></a>strtol</STRONG> (Thumb, 112 bytes, Stack size 32 bytes, strtol.o(.text))
<BR><BR>[Stack]<UL><LI>Max Depth = 72<LI>Call Chain = strtol &rArr; _strtoul
</UL>
<BR>[Calls]<UL><LI><a href="#[a6]">&gt;&gt;</a>&nbsp;&nbsp;&nbsp;_strtoul
<LI><a href="#[a5]">&gt;&gt;</a>&nbsp;&nbsp;&nbsp;__rt_ctype_table
<LI><a href="#[5d]">&gt;&gt;</a>&nbsp;&nbsp;&nbsp;__aeabi_errno_addr
</UL>
<BR>[Called By]<UL><LI><a href="#[5c]">&gt;&gt;</a>&nbsp;&nbsp;&nbsp;atoi
</UL>

<P><STRONG><a name="[134]"></a>_float_round</STRONG> (Thumb, 18 bytes, Stack size 0 bytes, fepilogue.o(.text), UNUSED)

<P><STRONG><a name="[60]"></a>_float_epilogue</STRONG> (Thumb, 90 bytes, Stack size 4 bytes, fepilogue.o(.text))
<BR><BR>[Stack]<UL><LI>Max Depth = 4<LI>Call Chain = _float_epilogue
</UL>
<BR>[Called By]<UL><LI><a href="#[5f]">&gt;&gt;</a>&nbsp;&nbsp;&nbsp;__aeabi_ui2f
</UL>

<P><STRONG><a name="[a7]"></a>_double_round</STRONG> (Thumb, 26 bytes, Stack size 8 bytes, depilogue.o(.text))
<BR><BR>[Stack]<UL><LI>Max Depth = 8<LI>Call Chain = _double_round
</UL>
<BR>[Called By]<UL><LI><a href="#[a0]">&gt;&gt;</a>&nbsp;&nbsp;&nbsp;_double_epilogue
<LI><a href="#[ac]">&gt;&gt;</a>&nbsp;&nbsp;&nbsp;__aeabi_ddiv
<LI><a href="#[a8]">&gt;&gt;</a>&nbsp;&nbsp;&nbsp;__aeabi_dadd
</UL>

<P><STRONG><a name="[a0]"></a>_double_epilogue</STRONG> (Thumb, 172 bytes, Stack size 48 bytes, depilogue.o(.text))
<BR><BR>[Stack]<UL><LI>Max Depth = 56<LI>Call Chain = _double_epilogue &rArr; _double_round
</UL>
<BR>[Calls]<UL><LI><a href="#[a2]">&gt;&gt;</a>&nbsp;&nbsp;&nbsp;__aeabi_llsr
<LI><a href="#[a3]">&gt;&gt;</a>&nbsp;&nbsp;&nbsp;__aeabi_llsl
<LI><a href="#[a7]">&gt;&gt;</a>&nbsp;&nbsp;&nbsp;_double_round
</UL>
<BR>[Called By]<UL><LI><a href="#[84]">&gt;&gt;</a>&nbsp;&nbsp;&nbsp;__aeabi_dmul
<LI><a href="#[a8]">&gt;&gt;</a>&nbsp;&nbsp;&nbsp;__aeabi_dadd
</UL>

<P><STRONG><a name="[a8]"></a>__aeabi_dadd</STRONG> (Thumb, 324 bytes, Stack size 48 bytes, dadd.o(.text), UNUSED)
<BR><BR>[Calls]<UL><LI><a href="#[a9]">&gt;&gt;</a>&nbsp;&nbsp;&nbsp;__aeabi_lasr
<LI><a href="#[a3]">&gt;&gt;</a>&nbsp;&nbsp;&nbsp;__aeabi_llsl
<LI><a href="#[a7]">&gt;&gt;</a>&nbsp;&nbsp;&nbsp;_double_round
<LI><a href="#[a0]">&gt;&gt;</a>&nbsp;&nbsp;&nbsp;_double_epilogue
</UL>
<BR>[Called By]<UL><LI><a href="#[ab]">&gt;&gt;</a>&nbsp;&nbsp;&nbsp;__aeabi_drsub
<LI><a href="#[aa]">&gt;&gt;</a>&nbsp;&nbsp;&nbsp;__aeabi_dsub
<LI><a href="#[b3]">&gt;&gt;</a>&nbsp;&nbsp;&nbsp;_fp_digits
</UL>

<P><STRONG><a name="[aa]"></a>__aeabi_dsub</STRONG> (Thumb, 6 bytes, Stack size 0 bytes, dadd.o(.text), UNUSED)
<BR><BR>[Calls]<UL><LI><a href="#[a8]">&gt;&gt;</a>&nbsp;&nbsp;&nbsp;__aeabi_dadd
</UL>

<P><STRONG><a name="[ab]"></a>__aeabi_drsub</STRONG> (Thumb, 6 bytes, Stack size 0 bytes, dadd.o(.text), UNUSED)
<BR><BR>[Calls]<UL><LI><a href="#[a8]">&gt;&gt;</a>&nbsp;&nbsp;&nbsp;__aeabi_dadd
</UL>

<P><STRONG><a name="[ac]"></a>__aeabi_ddiv</STRONG> (Thumb, 226 bytes, Stack size 32 bytes, ddiv.o(.text), UNUSED)
<BR><BR>[Calls]<UL><LI><a href="#[a7]">&gt;&gt;</a>&nbsp;&nbsp;&nbsp;_double_round
</UL>
<BR>[Called By]<UL><LI><a href="#[b3]">&gt;&gt;</a>&nbsp;&nbsp;&nbsp;_fp_digits
</UL>

<P><STRONG><a name="[ad]"></a>__aeabi_d2ulz</STRONG> (Thumb, 48 bytes, Stack size 0 bytes, dfixul.o(.text), UNUSED)
<BR><BR>[Calls]<UL><LI><a href="#[a2]">&gt;&gt;</a>&nbsp;&nbsp;&nbsp;__aeabi_llsr
<LI><a href="#[a3]">&gt;&gt;</a>&nbsp;&nbsp;&nbsp;__aeabi_llsl
</UL>
<BR>[Called By]<UL><LI><a href="#[b3]">&gt;&gt;</a>&nbsp;&nbsp;&nbsp;_fp_digits
</UL>

<P><STRONG><a name="[b4]"></a>__aeabi_cdrcmple</STRONG> (Thumb, 40 bytes, Stack size 0 bytes, cdrcmple.o(.text), UNUSED)
<BR><BR>[Called By]<UL><LI><a href="#[b3]">&gt;&gt;</a>&nbsp;&nbsp;&nbsp;_fp_digits
</UL>

<P><STRONG><a name="[43]"></a>__scatterload</STRONG> (Thumb, 28 bytes, Stack size 0 bytes, init.o(.text))
<BR><BR>[Calls]<UL><LI><a href="#[ae]">&gt;&gt;</a>&nbsp;&nbsp;&nbsp;__main_after_scatterload
</UL>
<BR>[Called By]<UL><LI><a href="#[42]">&gt;&gt;</a>&nbsp;&nbsp;&nbsp;_main_scatterload
</UL>

<P><STRONG><a name="[135]"></a>__scatterload_rt2</STRONG> (Thumb, 0 bytes, Stack size 0 bytes, init.o(.text), UNUSED)

<P><STRONG><a name="[a3]"></a>__aeabi_llsl</STRONG> (Thumb, 30 bytes, Stack size 0 bytes, llshl.o(.text))
<BR><BR>[Called By]<UL><LI><a href="#[a1]">&gt;&gt;</a>&nbsp;&nbsp;&nbsp;__aeabi_uldivmod
<LI><a href="#[a0]">&gt;&gt;</a>&nbsp;&nbsp;&nbsp;_double_epilogue
<LI><a href="#[a8]">&gt;&gt;</a>&nbsp;&nbsp;&nbsp;__aeabi_dadd
<LI><a href="#[ad]">&gt;&gt;</a>&nbsp;&nbsp;&nbsp;__aeabi_d2ulz
</UL>

<P><STRONG><a name="[136]"></a>_ll_shift_l</STRONG> (Thumb, 0 bytes, Stack size 0 bytes, llshl.o(.text), UNUSED)

<P><STRONG><a name="[a2]"></a>__aeabi_llsr</STRONG> (Thumb, 32 bytes, Stack size 0 bytes, llushr.o(.text))
<BR><BR>[Called By]<UL><LI><a href="#[a1]">&gt;&gt;</a>&nbsp;&nbsp;&nbsp;__aeabi_uldivmod
<LI><a href="#[a0]">&gt;&gt;</a>&nbsp;&nbsp;&nbsp;_double_epilogue
<LI><a href="#[ad]">&gt;&gt;</a>&nbsp;&nbsp;&nbsp;__aeabi_d2ulz
</UL>

<P><STRONG><a name="[137]"></a>_ll_ushift_r</STRONG> (Thumb, 0 bytes, Stack size 0 bytes, llushr.o(.text), UNUSED)

<P><STRONG><a name="[a9]"></a>__aeabi_lasr</STRONG> (Thumb, 36 bytes, Stack size 0 bytes, llsshr.o(.text), UNUSED)
<BR><BR>[Called By]<UL><LI><a href="#[a8]">&gt;&gt;</a>&nbsp;&nbsp;&nbsp;__aeabi_dadd
</UL>

<P><STRONG><a name="[138]"></a>_ll_sshift_r</STRONG> (Thumb, 0 bytes, Stack size 0 bytes, llsshr.o(.text), UNUSED)

<P><STRONG><a name="[3c]"></a>isspace</STRONG> (Thumb, 18 bytes, Stack size 8 bytes, isspace_o.o(.text))
<BR><BR>[Stack]<UL><LI>Max Depth = 8<LI>Call Chain = isspace
</UL>
<BR>[Calls]<UL><LI><a href="#[a5]">&gt;&gt;</a>&nbsp;&nbsp;&nbsp;__rt_ctype_table
</UL>
<BR>[Address Reference Count : 1]<UL><LI> scanf_char.o(.text)
</UL>
<P><STRONG><a name="[a4]"></a>__vfscanf</STRONG> (Thumb, 818 bytes, Stack size 88 bytes, _scanf.o(.text))
<BR><BR>[Stack]<UL><LI>Max Depth = 144<LI>Call Chain = __vfscanf &rArr; _scanf_int
</UL>
<BR>[Calls]<UL><LI><a href="#[9e]">&gt;&gt;</a>&nbsp;&nbsp;&nbsp;_scanf_int
</UL>
<BR>[Called By]<UL><LI><a href="#[9d]">&gt;&gt;</a>&nbsp;&nbsp;&nbsp;__vfscanf_char
</UL>

<P><STRONG><a name="[a6]"></a>_strtoul</STRONG> (Thumb, 158 bytes, Stack size 40 bytes, _strtoul.o(.text))
<BR><BR>[Stack]<UL><LI>Max Depth = 40<LI>Call Chain = _strtoul
</UL>
<BR>[Calls]<UL><LI><a href="#[9f]">&gt;&gt;</a>&nbsp;&nbsp;&nbsp;_chval
<LI><a href="#[5d]">&gt;&gt;</a>&nbsp;&nbsp;&nbsp;__aeabi_errno_addr
</UL>
<BR>[Called By]<UL><LI><a href="#[5e]">&gt;&gt;</a>&nbsp;&nbsp;&nbsp;strtol
</UL>

<P><STRONG><a name="[af]"></a>CalcChksum</STRONG> (Thumb, 22 bytes, Stack size 4 bytes, at_lib.o(i.CalcChksum))
<BR><BR>[Stack]<UL><LI>Max Depth = 4<LI>Call Chain = CalcChksum
</UL>
<BR>[Calls]<UL><LI><a href="#[b0]">&gt;&gt;</a>&nbsp;&nbsp;&nbsp;CalcChksumBuf
</UL>
<BR>[Called By]<UL><LI><a href="#[fa]">&gt;&gt;</a>&nbsp;&nbsp;&nbsp;process_icmp
<LI><a href="#[f5]">&gt;&gt;</a>&nbsp;&nbsp;&nbsp;ip_get_chksum
</UL>

<P><STRONG><a name="[b0]"></a>CalcChksumBuf</STRONG> (Thumb, 40 bytes, Stack size 0 bytes, at_lib.o(i.CalcChksumBuf))
<BR><BR>[Called By]<UL><LI><a href="#[af]">&gt;&gt;</a>&nbsp;&nbsp;&nbsp;CalcChksum
<LI><a href="#[d5]">&gt;&gt;</a>&nbsp;&nbsp;&nbsp;udp_send
<LI><a href="#[128]">&gt;&gt;</a>&nbsp;&nbsp;&nbsp;tcp_send_frame
<LI><a href="#[56]">&gt;&gt;</a>&nbsp;&nbsp;&nbsp;process_udp
<LI><a href="#[58]">&gt;&gt;</a>&nbsp;&nbsp;&nbsp;process_tcp
</UL>

<P><STRONG><a name="[fc]"></a>CalcChksumVal</STRONG> (Thumb, 10 bytes, Stack size 0 bytes, at_lib.o(i.CalcChksumVal))
<BR><BR>[Called By]<UL><LI><a href="#[d5]">&gt;&gt;</a>&nbsp;&nbsp;&nbsp;udp_send
<LI><a href="#[128]">&gt;&gt;</a>&nbsp;&nbsp;&nbsp;tcp_send_frame
<LI><a href="#[56]">&gt;&gt;</a>&nbsp;&nbsp;&nbsp;process_udp
<LI><a href="#[58]">&gt;&gt;</a>&nbsp;&nbsp;&nbsp;process_tcp
</UL>

<P><STRONG><a name="[d4]"></a>SwapB</STRONG> (Thumb, 10 bytes, Stack size 0 bytes, at_lib.o(i.SwapB))
<BR><BR>[Called By]<UL><LI><a href="#[f3]">&gt;&gt;</a>&nbsp;&nbsp;&nbsp;ip_chk_frame
<LI><a href="#[ce]">&gt;&gt;</a>&nbsp;&nbsp;&nbsp;dhcp_send_message
<LI><a href="#[d5]">&gt;&gt;</a>&nbsp;&nbsp;&nbsp;udp_send
<LI><a href="#[f7]">&gt;&gt;</a>&nbsp;&nbsp;&nbsp;ip_send_frame
<LI><a href="#[100]">&gt;&gt;</a>&nbsp;&nbsp;&nbsp;tcp_send_reset
<LI><a href="#[128]">&gt;&gt;</a>&nbsp;&nbsp;&nbsp;tcp_send_frame
<LI><a href="#[fb]">&gt;&gt;</a>&nbsp;&nbsp;&nbsp;tcp_map_socket
<LI><a href="#[56]">&gt;&gt;</a>&nbsp;&nbsp;&nbsp;process_udp
</UL>

<P><STRONG><a name="[b1]"></a>__0sprintf</STRONG> (Thumb, 34 bytes, Stack size 24 bytes, printfa.o(i.__0sprintf), UNUSED)
<BR><BR>[Calls]<UL><LI><a href="#[3d]">&gt;&gt;</a>&nbsp;&nbsp;&nbsp;_sputc
<LI><a href="#[b2]">&gt;&gt;</a>&nbsp;&nbsp;&nbsp;_printf_core
</UL>

<P><STRONG><a name="[139]"></a>__1sprintf</STRONG> (Thumb, 0 bytes, Stack size 24 bytes, printfa.o(i.__0sprintf), UNUSED)

<P><STRONG><a name="[63]"></a>__2sprintf</STRONG> (Thumb, 0 bytes, Stack size 24 bytes, printfa.o(i.__0sprintf))
<BR><BR>[Stack]<UL><LI>Max Depth = 24<LI>Call Chain = __2sprintf
</UL>
<BR>[Called By]<UL><LI><a href="#[da]">&gt;&gt;</a>&nbsp;&nbsp;&nbsp;utc_to_http
<LI><a href="#[7f]">&gt;&gt;</a>&nbsp;&nbsp;&nbsp;cgi_func
<LI><a href="#[61]">&gt;&gt;</a>&nbsp;&nbsp;&nbsp;dhcp_check
</UL>

<P><STRONG><a name="[13a]"></a>__c89sprintf</STRONG> (Thumb, 0 bytes, Stack size 24 bytes, printfa.o(i.__0sprintf), UNUSED)

<P><STRONG><a name="[13b]"></a>sprintf</STRONG> (Thumb, 0 bytes, Stack size 24 bytes, printfa.o(i.__0sprintf), UNUSED)

<P><STRONG><a name="[5d]"></a>__aeabi_errno_addr</STRONG> (Thumb, 4 bytes, Stack size 0 bytes, errno.o(i.__aeabi_errno_addr))
<BR><BR>[Called By]<UL><LI><a href="#[a6]">&gt;&gt;</a>&nbsp;&nbsp;&nbsp;_strtoul
<LI><a href="#[5e]">&gt;&gt;</a>&nbsp;&nbsp;&nbsp;strtol
<LI><a href="#[5c]">&gt;&gt;</a>&nbsp;&nbsp;&nbsp;atoi
</UL>

<P><STRONG><a name="[13c]"></a>__rt_errno_addr</STRONG> (Thumb, 0 bytes, Stack size 0 bytes, errno.o(i.__aeabi_errno_addr), UNUSED)

<P><STRONG><a name="[13d]"></a>__scatterload_copy</STRONG> (Thumb, 14 bytes, Stack size unknown bytes, handlers.o(i.__scatterload_copy), UNUSED)

<P><STRONG><a name="[13e]"></a>__scatterload_zeroinit</STRONG> (Thumb, 14 bytes, Stack size unknown bytes, handlers.o(i.__scatterload_zeroinit), UNUSED)

<P><STRONG><a name="[118]"></a>_init_box</STRONG> (Thumb, 70 bytes, Stack size 8 bytes, rt_membox.o(i._init_box))
<BR><BR>[Stack]<UL><LI>Max Depth = 8<LI>Call Chain = _init_box
</UL>
<BR>[Called By]<UL><LI><a href="#[38]">&gt;&gt;</a>&nbsp;&nbsp;&nbsp;rt_sys_init
</UL>

<P><STRONG><a name="[76]"></a>alloc_mem</STRONG> (Thumb, 152 bytes, Stack size 32 bytes, at_mem.o(i.alloc_mem))
<BR><BR>[Stack]<UL><LI>Max Depth = 32<LI>Call Chain = alloc_mem
</UL>
<BR>[Calls]<UL><LI><a href="#[b8]">&gt;&gt;</a>&nbsp;&nbsp;&nbsp;int_disable_eth
<LI><a href="#[b9]">&gt;&gt;</a>&nbsp;&nbsp;&nbsp;int_enable_eth
<LI><a href="#[48]">&gt;&gt;</a>&nbsp;&nbsp;&nbsp;sys_error
</UL>
<BR>[Called By]<UL><LI><a href="#[fa]">&gt;&gt;</a>&nbsp;&nbsp;&nbsp;process_icmp
<LI><a href="#[40]">&gt;&gt;</a>&nbsp;&nbsp;&nbsp;nbns_listener
<LI><a href="#[e4]">&gt;&gt;</a>&nbsp;&nbsp;&nbsp;http_proc_post
<LI><a href="#[e3]">&gt;&gt;</a>&nbsp;&nbsp;&nbsp;http_open_file
<LI><a href="#[3f]">&gt;&gt;</a>&nbsp;&nbsp;&nbsp;http_listener
<LI><a href="#[c5]">&gt;&gt;</a>&nbsp;&nbsp;&nbsp;chk_post_rq
<LI><a href="#[d1]">&gt;&gt;</a>&nbsp;&nbsp;&nbsp;udp_get_buf
<LI><a href="#[126]">&gt;&gt;</a>&nbsp;&nbsp;&nbsp;tcp_send
<LI><a href="#[124]">&gt;&gt;</a>&nbsp;&nbsp;&nbsp;tcp_get_buf
<LI><a href="#[ff]">&gt;&gt;</a>&nbsp;&nbsp;&nbsp;tcp_send_ctrl
<LI><a href="#[26]">&gt;&gt;</a>&nbsp;&nbsp;&nbsp;ENET_IRQHandler
<LI><a href="#[7b]">&gt;&gt;</a>&nbsp;&nbsp;&nbsp;cgi_process_data
<LI><a href="#[75]">&gt;&gt;</a>&nbsp;&nbsp;&nbsp;cgi_process_var
<LI><a href="#[bf]">&gt;&gt;</a>&nbsp;&nbsp;&nbsp;arp_send_req
<LI><a href="#[c2]">&gt;&gt;</a>&nbsp;&nbsp;&nbsp;arp_send_reply
</UL>

<P><STRONG><a name="[ba]"></a>arp_cache_add</STRONG> (Thumb, 176 bytes, Stack size 32 bytes, at_arp.o(i.arp_cache_add))
<BR><BR>[Stack]<UL><LI>Max Depth = 56<LI>Call Chain = arp_cache_add &rArr; is_subnet &rArr; mem_copy
</UL>
<BR>[Calls]<UL><LI><a href="#[bb]">&gt;&gt;</a>&nbsp;&nbsp;&nbsp;is_subnet
<LI><a href="#[bd]">&gt;&gt;</a>&nbsp;&nbsp;&nbsp;mem_copy
<LI><a href="#[7e]">&gt;&gt;</a>&nbsp;&nbsp;&nbsp;mem_comp
<LI><a href="#[62]">&gt;&gt;</a>&nbsp;&nbsp;&nbsp;mem_test
<LI><a href="#[bc]">&gt;&gt;</a>&nbsp;&nbsp;&nbsp;arp_cache_alloc
</UL>
<BR>[Called By]<UL><LI><a href="#[51]">&gt;&gt;</a>&nbsp;&nbsp;&nbsp;run_eth_link
<LI><a href="#[c2]">&gt;&gt;</a>&nbsp;&nbsp;&nbsp;arp_send_reply
</UL>

<P><STRONG><a name="[be]"></a>arp_cache_find</STRONG> (Thumb, 254 bytes, Stack size 32 bytes, at_arp.o(i.arp_cache_find))
<BR><BR>[Stack]<UL><LI>Max Depth = 80<LI>Call Chain = arp_cache_find &rArr; arp_send_req &rArr; alloc_mem
</UL>
<BR>[Calls]<UL><LI><a href="#[bb]">&gt;&gt;</a>&nbsp;&nbsp;&nbsp;is_subnet
<LI><a href="#[bd]">&gt;&gt;</a>&nbsp;&nbsp;&nbsp;mem_copy
<LI><a href="#[7e]">&gt;&gt;</a>&nbsp;&nbsp;&nbsp;mem_comp
<LI><a href="#[62]">&gt;&gt;</a>&nbsp;&nbsp;&nbsp;mem_test
<LI><a href="#[bf]">&gt;&gt;</a>&nbsp;&nbsp;&nbsp;arp_send_req
<LI><a href="#[bc]">&gt;&gt;</a>&nbsp;&nbsp;&nbsp;arp_cache_alloc
</UL>
<BR>[Called By]<UL><LI><a href="#[5a]">&gt;&gt;</a>&nbsp;&nbsp;&nbsp;eth_send_frame
</UL>

<P><STRONG><a name="[c0]"></a>arp_cache_update</STRONG> (Thumb, 218 bytes, Stack size 32 bytes, at_arp.o(i.arp_cache_update))
<BR><BR>[Stack]<UL><LI>Max Depth = 80<LI>Call Chain = arp_cache_update &rArr; arp_send_req &rArr; alloc_mem
</UL>
<BR>[Calls]<UL><LI><a href="#[7e]">&gt;&gt;</a>&nbsp;&nbsp;&nbsp;mem_comp
<LI><a href="#[bf]">&gt;&gt;</a>&nbsp;&nbsp;&nbsp;arp_send_req
</UL>
<BR>[Called By]<UL><LI><a href="#[51]">&gt;&gt;</a>&nbsp;&nbsp;&nbsp;run_eth_link
</UL>

<P><STRONG><a name="[bf]"></a>arp_send_req</STRONG> (Thumb, 154 bytes, Stack size 16 bytes, at_arp.o(i.arp_send_req))
<BR><BR>[Stack]<UL><LI>Max Depth = 48<LI>Call Chain = arp_send_req &rArr; alloc_mem
</UL>
<BR>[Calls]<UL><LI><a href="#[c4]">&gt;&gt;</a>&nbsp;&nbsp;&nbsp;mem_set
<LI><a href="#[bd]">&gt;&gt;</a>&nbsp;&nbsp;&nbsp;mem_copy
<LI><a href="#[c3]">&gt;&gt;</a>&nbsp;&nbsp;&nbsp;send_frame
<LI><a href="#[7a]">&gt;&gt;</a>&nbsp;&nbsp;&nbsp;free_mem
<LI><a href="#[76]">&gt;&gt;</a>&nbsp;&nbsp;&nbsp;alloc_mem
</UL>
<BR>[Called By]<UL><LI><a href="#[c0]">&gt;&gt;</a>&nbsp;&nbsp;&nbsp;arp_cache_update
<LI><a href="#[be]">&gt;&gt;</a>&nbsp;&nbsp;&nbsp;arp_cache_find
</UL>

<P><STRONG><a name="[ea]"></a>b64_to_asc</STRONG> (Thumb, 120 bytes, Stack size 20 bytes, at_lib.o(i.b64_to_asc))
<BR><BR>[Stack]<UL><LI>Max Depth = 20<LI>Call Chain = b64_to_asc
</UL>
<BR>[Called By]<UL><LI><a href="#[e1]">&gt;&gt;</a>&nbsp;&nbsp;&nbsp;http_proc_header
</UL>

<P><STRONG><a name="[d9]"></a>cgx_content_type</STRONG> (Thumb, 4 bytes, Stack size 0 bytes, at_http.o(i.cgx_content_type))
<BR><BR>[Called By]<UL><LI><a href="#[d8]">&gt;&gt;</a>&nbsp;&nbsp;&nbsp;http_add_header
</UL>

<P><STRONG><a name="[117]"></a>dbg_init</STRONG> (Thumb, 36 bytes, Stack size 0 bytes, hal_cm3.o(i.dbg_init))
<BR><BR>[Called By]<UL><LI><a href="#[38]">&gt;&gt;</a>&nbsp;&nbsp;&nbsp;rt_sys_init
</UL>

<P><STRONG><a name="[11d]"></a>dbg_task_notify</STRONG> (Thumb, 32 bytes, Stack size 0 bytes, hal_cm3.o(i.dbg_task_notify))
<BR><BR>[Called By]<UL><LI><a href="#[37]">&gt;&gt;</a>&nbsp;&nbsp;&nbsp;rt_tsk_delete
<LI><a href="#[36]">&gt;&gt;</a>&nbsp;&nbsp;&nbsp;rt_tsk_create
</UL>

<P><STRONG><a name="[116]"></a>dbg_task_switch</STRONG> (Thumb, 16 bytes, Stack size 0 bytes, hal_cm3.o(i.dbg_task_switch))
<BR><BR>[Called By]<UL><LI><a href="#[108]">&gt;&gt;</a>&nbsp;&nbsp;&nbsp;rt_switch_req
</UL>

<P><STRONG><a name="[64]"></a>dhcp_disable</STRONG> (Thumb, 40 bytes, Stack size 16 bytes, at_dhcp.o(i.dhcp_disable))
<BR><BR>[Stack]<UL><LI>Max Depth = 28<LI>Call Chain = dhcp_disable &rArr; mem_copy
</UL>
<BR>[Calls]<UL><LI><a href="#[cb]">&gt;&gt;</a>&nbsp;&nbsp;&nbsp;udp_release_socket
<LI><a href="#[ca]">&gt;&gt;</a>&nbsp;&nbsp;&nbsp;udp_close
<LI><a href="#[bd]">&gt;&gt;</a>&nbsp;&nbsp;&nbsp;mem_copy
</UL>
<BR>[Called By]<UL><LI><a href="#[61]">&gt;&gt;</a>&nbsp;&nbsp;&nbsp;dhcp_check
</UL>

<P><STRONG><a name="[d6]"></a>eth_chk_adr</STRONG> (Thumb, 10 bytes, Stack size 0 bytes, at_ethernet.o(i.eth_chk_adr))
<BR><BR>[Stack]<UL><LI>Max Depth = 8<LI>Call Chain = eth_chk_adr &rArr; mem_comp
</UL>
<BR>[Calls]<UL><LI><a href="#[7e]">&gt;&gt;</a>&nbsp;&nbsp;&nbsp;mem_comp
</UL>
<BR>[Called By]<UL><LI><a href="#[f3]">&gt;&gt;</a>&nbsp;&nbsp;&nbsp;ip_chk_frame
</UL>

<P><STRONG><a name="[5a]"></a>eth_send_frame</STRONG> (Thumb, 138 bytes, Stack size 16 bytes, at_ethernet.o(i.eth_send_frame))
<BR><BR>[Stack]<UL><LI>Max Depth = 96<LI>Call Chain = eth_send_frame &rArr; arp_cache_find &rArr; arp_send_req &rArr; alloc_mem
</UL>
<BR>[Calls]<UL><LI><a href="#[d7]">&gt;&gt;</a>&nbsp;&nbsp;&nbsp;is_subnet_bcast
<LI><a href="#[be]">&gt;&gt;</a>&nbsp;&nbsp;&nbsp;arp_cache_find
<LI><a href="#[bd]">&gt;&gt;</a>&nbsp;&nbsp;&nbsp;mem_copy
<LI><a href="#[c3]">&gt;&gt;</a>&nbsp;&nbsp;&nbsp;send_frame
<LI><a href="#[7e]">&gt;&gt;</a>&nbsp;&nbsp;&nbsp;mem_comp
<LI><a href="#[62]">&gt;&gt;</a>&nbsp;&nbsp;&nbsp;mem_test
</UL>
<BR>[Called By]<UL><LI><a href="#[59]">&gt;&gt;</a>&nbsp;&nbsp;&nbsp;dispatch_frame
</UL>

<P><STRONG><a name="[7a]"></a>free_mem</STRONG> (Thumb, 94 bytes, Stack size 16 bytes, at_mem.o(i.free_mem))
<BR><BR>[Stack]<UL><LI>Max Depth = 16<LI>Call Chain = free_mem
</UL>
<BR>[Calls]<UL><LI><a href="#[b8]">&gt;&gt;</a>&nbsp;&nbsp;&nbsp;int_disable_eth
<LI><a href="#[b9]">&gt;&gt;</a>&nbsp;&nbsp;&nbsp;int_enable_eth
<LI><a href="#[48]">&gt;&gt;</a>&nbsp;&nbsp;&nbsp;sys_error
</UL>
<BR>[Called By]<UL><LI><a href="#[fa]">&gt;&gt;</a>&nbsp;&nbsp;&nbsp;process_icmp
<LI><a href="#[40]">&gt;&gt;</a>&nbsp;&nbsp;&nbsp;nbns_listener
<LI><a href="#[e4]">&gt;&gt;</a>&nbsp;&nbsp;&nbsp;http_proc_post
<LI><a href="#[e3]">&gt;&gt;</a>&nbsp;&nbsp;&nbsp;http_open_file
<LI><a href="#[de]">&gt;&gt;</a>&nbsp;&nbsp;&nbsp;http_kill_session
<LI><a href="#[d5]">&gt;&gt;</a>&nbsp;&nbsp;&nbsp;udp_send
<LI><a href="#[126]">&gt;&gt;</a>&nbsp;&nbsp;&nbsp;tcp_send
<LI><a href="#[fd]">&gt;&gt;</a>&nbsp;&nbsp;&nbsp;tcp_set_retransmit
<LI><a href="#[ff]">&gt;&gt;</a>&nbsp;&nbsp;&nbsp;tcp_send_ctrl
<LI><a href="#[8c]">&gt;&gt;</a>&nbsp;&nbsp;&nbsp;put_in_queue
<LI><a href="#[51]">&gt;&gt;</a>&nbsp;&nbsp;&nbsp;run_eth_link
<LI><a href="#[7b]">&gt;&gt;</a>&nbsp;&nbsp;&nbsp;cgi_process_data
<LI><a href="#[75]">&gt;&gt;</a>&nbsp;&nbsp;&nbsp;cgi_process_var
<LI><a href="#[bf]">&gt;&gt;</a>&nbsp;&nbsp;&nbsp;arp_send_req
<LI><a href="#[c2]">&gt;&gt;</a>&nbsp;&nbsp;&nbsp;arp_send_reply
</UL>

<P><STRONG><a name="[d2]"></a>get_crc</STRONG> (Thumb, 36 bytes, Stack size 8 bytes, at_lib.o(i.get_crc))
<BR><BR>[Stack]<UL><LI>Max Depth = 8<LI>Call Chain = get_crc
</UL>
<BR>[Called By]<UL><LI><a href="#[ce]">&gt;&gt;</a>&nbsp;&nbsp;&nbsp;dhcp_send_message
<LI><a href="#[e9]">&gt;&gt;</a>&nbsp;&nbsp;&nbsp;str_crc
<LI><a href="#[4f]">&gt;&gt;</a>&nbsp;&nbsp;&nbsp;init_dhcp
</UL>

<P><STRONG><a name="[cc]"></a>get_u32</STRONG> (Thumb, 22 bytes, Stack size 0 bytes, at_lib.o(i.get_u32))
<BR><BR>[Called By]<UL><LI><a href="#[cf]">&gt;&gt;</a>&nbsp;&nbsp;&nbsp;proc_opt_req
<LI><a href="#[d0]">&gt;&gt;</a>&nbsp;&nbsp;&nbsp;proc_opt_renew
<LI><a href="#[3e]">&gt;&gt;</a>&nbsp;&nbsp;&nbsp;dhcp_listener
<LI><a href="#[100]">&gt;&gt;</a>&nbsp;&nbsp;&nbsp;tcp_send_reset
<LI><a href="#[58]">&gt;&gt;</a>&nbsp;&nbsp;&nbsp;process_tcp
</UL>

<P><STRONG><a name="[e0]"></a>http_accept_host</STRONG> (Thumb, 4 bytes, Stack size 0 bytes, at_http.o(i.http_accept_host))
<BR><BR>[Called By]<UL><LI><a href="#[3f]">&gt;&gt;</a>&nbsp;&nbsp;&nbsp;http_listener
</UL>

<P><STRONG><a name="[104]"></a>http_fgets</STRONG> (Thumb, 4 bytes, Stack size 0 bytes, at_http_uif.o(i.http_fgets))
<BR><BR>[Called By]<UL><LI><a href="#[e5]">&gt;&gt;</a>&nbsp;&nbsp;&nbsp;read_script_line
</UL>

<P><STRONG><a name="[e8]"></a>http_finfo</STRONG> (Thumb, 4 bytes, Stack size 0 bytes, at_http_uif.o(i.http_finfo))
<BR><BR>[Called By]<UL><LI><a href="#[e3]">&gt;&gt;</a>&nbsp;&nbsp;&nbsp;http_open_file
</UL>

<P><STRONG><a name="[e7]"></a>http_fopen</STRONG> (Thumb, 4 bytes, Stack size 0 bytes, at_http_uif.o(i.http_fopen))
<BR><BR>[Called By]<UL><LI><a href="#[e3]">&gt;&gt;</a>&nbsp;&nbsp;&nbsp;http_open_file
</UL>

<P><STRONG><a name="[125]"></a>http_fread</STRONG> (Thumb, 4 bytes, Stack size 0 bytes, at_http_uif.o(i.http_fread))
<BR><BR>[Called By]<UL><LI><a href="#[53]">&gt;&gt;</a>&nbsp;&nbsp;&nbsp;run_http_server
</UL>

<P><STRONG><a name="[80]"></a>http_get_lang</STRONG> (Thumb, 18 bytes, Stack size 0 bytes, at_http.o(i.http_get_lang))
<BR><BR>[Called By]<UL><LI><a href="#[7f]">&gt;&gt;</a>&nbsp;&nbsp;&nbsp;cgi_func
</UL>

<P><STRONG><a name="[77]"></a>http_get_var</STRONG> (Thumb, 104 bytes, Stack size 24 bytes, at_http.o(i.http_get_var))
<BR><BR>[Stack]<UL><LI>Max Depth = 24<LI>Call Chain = http_get_var
</UL>
<BR>[Calls]<UL><LI><a href="#[dd]">&gt;&gt;</a>&nbsp;&nbsp;&nbsp;hex2byte
</UL>
<BR>[Called By]<UL><LI><a href="#[7b]">&gt;&gt;</a>&nbsp;&nbsp;&nbsp;cgi_process_data
<LI><a href="#[75]">&gt;&gt;</a>&nbsp;&nbsp;&nbsp;cgi_process_var
</UL>

<P><STRONG><a name="[72]"></a>init_TcpNet</STRONG> (Thumb, 40 bytes, Stack size 8 bytes, at_system.o(i.init_TcpNet))
<BR><BR>[Stack]<UL><LI>Max Depth = 88<LI>Call Chain = init_TcpNet &rArr; init_system &rArr; init_eth_link &rArr; init_ethernet &rArr; write_PHY &rArr; output_MDIO
</UL>
<BR>[Calls]<UL><LI><a href="#[ed]">&gt;&gt;</a>&nbsp;&nbsp;&nbsp;init_mem
<LI><a href="#[bd]">&gt;&gt;</a>&nbsp;&nbsp;&nbsp;mem_copy
<LI><a href="#[b8]">&gt;&gt;</a>&nbsp;&nbsp;&nbsp;int_disable_eth
<LI><a href="#[49]">&gt;&gt;</a>&nbsp;&nbsp;&nbsp;init_system
</UL>
<BR>[Called By]<UL><LI><a href="#[6d]">&gt;&gt;</a>&nbsp;&nbsp;&nbsp;init
</UL>

<P><STRONG><a name="[f0]"></a>init_arp</STRONG> (Thumb, 30 bytes, Stack size 12 bytes, at_arp.o(i.init_arp))
<BR><BR>[Stack]<UL><LI>Max Depth = 12<LI>Call Chain = init_arp
</UL>
<BR>[Called By]<UL><LI><a href="#[4a]">&gt;&gt;</a>&nbsp;&nbsp;&nbsp;init_eth_link
</UL>

<P><STRONG><a name="[4f]"></a>init_dhcp</STRONG> (Thumb, 84 bytes, Stack size 16 bytes, at_dhcp.o(i.init_dhcp))
<BR><BR>[Stack]<UL><LI>Max Depth = 36<LI>Call Chain = init_dhcp &rArr; udp_open
</UL>
<BR>[Calls]<UL><LI><a href="#[d2]">&gt;&gt;</a>&nbsp;&nbsp;&nbsp;get_crc
<LI><a href="#[ef]">&gt;&gt;</a>&nbsp;&nbsp;&nbsp;udp_open
<LI><a href="#[ee]">&gt;&gt;</a>&nbsp;&nbsp;&nbsp;udp_get_socket
<LI><a href="#[c4]">&gt;&gt;</a>&nbsp;&nbsp;&nbsp;mem_set
<LI><a href="#[bd]">&gt;&gt;</a>&nbsp;&nbsp;&nbsp;mem_copy
</UL>
<BR>[Called By]<UL><LI><a href="#[49]">&gt;&gt;</a>&nbsp;&nbsp;&nbsp;init_system
</UL>

<P><STRONG><a name="[4a]"></a>init_eth_link</STRONG> (Thumb, 30 bytes, Stack size 8 bytes, at_ethernet.o(i.init_eth_link))
<BR><BR>[Stack]<UL><LI>Max Depth = 72<LI>Call Chain = init_eth_link &rArr; init_ethernet &rArr; write_PHY &rArr; output_MDIO
</UL>
<BR>[Calls]<UL><LI><a href="#[f0]">&gt;&gt;</a>&nbsp;&nbsp;&nbsp;init_arp
<LI><a href="#[b8]">&gt;&gt;</a>&nbsp;&nbsp;&nbsp;int_disable_eth
<LI><a href="#[b9]">&gt;&gt;</a>&nbsp;&nbsp;&nbsp;int_enable_eth
<LI><a href="#[8b]">&gt;&gt;</a>&nbsp;&nbsp;&nbsp;init_ethernet
</UL>
<BR>[Called By]<UL><LI><a href="#[49]">&gt;&gt;</a>&nbsp;&nbsp;&nbsp;init_system
</UL>

<P><STRONG><a name="[4d]"></a>init_http</STRONG> (Thumb, 76 bytes, Stack size 24 bytes, at_http.o(i.init_http))
<BR><BR>[Stack]<UL><LI>Max Depth = 48<LI>Call Chain = init_http &rArr; tcp_get_socket
</UL>
<BR>[Calls]<UL><LI><a href="#[f2]">&gt;&gt;</a>&nbsp;&nbsp;&nbsp;tcp_listen
<LI><a href="#[f1]">&gt;&gt;</a>&nbsp;&nbsp;&nbsp;tcp_get_socket
</UL>
<BR>[Called By]<UL><LI><a href="#[49]">&gt;&gt;</a>&nbsp;&nbsp;&nbsp;init_system
</UL>

<P><STRONG><a name="[ed]"></a>init_mem</STRONG> (Thumb, 24 bytes, Stack size 0 bytes, at_mem.o(i.init_mem))
<BR><BR>[Called By]<UL><LI><a href="#[72]">&gt;&gt;</a>&nbsp;&nbsp;&nbsp;init_TcpNet
</UL>

<P><STRONG><a name="[4e]"></a>init_nbns</STRONG> (Thumb, 32 bytes, Stack size 8 bytes, at_nbns.o(i.init_nbns))
<BR><BR>[Stack]<UL><LI>Max Depth = 28<LI>Call Chain = init_nbns &rArr; udp_open
</UL>
<BR>[Calls]<UL><LI><a href="#[ef]">&gt;&gt;</a>&nbsp;&nbsp;&nbsp;udp_open
<LI><a href="#[ee]">&gt;&gt;</a>&nbsp;&nbsp;&nbsp;udp_get_socket
</UL>
<BR>[Called By]<UL><LI><a href="#[49]">&gt;&gt;</a>&nbsp;&nbsp;&nbsp;init_system
</UL>

<P><STRONG><a name="[4c]"></a>init_tcp</STRONG> (Thumb, 16 bytes, Stack size 0 bytes, at_tcp.o(i.init_tcp))
<BR><BR>[Calls]<UL><LI><a href="#[c4]">&gt;&gt;</a>&nbsp;&nbsp;&nbsp;mem_set
</UL>
<BR>[Called By]<UL><LI><a href="#[49]">&gt;&gt;</a>&nbsp;&nbsp;&nbsp;init_system
</UL>

<P><STRONG><a name="[4b]"></a>init_udp</STRONG> (Thumb, 18 bytes, Stack size 0 bytes, at_udp.o(i.init_udp))
<BR><BR>[Calls]<UL><LI><a href="#[c4]">&gt;&gt;</a>&nbsp;&nbsp;&nbsp;mem_set
</UL>
<BR>[Called By]<UL><LI><a href="#[49]">&gt;&gt;</a>&nbsp;&nbsp;&nbsp;init_system
</UL>

<P><STRONG><a name="[f3]"></a>ip_chk_frame</STRONG> (Thumb, 186 bytes, Stack size 24 bytes, at_ip.o(i.ip_chk_frame))
<BR><BR>[Stack]<UL><LI>Max Depth = 36<LI>Call Chain = ip_chk_frame &rArr; mem_copy
</UL>
<BR>[Calls]<UL><LI><a href="#[d6]">&gt;&gt;</a>&nbsp;&nbsp;&nbsp;eth_chk_adr
<LI><a href="#[bd]">&gt;&gt;</a>&nbsp;&nbsp;&nbsp;mem_copy
<LI><a href="#[d4]">&gt;&gt;</a>&nbsp;&nbsp;&nbsp;SwapB
<LI><a href="#[f4]">&gt;&gt;</a>&nbsp;&nbsp;&nbsp;igmp_is_member
<LI><a href="#[7e]">&gt;&gt;</a>&nbsp;&nbsp;&nbsp;mem_comp
<LI><a href="#[f5]">&gt;&gt;</a>&nbsp;&nbsp;&nbsp;ip_get_chksum
</UL>
<BR>[Called By]<UL><LI><a href="#[51]">&gt;&gt;</a>&nbsp;&nbsp;&nbsp;run_eth_link
</UL>

<P><STRONG><a name="[f6]"></a>ip_get_locadr</STRONG> (Thumb, 140 bytes, Stack size 24 bytes, at_ip.o(i.ip_get_locadr))
<BR><BR>[Stack]<UL><LI>Max Depth = 48<LI>Call Chain = ip_get_locadr &rArr; is_subnet &rArr; mem_copy
</UL>
<BR>[Calls]<UL><LI><a href="#[bb]">&gt;&gt;</a>&nbsp;&nbsp;&nbsp;is_subnet
<LI><a href="#[62]">&gt;&gt;</a>&nbsp;&nbsp;&nbsp;mem_test
</UL>
<BR>[Called By]<UL><LI><a href="#[d5]">&gt;&gt;</a>&nbsp;&nbsp;&nbsp;udp_send
<LI><a href="#[f7]">&gt;&gt;</a>&nbsp;&nbsp;&nbsp;ip_send_frame
<LI><a href="#[128]">&gt;&gt;</a>&nbsp;&nbsp;&nbsp;tcp_send_frame
</UL>

<P><STRONG><a name="[f7]"></a>ip_send_frame</STRONG> (Thumb, 140 bytes, Stack size 24 bytes, at_ip.o(i.ip_send_frame))
<BR><BR>[Stack]<UL><LI>Max Depth = 120<LI>Call Chain = ip_send_frame &rArr; dispatch_frame &rArr; eth_send_frame &rArr; arp_cache_find &rArr; arp_send_req &rArr; alloc_mem
</UL>
<BR>[Calls]<UL><LI><a href="#[bd]">&gt;&gt;</a>&nbsp;&nbsp;&nbsp;mem_copy
<LI><a href="#[f6]">&gt;&gt;</a>&nbsp;&nbsp;&nbsp;ip_get_locadr
<LI><a href="#[d4]">&gt;&gt;</a>&nbsp;&nbsp;&nbsp;SwapB
<LI><a href="#[59]">&gt;&gt;</a>&nbsp;&nbsp;&nbsp;dispatch_frame
<LI><a href="#[f5]">&gt;&gt;</a>&nbsp;&nbsp;&nbsp;ip_get_chksum
</UL>
<BR>[Called By]<UL><LI><a href="#[fa]">&gt;&gt;</a>&nbsp;&nbsp;&nbsp;process_icmp
<LI><a href="#[d5]">&gt;&gt;</a>&nbsp;&nbsp;&nbsp;udp_send
<LI><a href="#[128]">&gt;&gt;</a>&nbsp;&nbsp;&nbsp;tcp_send_frame
</UL>

<P><STRONG><a name="[bb]"></a>is_subnet</STRONG> (Thumb, 34 bytes, Stack size 12 bytes, at_lib.o(i.is_subnet))
<BR><BR>[Stack]<UL><LI>Max Depth = 24<LI>Call Chain = is_subnet &rArr; mem_copy
</UL>
<BR>[Calls]<UL><LI><a href="#[bd]">&gt;&gt;</a>&nbsp;&nbsp;&nbsp;mem_copy
</UL>
<BR>[Called By]<UL><LI><a href="#[d7]">&gt;&gt;</a>&nbsp;&nbsp;&nbsp;is_subnet_bcast
<LI><a href="#[be]">&gt;&gt;</a>&nbsp;&nbsp;&nbsp;arp_cache_find
<LI><a href="#[ba]">&gt;&gt;</a>&nbsp;&nbsp;&nbsp;arp_cache_add
<LI><a href="#[f6]">&gt;&gt;</a>&nbsp;&nbsp;&nbsp;ip_get_locadr
</UL>

<P><STRONG><a name="[d7]"></a>is_subnet_bcast</STRONG> (Thumb, 40 bytes, Stack size 16 bytes, at_arp.o(i.is_subnet_bcast))
<BR><BR>[Stack]<UL><LI>Max Depth = 40<LI>Call Chain = is_subnet_bcast &rArr; is_subnet &rArr; mem_copy
</UL>
<BR>[Calls]<UL><LI><a href="#[bb]">&gt;&gt;</a>&nbsp;&nbsp;&nbsp;is_subnet
<LI><a href="#[bd]">&gt;&gt;</a>&nbsp;&nbsp;&nbsp;mem_copy
</UL>
<BR>[Called By]<UL><LI><a href="#[5a]">&gt;&gt;</a>&nbsp;&nbsp;&nbsp;eth_send_frame
</UL>

<P><STRONG><a name="[66]"></a>main_TcpNet</STRONG> (Thumb, 52 bytes, Stack size 0 bytes, at_system.o(i.main_TcpNet))
<BR><BR>[Stack]<UL><LI>Max Depth = 248<LI>Call Chain = main_TcpNet &rArr; run_system &rArr; run_eth_link &rArr; process_hl_tcp &rArr; process_tcp &rArr; tcp_send_reset &rArr; tcp_send_ctrl &rArr; tcp_send_frame &rArr; ip_send_frame &rArr; dispatch_frame &rArr; eth_send_frame &rArr; arp_cache_find &rArr; arp_send_req &rArr; alloc_mem
</UL>
<BR>[Calls]<UL><LI><a href="#[50]">&gt;&gt;</a>&nbsp;&nbsp;&nbsp;run_system
</UL>
<BR>[Called By]<UL><LI><a href="#[65]">&gt;&gt;</a>&nbsp;&nbsp;&nbsp;tcp_task
</UL>

<P><STRONG><a name="[7e]"></a>mem_comp</STRONG> (Thumb, 30 bytes, Stack size 8 bytes, at_lib.o(i.mem_comp))
<BR><BR>[Stack]<UL><LI>Max Depth = 8<LI>Call Chain = mem_comp
</UL>
<BR>[Called By]<UL><LI><a href="#[f9]">&gt;&gt;</a>&nbsp;&nbsp;&nbsp;process_arp
<LI><a href="#[f3]">&gt;&gt;</a>&nbsp;&nbsp;&nbsp;ip_chk_frame
<LI><a href="#[c0]">&gt;&gt;</a>&nbsp;&nbsp;&nbsp;arp_cache_update
<LI><a href="#[be]">&gt;&gt;</a>&nbsp;&nbsp;&nbsp;arp_cache_find
<LI><a href="#[ba]">&gt;&gt;</a>&nbsp;&nbsp;&nbsp;arp_cache_add
<LI><a href="#[d6]">&gt;&gt;</a>&nbsp;&nbsp;&nbsp;eth_chk_adr
<LI><a href="#[3e]">&gt;&gt;</a>&nbsp;&nbsp;&nbsp;dhcp_listener
<LI><a href="#[40]">&gt;&gt;</a>&nbsp;&nbsp;&nbsp;nbns_listener
<LI><a href="#[fb]">&gt;&gt;</a>&nbsp;&nbsp;&nbsp;tcp_map_socket
<LI><a href="#[5a]">&gt;&gt;</a>&nbsp;&nbsp;&nbsp;eth_send_frame
<LI><a href="#[7b]">&gt;&gt;</a>&nbsp;&nbsp;&nbsp;cgi_process_data
<LI><a href="#[c1]">&gt;&gt;</a>&nbsp;&nbsp;&nbsp;arp_get_response
</UL>

<P><STRONG><a name="[bd]"></a>mem_copy</STRONG> (Thumb, 28 bytes, Stack size 12 bytes, at_lib.o(i.mem_copy))
<BR><BR>[Stack]<UL><LI>Max Depth = 12<LI>Call Chain = mem_copy
</UL>
<BR>[Called By]<UL><LI><a href="#[bb]">&gt;&gt;</a>&nbsp;&nbsp;&nbsp;is_subnet
<LI><a href="#[fa]">&gt;&gt;</a>&nbsp;&nbsp;&nbsp;process_icmp
<LI><a href="#[d7]">&gt;&gt;</a>&nbsp;&nbsp;&nbsp;is_subnet_bcast
<LI><a href="#[f3]">&gt;&gt;</a>&nbsp;&nbsp;&nbsp;ip_chk_frame
<LI><a href="#[be]">&gt;&gt;</a>&nbsp;&nbsp;&nbsp;arp_cache_find
<LI><a href="#[ba]">&gt;&gt;</a>&nbsp;&nbsp;&nbsp;arp_cache_add
<LI><a href="#[cd]">&gt;&gt;</a>&nbsp;&nbsp;&nbsp;proc_opt_sel
<LI><a href="#[cf]">&gt;&gt;</a>&nbsp;&nbsp;&nbsp;proc_opt_req
<LI><a href="#[ce]">&gt;&gt;</a>&nbsp;&nbsp;&nbsp;dhcp_send_message
<LI><a href="#[3e]">&gt;&gt;</a>&nbsp;&nbsp;&nbsp;dhcp_listener
<LI><a href="#[40]">&gt;&gt;</a>&nbsp;&nbsp;&nbsp;nbns_listener
<LI><a href="#[e4]">&gt;&gt;</a>&nbsp;&nbsp;&nbsp;http_proc_post
<LI><a href="#[f7]">&gt;&gt;</a>&nbsp;&nbsp;&nbsp;ip_send_frame
<LI><a href="#[126]">&gt;&gt;</a>&nbsp;&nbsp;&nbsp;tcp_send
<LI><a href="#[100]">&gt;&gt;</a>&nbsp;&nbsp;&nbsp;tcp_send_reset
<LI><a href="#[fb]">&gt;&gt;</a>&nbsp;&nbsp;&nbsp;tcp_map_socket
<LI><a href="#[53]">&gt;&gt;</a>&nbsp;&nbsp;&nbsp;run_http_server
[...]

<P><STRONG><a name="[103]"></a>tcp_transit</STRONG> (Thumb, 96 bytes, Stack size 16 bytes, at_tcp.o(i.tcp_transit))
<BR><BR>[Stack]<UL><LI>Max Depth = 48<LI>Call Chain = tcp_transit &rArr; tcp_set_retransmit &rArr; free_mem
</UL>
<BR>[Calls]<UL><LI><a href="#[fd]">&gt;&gt;</a>&nbsp;&nbsp;&nbsp;tcp_set_retransmit
</UL>
<BR>[Called By]<UL><LI><a href="#[122]">&gt;&gt;</a>&nbsp;&nbsp;&nbsp;tcp_close
<LI><a href="#[127]">&gt;&gt;</a>&nbsp;&nbsp;&nbsp;tcp_abort
<LI><a href="#[52]">&gt;&gt;</a>&nbsp;&nbsp;&nbsp;tcp_poll_sockets
<LI><a href="#[58]">&gt;&gt;</a>&nbsp;&nbsp;&nbsp;process_tcp
</UL>

<P><STRONG><a name="[c5]"></a>chk_post_rq</STRONG> (Thumb, 330 bytes, Stack size 32 bytes, at_http.o(i.chk_post_rq))
<BR><BR>[Stack]<UL><LI>Max Depth = 120<LI>Call Chain = chk_post_rq &rArr; atoi &rArr; strtol &rArr; _strtoul
</UL>
<BR>[Calls]<UL><LI><a href="#[c7]">&gt;&gt;</a>&nbsp;&nbsp;&nbsp;http_strcpy
<LI><a href="#[c8]">&gt;&gt;</a>&nbsp;&nbsp;&nbsp;get_next_par
<LI><a href="#[c9]">&gt;&gt;</a>&nbsp;&nbsp;&nbsp;get_next_field
<LI><a href="#[c6]">&gt;&gt;</a>&nbsp;&nbsp;&nbsp;cmp_header
<LI><a href="#[78]">&gt;&gt;</a>&nbsp;&nbsp;&nbsp;str_scomp
<LI><a href="#[76]">&gt;&gt;</a>&nbsp;&nbsp;&nbsp;alloc_mem
<LI><a href="#[5c]">&gt;&gt;</a>&nbsp;&nbsp;&nbsp;atoi
</UL>
<BR>[Called By]<UL><LI><a href="#[3f]">&gt;&gt;</a>&nbsp;&nbsp;&nbsp;http_listener
</UL>

<P><STRONG><a name="[c6]"></a>cmp_header</STRONG> (Thumb, 40 bytes, Stack size 8 bytes, at_http.o(i.cmp_header))
<BR><BR>[Stack]<UL><LI>Max Depth = 8<LI>Call Chain = cmp_header
</UL>
<BR>[Called By]<UL><LI><a href="#[e6]">&gt;&gt;</a>&nbsp;&nbsp;&nbsp;http_proc_multipart
<LI><a href="#[e1]">&gt;&gt;</a>&nbsp;&nbsp;&nbsp;http_proc_header
<LI><a href="#[c5]">&gt;&gt;</a>&nbsp;&nbsp;&nbsp;chk_post_rq
</UL>

<P><STRONG><a name="[c9]"></a>get_next_field</STRONG> (Thumb, 40 bytes, Stack size 0 bytes, at_http.o(i.get_next_field))
<BR><BR>[Called By]<UL><LI><a href="#[e6]">&gt;&gt;</a>&nbsp;&nbsp;&nbsp;http_proc_multipart
<LI><a href="#[e1]">&gt;&gt;</a>&nbsp;&nbsp;&nbsp;http_proc_header
<LI><a href="#[c5]">&gt;&gt;</a>&nbsp;&nbsp;&nbsp;chk_post_rq
</UL>

<P><STRONG><a name="[c8]"></a>get_next_par</STRONG> (Thumb, 50 bytes, Stack size 0 bytes, at_http.o(i.get_next_par))
<BR><BR>[Called By]<UL><LI><a href="#[e6]">&gt;&gt;</a>&nbsp;&nbsp;&nbsp;http_proc_multipart
<LI><a href="#[c5]">&gt;&gt;</a>&nbsp;&nbsp;&nbsp;chk_post_rq
</UL>

<P><STRONG><a name="[dd]"></a>hex2byte</STRONG> (Thumb, 18 bytes, Stack size 0 bytes, at_http.o(i.hex2byte))
<BR><BR>[Called By]<UL><LI><a href="#[77]">&gt;&gt;</a>&nbsp;&nbsp;&nbsp;http_get_var
</UL>

<P><STRONG><a name="[d8]"></a>http_add_header</STRONG> (Thumb, 180 bytes, Stack size 24 bytes, at_http.o(i.http_add_header))
<BR><BR>[Stack]<UL><LI>Max Depth = 88<LI>Call Chain = http_add_header &rArr; utc_to_http &rArr; __2sprintf
</UL>
<BR>[Calls]<UL><LI><a href="#[d9]">&gt;&gt;</a>&nbsp;&nbsp;&nbsp;cgx_content_type
<LI><a href="#[da]">&gt;&gt;</a>&nbsp;&nbsp;&nbsp;utc_to_http
<LI><a href="#[7c]">&gt;&gt;</a>&nbsp;&nbsp;&nbsp;str_copy
</UL>
<BR>[Called By]<UL><LI><a href="#[53]">&gt;&gt;</a>&nbsp;&nbsp;&nbsp;run_http_server
</UL>

<P><STRONG><a name="[db]"></a>http_error_msg</STRONG> (Thumb, 186 bytes, Stack size 24 bytes, at_http.o(i.http_error_msg))
<BR><BR>[Stack]<UL><LI>Max Depth = 24<LI>Call Chain = http_error_msg
</UL>
<BR>[Calls]<UL><LI><a href="#[7c]">&gt;&gt;</a>&nbsp;&nbsp;&nbsp;str_copy
</UL>
<BR>[Called By]<UL><LI><a href="#[53]">&gt;&gt;</a>&nbsp;&nbsp;&nbsp;run_http_server
</UL>

<P><STRONG><a name="[dc]"></a>http_file_type</STRONG> (Thumb, 74 bytes, Stack size 16 bytes, at_http.o(i.http_file_type))
<BR><BR>[Stack]<UL><LI>Max Depth = 16<LI>Call Chain = http_file_type
</UL>
<BR>[Calls]<UL><LI><a href="#[78]">&gt;&gt;</a>&nbsp;&nbsp;&nbsp;str_scomp
</UL>
<BR>[Called By]<UL><LI><a href="#[3f]">&gt;&gt;</a>&nbsp;&nbsp;&nbsp;http_listener
</UL>

<P><STRONG><a name="[de]"></a>http_kill_session</STRONG> (Thumb, 94 bytes, Stack size 16 bytes, at_http.o(i.http_kill_session))
<BR><BR>[Stack]<UL><LI>Max Depth = 112<LI>Call Chain = http_kill_session &rArr; cgi_process_data &rArr; alloc_mem
</UL>
<BR>[Calls]<UL><LI><a href="#[df]">&gt;&gt;</a>&nbsp;&nbsp;&nbsp;http_fclose
<LI><a href="#[7a]">&gt;&gt;</a>&nbsp;&nbsp;&nbsp;free_mem
<LI><a href="#[7b]">&gt;&gt;</a>&nbsp;&nbsp;&nbsp;cgi_process_data
</UL>
<BR>[Called By]<UL><LI><a href="#[3f]">&gt;&gt;</a>&nbsp;&nbsp;&nbsp;http_listener
<LI><a href="#[53]">&gt;&gt;</a>&nbsp;&nbsp;&nbsp;run_http_server
</UL>

<P><STRONG><a name="[3f]"></a>http_listener</STRONG> (Thumb, 558 bytes, Stack size 40 bytes, at_http.o(i.http_listener))
<BR><BR>[Stack]<UL><LI>Max Depth = 312<LI>Call Chain = http_listener &rArr; cgi_process_var &rArr; __0sscanf &rArr; __vfscanf_char &rArr; __vfscanf &rArr; _scanf_int
</UL>
<BR>[Calls]<UL><LI><a href="#[e0]">&gt;&gt;</a>&nbsp;&nbsp;&nbsp;http_accept_host
<LI><a href="#[e5]">&gt;&gt;</a>&nbsp;&nbsp;&nbsp;read_script_line
<LI><a href="#[e2]">&gt;&gt;</a>&nbsp;&nbsp;&nbsp;http_strchr
<LI><a href="#[e4]">&gt;&gt;</a>&nbsp;&nbsp;&nbsp;http_proc_post
<LI><a href="#[e6]">&gt;&gt;</a>&nbsp;&nbsp;&nbsp;http_proc_multipart
<LI><a href="#[e1]">&gt;&gt;</a>&nbsp;&nbsp;&nbsp;http_proc_header
<LI><a href="#[e3]">&gt;&gt;</a>&nbsp;&nbsp;&nbsp;http_open_file
<LI><a href="#[de]">&gt;&gt;</a>&nbsp;&nbsp;&nbsp;http_kill_session
<LI><a href="#[dc]">&gt;&gt;</a>&nbsp;&nbsp;&nbsp;http_file_type
<LI><a href="#[c5]">&gt;&gt;</a>&nbsp;&nbsp;&nbsp;chk_post_rq
<LI><a href="#[78]">&gt;&gt;</a>&nbsp;&nbsp;&nbsp;str_scomp
<LI><a href="#[76]">&gt;&gt;</a>&nbsp;&nbsp;&nbsp;alloc_mem
<LI><a href="#[75]">&gt;&gt;</a>&nbsp;&nbsp;&nbsp;cgi_process_var
</UL>
<BR>[Address Reference Count : 1]<UL><LI> at_http.o(i.init_http)
</UL>
<P><STRONG><a name="[e3]"></a>http_open_file</STRONG> (Thumb, 278 bytes, Stack size 24 bytes, at_http.o(i.http_open_file))
<BR><BR>[Stack]<UL><LI>Max Depth = 56<LI>Call Chain = http_open_file &rArr; alloc_mem
</UL>
<BR>[Calls]<UL><LI><a href="#[e9]">&gt;&gt;</a>&nbsp;&nbsp;&nbsp;str_crc
<LI><a href="#[e7]">&gt;&gt;</a>&nbsp;&nbsp;&nbsp;http_fopen
<LI><a href="#[e8]">&gt;&gt;</a>&nbsp;&nbsp;&nbsp;http_finfo
<LI><a href="#[7a]">&gt;&gt;</a>&nbsp;&nbsp;&nbsp;free_mem
<LI><a href="#[76]">&gt;&gt;</a>&nbsp;&nbsp;&nbsp;alloc_mem
</UL>
<BR>[Called By]<UL><LI><a href="#[3f]">&gt;&gt;</a>&nbsp;&nbsp;&nbsp;http_listener
<LI><a href="#[53]">&gt;&gt;</a>&nbsp;&nbsp;&nbsp;run_http_server
</UL>

<P><STRONG><a name="[e1]"></a>http_proc_header</STRONG> (Thumb, 236 bytes, Stack size 32 bytes, at_http.o(i.http_proc_header))
<BR><BR>[Stack]<UL><LI>Max Depth = 152<LI>Call Chain = http_proc_header &rArr; http_to_utc &rArr; atoi &rArr; strtol &rArr; _strtoul
</UL>
<BR>[Calls]<UL><LI><a href="#[ea]">&gt;&gt;</a>&nbsp;&nbsp;&nbsp;b64_to_asc
<LI><a href="#[eb]">&gt;&gt;</a>&nbsp;&nbsp;&nbsp;http_to_utc
<LI><a href="#[c9]">&gt;&gt;</a>&nbsp;&nbsp;&nbsp;get_next_field
<LI><a href="#[c6]">&gt;&gt;</a>&nbsp;&nbsp;&nbsp;cmp_header
<LI><a href="#[78]">&gt;&gt;</a>&nbsp;&nbsp;&nbsp;str_scomp
<LI><a href="#[81]">&gt;&gt;</a>&nbsp;&nbsp;&nbsp;strcmp
<LI><a href="#[7d]">&gt;&gt;</a>&nbsp;&nbsp;&nbsp;strlen
</UL>
<BR>[Called By]<UL><LI><a href="#[3f]">&gt;&gt;</a>&nbsp;&nbsp;&nbsp;http_listener
</UL>

<P><STRONG><a name="[e6]"></a>http_proc_multipart</STRONG> (Thumb, 304 bytes, Stack size 24 bytes, at_http.o(i.http_proc_multipart))
<BR><BR>[Stack]<UL><LI>Max Depth = 120<LI>Call Chain = http_proc_multipart &rArr; cgi_process_data &rArr; alloc_mem
</UL>
<BR>[Calls]<UL><LI><a href="#[ec]">&gt;&gt;</a>&nbsp;&nbsp;&nbsp;search_delim
<LI><a href="#[e2]">&gt;&gt;</a>&nbsp;&nbsp;&nbsp;http_strchr
<LI><a href="#[c8]">&gt;&gt;</a>&nbsp;&nbsp;&nbsp;get_next_par
<LI><a href="#[c9]">&gt;&gt;</a>&nbsp;&nbsp;&nbsp;get_next_field
<LI><a href="#[c6]">&gt;&gt;</a>&nbsp;&nbsp;&nbsp;cmp_header
<LI><a href="#[78]">&gt;&gt;</a>&nbsp;&nbsp;&nbsp;str_scomp
<LI><a href="#[7b]">&gt;&gt;</a>&nbsp;&nbsp;&nbsp;cgi_process_data
</UL>
<BR>[Called By]<UL><LI><a href="#[3f]">&gt;&gt;</a>&nbsp;&nbsp;&nbsp;http_listener
</UL>

<P><STRONG><a name="[e4]"></a>http_proc_post</STRONG> (Thumb, 232 bytes, Stack size 24 bytes, at_http.o(i.http_proc_post))
<BR><BR>[Stack]<UL><LI>Max Depth = 120<LI>Call Chain = http_proc_post &rArr; cgi_process_data &rArr; alloc_mem
</UL>
<BR>[Calls]<UL><LI><a href="#[bd]">&gt;&gt;</a>&nbsp;&nbsp;&nbsp;mem_copy
<LI><a href="#[7a]">&gt;&gt;</a>&nbsp;&nbsp;&nbsp;free_mem
<LI><a href="#[76]">&gt;&gt;</a>&nbsp;&nbsp;&nbsp;alloc_mem
<LI><a href="#[7b]">&gt;&gt;</a>&nbsp;&nbsp;&nbsp;cgi_process_data
</UL>
<BR>[Called By]<UL><LI><a href="#[3f]">&gt;&gt;</a>&nbsp;&nbsp;&nbsp;http_listener
</UL>

<P><STRONG><a name="[e2]"></a>http_strchr</STRONG> (Thumb, 26 bytes, Stack size 0 bytes, at_http.o(i.http_strchr))
<BR><BR>[Called By]<UL><LI><a href="#[e6]">&gt;&gt;</a>&nbsp;&nbsp;&nbsp;http_proc_multipart
<LI><a href="#[3f]">&gt;&gt;</a>&nbsp;&nbsp;&nbsp;http_listener
</UL>

<P><STRONG><a name="[c7]"></a>http_strcpy</STRONG> (Thumb, 30 bytes, Stack size 8 bytes, at_http.o(i.http_strcpy))
<BR><BR>[Stack]<UL><LI>Max Depth = 8<LI>Call Chain = http_strcpy
</UL>
<BR>[Called By]<UL><LI><a href="#[c5]">&gt;&gt;</a>&nbsp;&nbsp;&nbsp;chk_post_rq
<LI><a href="#[53]">&gt;&gt;</a>&nbsp;&nbsp;&nbsp;run_http_server
</UL>

<P><STRONG><a name="[eb]"></a>http_to_utc</STRONG> (Thumb, 162 bytes, Stack size 32 bytes, at_http.o(i.http_to_utc))
<BR><BR>[Stack]<UL><LI>Max Depth = 120<LI>Call Chain = http_to_utc &rArr; atoi &rArr; strtol &rArr; _strtoul
</UL>
<BR>[Calls]<UL><LI><a href="#[78]">&gt;&gt;</a>&nbsp;&nbsp;&nbsp;str_scomp
<LI><a href="#[5c]">&gt;&gt;</a>&nbsp;&nbsp;&nbsp;atoi
</UL>
<BR>[Called By]<UL><LI><a href="#[e1]">&gt;&gt;</a>&nbsp;&nbsp;&nbsp;http_proc_header
</UL>

<P><STRONG><a name="[e5]"></a>read_script_line</STRONG> (Thumb, 158 bytes, Stack size 16 bytes, at_http.o(i.read_script_line))
<BR><BR>[Stack]<UL><LI>Max Depth = 16<LI>Call Chain = read_script_line
</UL>
<BR>[Calls]<UL><LI><a href="#[104]">&gt;&gt;</a>&nbsp;&nbsp;&nbsp;http_fgets
<LI><a href="#[7d]">&gt;&gt;</a>&nbsp;&nbsp;&nbsp;strlen
</UL>
<BR>[Called By]<UL><LI><a href="#[3f]">&gt;&gt;</a>&nbsp;&nbsp;&nbsp;http_listener
<LI><a href="#[53]">&gt;&gt;</a>&nbsp;&nbsp;&nbsp;run_http_server
</UL>

<P><STRONG><a name="[ec]"></a>search_delim</STRONG> (Thumb, 76 bytes, Stack size 16 bytes, at_http.o(i.search_delim))
<BR><BR>[Stack]<UL><LI>Max Depth = 16<LI>Call Chain = search_delim
</UL>
<BR>[Calls]<UL><LI><a href="#[78]">&gt;&gt;</a>&nbsp;&nbsp;&nbsp;str_scomp
</UL>
<BR>[Called By]<UL><LI><a href="#[e6]">&gt;&gt;</a>&nbsp;&nbsp;&nbsp;http_proc_multipart
</UL>

<P><STRONG><a name="[da]"></a>utc_to_http</STRONG> (Thumb, 178 bytes, Stack size 40 bytes, at_http.o(i.utc_to_http))
<BR><BR>[Stack]<UL><LI>Max Depth = 64<LI>Call Chain = utc_to_http &rArr; __2sprintf
</UL>
<BR>[Calls]<UL><LI><a href="#[63]">&gt;&gt;</a>&nbsp;&nbsp;&nbsp;__2sprintf
</UL>
<BR>[Called By]<UL><LI><a href="#[d8]">&gt;&gt;</a>&nbsp;&nbsp;&nbsp;http_add_header
</UL>

<P><STRONG><a name="[40]"></a>nbns_listener</STRONG> (Thumb, 262 bytes, Stack size 56 bytes, at_nbns.o(i.nbns_listener))
<BR><BR>[Stack]<UL><LI>Max Depth = 208<LI>Call Chain = nbns_listener &rArr; udp_send &rArr; ip_send_frame &rArr; dispatch_frame &rArr; eth_send_frame &rArr; arp_cache_find &rArr; arp_send_req &rArr; alloc_mem
</UL>
<BR>[Calls]<UL><LI><a href="#[f8]">&gt;&gt;</a>&nbsp;&nbsp;&nbsp;str_up_case
<LI><a href="#[d5]">&gt;&gt;</a>&nbsp;&nbsp;&nbsp;udp_send
<LI><a href="#[d1]">&gt;&gt;</a>&nbsp;&nbsp;&nbsp;udp_get_buf
<LI><a href="#[bd]">&gt;&gt;</a>&nbsp;&nbsp;&nbsp;mem_copy
<LI><a href="#[7e]">&gt;&gt;</a>&nbsp;&nbsp;&nbsp;mem_comp
<LI><a href="#[7a]">&gt;&gt;</a>&nbsp;&nbsp;&nbsp;free_mem
<LI><a href="#[76]">&gt;&gt;</a>&nbsp;&nbsp;&nbsp;alloc_mem
</UL>
<BR>[Address Reference Count : 1]<UL><LI> at_nbns.o(i.init_nbns)
</UL>
<P><STRONG><a name="[3e]"></a>dhcp_listener</STRONG> (Thumb, 490 bytes, Stack size 40 bytes, at_dhcp.o(i.dhcp_listener))
<BR><BR>[Stack]<UL><LI>Max Depth = 232<LI>Call Chain = dhcp_listener &rArr; dhcp_send_message &rArr; udp_send &rArr; ip_send_frame &rArr; dispatch_frame &rArr; eth_send_frame &rArr; arp_cache_find &rArr; arp_send_req &rArr; alloc_mem
</UL>
<BR>[Calls]<UL><LI><a href="#[cd]">&gt;&gt;</a>&nbsp;&nbsp;&nbsp;proc_opt_sel
<LI><a href="#[cf]">&gt;&gt;</a>&nbsp;&nbsp;&nbsp;proc_opt_req
<LI><a href="#[d0]">&gt;&gt;</a>&nbsp;&nbsp;&nbsp;proc_opt_renew
<LI><a href="#[ce]">&gt;&gt;</a>&nbsp;&nbsp;&nbsp;dhcp_send_message
<LI><a href="#[c4]">&gt;&gt;</a>&nbsp;&nbsp;&nbsp;mem_set
<LI><a href="#[bd]">&gt;&gt;</a>&nbsp;&nbsp;&nbsp;mem_copy
<LI><a href="#[cc]">&gt;&gt;</a>&nbsp;&nbsp;&nbsp;get_u32
<LI><a href="#[7e]">&gt;&gt;</a>&nbsp;&nbsp;&nbsp;mem_comp
<LI><a href="#[62]">&gt;&gt;</a>&nbsp;&nbsp;&nbsp;mem_test
</UL>
<BR>[Address Reference Count : 1]<UL><LI> at_dhcp.o(i.init_dhcp)
</UL>
<P><STRONG><a name="[ce]"></a>dhcp_send_message</STRONG> (Thumb, 460 bytes, Stack size 40 bytes, at_dhcp.o(i.dhcp_send_message))
<BR><BR>[Stack]<UL><LI>Max Depth = 192<LI>Call Chain = dhcp_send_message &rArr; udp_send &rArr; ip_send_frame &rArr; dispatch_frame &rArr; eth_send_frame &rArr; arp_cache_find &rArr; arp_send_req &rArr; alloc_mem
</UL>
<BR>[Calls]<UL><LI><a href="#[d2]">&gt;&gt;</a>&nbsp;&nbsp;&nbsp;get_crc
<LI><a href="#[d5]">&gt;&gt;</a>&nbsp;&nbsp;&nbsp;udp_send
<LI><a href="#[d1]">&gt;&gt;</a>&nbsp;&nbsp;&nbsp;udp_get_buf
<LI><a href="#[d3]">&gt;&gt;</a>&nbsp;&nbsp;&nbsp;set_u32
<LI><a href="#[c4]">&gt;&gt;</a>&nbsp;&nbsp;&nbsp;mem_set
<LI><a href="#[bd]">&gt;&gt;</a>&nbsp;&nbsp;&nbsp;mem_copy
<LI><a href="#[d4]">&gt;&gt;</a>&nbsp;&nbsp;&nbsp;SwapB
<LI><a href="#[7c]">&gt;&gt;</a>&nbsp;&nbsp;&nbsp;str_copy
</UL>
<BR>[Called By]<UL><LI><a href="#[3e]">&gt;&gt;</a>&nbsp;&nbsp;&nbsp;dhcp_listener
<LI><a href="#[54]">&gt;&gt;</a>&nbsp;&nbsp;&nbsp;run_dhcp_client
</UL>

<P><STRONG><a name="[d0]"></a>proc_opt_renew</STRONG> (Thumb, 98 bytes, Stack size 16 bytes, at_dhcp.o(i.proc_opt_renew))
<BR><BR>[Stack]<UL><LI>Max Depth = 16<LI>Call Chain = proc_opt_renew
</UL>
<BR>[Calls]<UL><LI><a href="#[cc]">&gt;&gt;</a>&nbsp;&nbsp;&nbsp;get_u32
</UL>
<BR>[Called By]<UL><LI><a href="#[3e]">&gt;&gt;</a>&nbsp;&nbsp;&nbsp;dhcp_listener
</UL>

<P><STRONG><a name="[cf]"></a>proc_opt_req</STRONG> (Thumb, 162 bytes, Stack size 16 bytes, at_dhcp.o(i.proc_opt_req))
<BR><BR>[Stack]<UL><LI>Max Depth = 28<LI>Call Chain = proc_opt_req &rArr; mem_copy
</UL>
<BR>[Calls]<UL><LI><a href="#[c4]">&gt;&gt;</a>&nbsp;&nbsp;&nbsp;mem_set
<LI><a href="#[bd]">&gt;&gt;</a>&nbsp;&nbsp;&nbsp;mem_copy
<LI><a href="#[cc]">&gt;&gt;</a>&nbsp;&nbsp;&nbsp;get_u32
</UL>
<BR>[Called By]<UL><LI><a href="#[3e]">&gt;&gt;</a>&nbsp;&nbsp;&nbsp;dhcp_listener
</UL>

<P><STRONG><a name="[cd]"></a>proc_opt_sel</STRONG> (Thumb, 48 bytes, Stack size 16 bytes, at_dhcp.o(i.proc_opt_sel))
<BR><BR>[Stack]<UL><LI>Max Depth = 28<LI>Call Chain = proc_opt_sel &rArr; mem_copy
</UL>
<BR>[Calls]<UL><LI><a href="#[bd]">&gt;&gt;</a>&nbsp;&nbsp;&nbsp;mem_copy
</UL>
<BR>[Called By]<UL><LI><a href="#[3e]">&gt;&gt;</a>&nbsp;&nbsp;&nbsp;dhcp_listener
</UL>

<P><STRONG><a name="[110]"></a>rt_init_context</STRONG> (Thumb, 64 bytes, Stack size 16 bytes, rt_task.o(i.rt_init_context))
<BR><BR>[Stack]<UL><LI>Max Depth = 24<LI>Call Chain = rt_init_context &rArr; rt_init_stack
</UL>
<BR>[Calls]<UL><LI><a href="#[111]">&gt;&gt;</a>&nbsp;&nbsp;&nbsp;rt_init_stack
<LI><a href="#[2e]">&gt;&gt;</a>&nbsp;&nbsp;&nbsp;rt_alloc_box
</UL>
<BR>[Called By]<UL><LI><a href="#[36]">&gt;&gt;</a>&nbsp;&nbsp;&nbsp;rt_tsk_create
<LI><a href="#[38]">&gt;&gt;</a>&nbsp;&nbsp;&nbsp;rt_sys_init
</UL>

<P><STRONG><a name="[bc]"></a>arp_cache_alloc</STRONG> (Thumb, 96 bytes, Stack size 20 bytes, at_arp.o(i.arp_cache_alloc))
<BR><BR>[Stack]<UL><LI>Max Depth = 20<LI>Call Chain = arp_cache_alloc
</UL>
<BR>[Called By]<UL><LI><a href="#[be]">&gt;&gt;</a>&nbsp;&nbsp;&nbsp;arp_cache_find
<LI><a href="#[ba]">&gt;&gt;</a>&nbsp;&nbsp;&nbsp;arp_cache_add
</UL>

<P><STRONG><a name="[c1]"></a>arp_get_response</STRONG> (Thumb, 86 bytes, Stack size 24 bytes, at_arp.o(i.arp_get_response))
<BR><BR>[Stack]<UL><LI>Max Depth = 36<LI>Call Chain = arp_get_response &rArr; mem_copy
</UL>
<BR>[Calls]<UL><LI><a href="#[bd]">&gt;&gt;</a>&nbsp;&nbsp;&nbsp;mem_copy
<LI><a href="#[7e]">&gt;&gt;</a>&nbsp;&nbsp;&nbsp;mem_comp
</UL>
<BR>[Called By]<UL><LI><a href="#[f9]">&gt;&gt;</a>&nbsp;&nbsp;&nbsp;process_arp
</UL>

<P><STRONG><a name="[c2]"></a>arp_send_reply</STRONG> (Thumb, 148 bytes, Stack size 24 bytes, at_arp.o(i.arp_send_reply))
<BR><BR>[Stack]<UL><LI>Max Depth = 80<LI>Call Chain = arp_send_reply &rArr; arp_cache_add &rArr; is_subnet &rArr; mem_copy
</UL>
<BR>[Calls]<UL><LI><a href="#[ba]">&gt;&gt;</a>&nbsp;&nbsp;&nbsp;arp_cache_add
<LI><a href="#[bd]">&gt;&gt;</a>&nbsp;&nbsp;&nbsp;mem_copy
<LI><a href="#[c3]">&gt;&gt;</a>&nbsp;&nbsp;&nbsp;send_frame
<LI><a href="#[7a]">&gt;&gt;</a>&nbsp;&nbsp;&nbsp;free_mem
<LI><a href="#[76]">&gt;&gt;</a>&nbsp;&nbsp;&nbsp;alloc_mem
</UL>
<BR>[Called By]<UL><LI><a href="#[f9]">&gt;&gt;</a>&nbsp;&nbsp;&nbsp;process_arp
</UL>

<P><STRONG><a name="[f5]"></a>ip_get_chksum</STRONG> (Thumb, 10 bytes, Stack size 0 bytes, at_ip.o(i.ip_get_chksum))
<BR><BR>[Stack]<UL><LI>Max Depth = 4<LI>Call Chain = ip_get_chksum &rArr; CalcChksum
</UL>
<BR>[Calls]<UL><LI><a href="#[af]">&gt;&gt;</a>&nbsp;&nbsp;&nbsp;CalcChksum
</UL>
<BR>[Called By]<UL><LI><a href="#[f3]">&gt;&gt;</a>&nbsp;&nbsp;&nbsp;ip_chk_frame
<LI><a href="#[f7]">&gt;&gt;</a>&nbsp;&nbsp;&nbsp;ip_send_frame
</UL>

<P><STRONG><a name="[b3]"></a>_fp_digits</STRONG> (Thumb, 320 bytes, Stack size 56 bytes, printfa.o(i._fp_digits), UNUSED)
<BR><BR>[Calls]<UL><LI><a href="#[84]">&gt;&gt;</a>&nbsp;&nbsp;&nbsp;__aeabi_dmul
<LI><a href="#[a1]">&gt;&gt;</a>&nbsp;&nbsp;&nbsp;__aeabi_uldivmod
<LI><a href="#[ac]">&gt;&gt;</a>&nbsp;&nbsp;&nbsp;__aeabi_ddiv
<LI><a href="#[a8]">&gt;&gt;</a>&nbsp;&nbsp;&nbsp;__aeabi_dadd
<LI><a href="#[ad]">&gt;&gt;</a>&nbsp;&nbsp;&nbsp;__aeabi_d2ulz
<LI><a href="#[b4]">&gt;&gt;</a>&nbsp;&nbsp;&nbsp;__aeabi_cdrcmple
</UL>
<BR>[Called By]<UL><LI><a href="#[b2]">&gt;&gt;</a>&nbsp;&nbsp;&nbsp;_printf_core
</UL>

<P><STRONG><a name="[b2]"></a>_printf_core</STRONG> (Thumb, 1818 bytes, Stack size 136 bytes, printfa.o(i._printf_core), UNUSED)
<BR><BR>[Calls]<UL><LI><a href="#[a1]">&gt;&gt;</a>&nbsp;&nbsp;&nbsp;__aeabi_uldivmod
<LI><a href="#[b7]">&gt;&gt;</a>&nbsp;&nbsp;&nbsp;__aeabi_uidivmod
<LI><a href="#[b5]">&gt;&gt;</a>&nbsp;&nbsp;&nbsp;_printf_pre_padding
<LI><a href="#[b6]">&gt;&gt;</a>&nbsp;&nbsp;&nbsp;_printf_post_padding
<LI><a href="#[b3]">&gt;&gt;</a>&nbsp;&nbsp;&nbsp;_fp_digits
</UL>
<BR>[Called By]<UL><LI><a href="#[b1]">&gt;&gt;</a>&nbsp;&nbsp;&nbsp;__0sprintf
</UL>

<P><STRONG><a name="[b6]"></a>_printf_post_padding</STRONG> (Thumb, 38 bytes, Stack size 24 bytes, printfa.o(i._printf_post_padding), UNUSED)
<BR><BR>[Called By]<UL><LI><a href="#[b2]">&gt;&gt;</a>&nbsp;&nbsp;&nbsp;_printf_core
</UL>

<P><STRONG><a name="[b5]"></a>_printf_pre_padding</STRONG> (Thumb, 46 bytes, Stack size 24 bytes, printfa.o(i._printf_pre_padding), UNUSED)
<BR><BR>[Called By]<UL><LI><a href="#[b2]">&gt;&gt;</a>&nbsp;&nbsp;&nbsp;_printf_core
</UL>

<P><STRONG><a name="[3d]"></a>_sputc</STRONG> (Thumb, 10 bytes, Stack size 0 bytes, printfa.o(i._sputc))
<BR><BR>[Called By]<UL><LI><a href="#[b1]">&gt;&gt;</a>&nbsp;&nbsp;&nbsp;__0sprintf
</UL>
<BR>[Address Reference Count : 1]<UL><LI> printfa.o(i.__0sprintf)
</UL>
<P><STRONG><a name="[3b]"></a>_scanf_char_input</STRONG> (Thumb, 12 bytes, Stack size 0 bytes, scanf_char.o(.text))
<BR>[Address Reference Count : 1]<UL><LI> scanf_char.o(.text)
</UL><P>
<H3>
Undefined Global Symbols
</H3><HR></body></html>
