ARM Linker, 4.1 [Build 644] [Standard]

==============================================================================

Section Cross References

    http_demo.o(.text) refers to system_lpc17xx.o(.text) for SystemInit
    http_demo.o(.text) refers to at_system.o(i.init_TcpNet) for init_TcpNet
    http_demo.o(.text) refers to at_system.o(i.timer_tick) for timer_tick
    http_demo.o(.text) refers to at_system.o(i.main_TcpNet) for main_TcpNet
    http_demo.o(.text) refers to glcd_spi_lpc1700.o(.text) for GLCD_ClearLn
    http_demo.o(.text) refers to system_lpc17xx.o(.data) for SystemFrequency
    http_demo.o(.text) refers to http_demo.o(.data) for .data
    http_cgi.o(.text) refers to _scanf_int.o(.text) for _scanf_int
    http_cgi.o(.text) refers to at_mem.o(i.alloc_mem) for alloc_mem
    http_cgi.o(.text) refers to at_http.o(i.http_get_var) for http_get_var
    http_cgi.o(.text) refers to at_lib.o(i.str_scomp) for str_scomp
    http_cgi.o(.text) refers to __0sscanf.o(.text) for __0sscanf
    http_cgi.o(.text) refers to at_mem.o(i.free_mem) for free_mem
    http_cgi.o(.text) refers to http_demo.o(.text) for LED_out
    http_cgi.o(.text) refers to at_lib.o(i.str_copy) for str_copy
    http_cgi.o(.text) refers to strlen.o(.text) for strlen
    http_cgi.o(.text) refers to at_lib.o(i.mem_comp) for mem_comp
    http_cgi.o(.text) refers to printfa.o(i.__0sprintf) for __2sprintf
    http_cgi.o(.text) refers to at_system.o(.bss) for localm
    http_cgi.o(.text) refers to http_cgi.o(.data) for .data
    http_cgi.o(.text) refers to http_demo.o(.data) for LEDrun
    http_cgi.o(.text) refers to net_config.o(.bss) for http_auth_passw
    http_cgi.o(.text) refers to http_cgi.o(.constdata) for .constdata
    http_cgi.o(.text) refers to net_config.o(.constdata) for tcp_NumSocks
    http_cgi.o(.text) refers to net_config.o(.bss) for tcp_socket
    http_cgi.o(.text) refers to at_http.o(i.http_get_lang) for http_get_lang
    http_cgi.o(.text) refers to strcmp.o(.text) for strcmp
    http_cgi.o(.text) refers to ffltui.o(.text) for __aeabi_ui2f
    http_cgi.o(.text) refers to f2d.o(.text) for __aeabi_f2d
    http_cgi.o(.text) refers to dmul.o(.text) for __aeabi_dmul
    http_cgi.o(.text) refers to dscalb.o(.text) for __ARM_scalbn
    http_cgi.o(.text) refers to net_config.o(.constdata) for http_EnAuth
    web.o(.constdata) refers to web.o(.constdata) for Web
    net_config.o(.text) refers to at_ethernet.o(i.init_eth_link) for init_eth_link
    net_config.o(.text) refers to at_udp.o(i.init_udp) for init_udp
    net_config.o(.text) refers to at_tcp.o(i.init_tcp) for init_tcp
    net_config.o(.text) refers to at_http.o(i.init_http) for init_http
    net_config.o(.text) refers to at_nbns.o(i.init_nbns) for init_nbns
    net_config.o(.text) refers to at_ethernet.o(i.run_eth_link) for run_eth_link
    net_config.o(.text) refers to at_tcp.o(i.tcp_poll_sockets) for tcp_poll_sockets
    net_config.o(.text) refers to at_http.o(i.run_http_server) for run_http_server
    net_config.o(.text) refers to at_udp.o(i.process_udp) for process_udp
    net_config.o(.text) refers to at_tcp.o(i.process_tcp) for process_tcp
    net_config.o(.text) refers to at_ethernet.o(i.eth_send_frame) for eth_send_frame
    startup_lpc17xx.o(RESET) refers to startup_lpc17xx.o(STACK) for __initial_sp
    startup_lpc17xx.o(RESET) refers to startup_lpc17xx.o(.text) for Reset_Handler
    startup_lpc17xx.o(RESET) refers to emac_lpc17xx.o(.text) for ENET_IRQHandler
    startup_lpc17xx.o(.text) refers to entry.o(.ARM.Collect$$$$00000000) for __main
    emac_lpc17xx.o(.text) refers to at_mem.o(i.alloc_mem) for alloc_mem
    emac_lpc17xx.o(.text) refers to at_ethernet.o(i.put_in_queue) for put_in_queue
    emac_lpc17xx.o(.text) refers to emac_lpc17xx.o(.bss) for .bss
    emac_lpc17xx.o(.text) refers to emac_lpc17xx.o(.data) for .data
    emac_lpc17xx.o(.text) refers to net_config.o(.data) for own_hw_adr
    glcd_spi_lpc1700.o(.text) refers to glcd_spi_lpc1700.o(.data) for .data
    glcd_spi_lpc1700.o(.text) refers to glcd_spi_lpc1700.o(.constdata) for .constdata
    system_lpc17xx.o(.text) refers to system_lpc17xx.o(.data) for .data
    at_tcp.o(i.init_tcp) refers to at_lib.o(i.mem_set) for mem_set
    at_tcp.o(i.init_tcp) refers to net_config.o(.constdata) for tcp_NumSocks
    at_tcp.o(i.init_tcp) refers to net_config.o(.bss) for tcp_socket
    at_tcp.o(i.process_tcp) refers to at_tcp.o(i.tcp_map_socket) for tcp_map_socket
    at_tcp.o(i.process_tcp) refers to at_lib.o(i.CalcChksumBuf) for CalcChksumBuf
    at_tcp.o(i.process_tcp) refers to at_lib.o(i.CalcChksumVal) for CalcChksumVal
    at_tcp.o(i.process_tcp) refers to at_lib.o(i.get_u32) for get_u32
    at_tcp.o(i.process_tcp) refers to at_tcp.o(i.tcp_set_retransmit) for tcp_set_retransmit
    at_tcp.o(i.process_tcp) refers to at_lib.o(i.mem_copy) for mem_copy
    at_tcp.o(i.process_tcp) refers to at_mem.o(i.resize_mem) for resize_mem
[...]
    SRC\at_ARP.c                             0x00000000   Number         0  at_arp.o ABSOLUTE
    SRC\at_Ethernet.c                        0x00000000   Number         0  at_ethernet.o ABSOLUTE
    SRC\at_HTTP.c                            0x00000000   Number         0  at_http.o ABSOLUTE
    SRC\at_HTTP_uif.c                        0x00000000   Number         0  at_http_uif.o ABSOLUTE
    SRC\at_ICMP.c                            0x00000000   Number         0  at_icmp.o ABSOLUTE
    SRC\at_IP.c                              0x00000000   Number         0  at_ip.o ABSOLUTE
    SRC\at_Lib.c                             0x00000000   Number         0  at_lib.o ABSOLUTE
    SRC\at_Mem.c                             0x00000000   Number         0  at_mem.o ABSOLUTE
    SRC\at_NBNS.c                            0x00000000   Number         0  at_nbns.o ABSOLUTE
    SRC\at_System.c                          0x00000000   Number         0  at_system.o ABSOLUTE
    SRC\at_TCP.c                             0x00000000   Number         0  at_tcp.o ABSOLUTE
    SRC\at_UDP.c                             0x00000000   Number         0  at_udp.o ABSOLUTE
    Web\WEB.C                                0x00000000   Number         0  web.o ABSOLUTE
    cdrcmple.s                               0x00000000   Number         0  cdrcmple.o ABSOLUTE
    dc.s                                     0x00000000   Number         0  dc.o ABSOLUTE
    handlers.s                               0x00000000   Number         0  handlers.o ABSOLUTE
    init.s                                   0x00000000   Number         0  init.o ABSOLUTE
    startup_LPC17xx.s                        0x00000000   Number         0  startup_lpc17xx.o ABSOLUTE
    .ARM.Collect$$$$00000000                 0x000000cc   Section        0  entry.o(.ARM.Collect$$$$00000000)
    .ARM.Collect$$$$00000001                 0x000000cc   Section        4  entry2.o(.ARM.Collect$$$$00000001)
    .ARM.Collect$$$$00000004                 0x000000d0   Section        4  entry5.o(.ARM.Collect$$$$00000004)
    .ARM.Collect$$$$00000007                 0x000000d4   Section        8  entry7.o(.ARM.Collect$$$$00000007)
    .ARM.Collect$$$$00002712                 0x000000dc   Section        4  entry2.o(.ARM.Collect$$$$00002712)
    __lit__00000000                          0x000000dc   Data           4  entry2.o(.ARM.Collect$$$$00002712)
    .text                                    0x000000e0   Section        0  http_demo.o(.text)
    blink_led                                0x00000201   Thumb Code   102  http_demo.o(.text)
    .text                                    0x00000298   Section        0  net_config.o(.text)
    .text                                    0x000002e0   Section       28  startup_lpc17xx.o(.text)
    .ARM.__at_0x02FC                         0x000002fc   Section        4  startup_lpc17xx.o(.ARM.__at_0x02FC)
    .text                                    0x00000300   Section        0  http_cgi.o(.text)
    .text                                    0x00000ac0   Section        0  emac_lpc17xx.o(.text)
    output_MDIO                              0x00000ac1   Thumb Code    54  emac_lpc17xx.o(.text)
    read_PHY                                 0x00000af7   Thumb Code   146  emac_lpc17xx.o(.text)
    write_PHY                                0x00000b89   Thumb Code   112  emac_lpc17xx.o(.text)
    turnaround_MDIO                          0x00000ef9   Thumb Code    32  emac_lpc17xx.o(.text)
    .text                                    0x00000f1c   Section        0  glcd_spi_lpc1700.o(.text)
    delay                                    0x0000159f   Thumb Code     8  glcd_spi_lpc1700.o(.text)
    spi_send                                 0x000015a7   Thumb Code    16  glcd_spi_lpc1700.o(.text)
    wr_cmd                                   0x000015b7   Thumb Code    32  glcd_spi_lpc1700.o(.text)
    wr_dat                                   0x000015d7   Thumb Code    32  glcd_spi_lpc1700.o(.text)
    wr_dat_start                             0x000015f7   Thumb Code    10  glcd_spi_lpc1700.o(.text)
    wr_dat_only                              0x00001601   Thumb Code    18  glcd_spi_lpc1700.o(.text)
    wr_reg                                   0x00001613   Thumb Code    16  glcd_spi_lpc1700.o(.text)
    .text                                    0x00001638   Section        0  system_lpc17xx.o(.text)
    .text                                    0x00001794   Section        0  strlen.o(.text)
    .text                                    0x000017a4   Section        0  strcmp.o(.text)
    .text                                    0x000017c0   Section        0  __0sscanf.o(.text)
    .text                                    0x000017f8   Section        0  _scanf_int.o(.text)
    .text                                    0x00001946   Section        0  atoi.o(.text)
    .text                                    0x00001960   Section        0  dmul.o(.text)
    .text                                    0x00001a42   Section        0  dscalb.o(.text)
    .text                                    0x00001a70   Section        0  ffltui.o(.text)
    .text                                    0x00001a7a   Section        0  f2d.o(.text)
    .text                                    0x00001aa6   Section        0  uidiv.o(.text)
    .text                                    0x00001ad2   Section        0  uldiv.o(.text)
    .text                                    0x00001b36   Section        0  _chval.o(.text)
    .text                                    0x00001b58   Section        0  scanf_char.o(.text)
    _scanf_char_input                        0x00001b59   Thumb Code    12  scanf_char.o(.text)
    .text                                    0x00001b84   Section        0  _sgetc.o(.text)
    .text                                    0x00001bc4   Section        0  strtol.o(.text)
    .text                                    0x00001c34   Section        0  iusefp.o(.text)
    .text                                    0x00001c34   Section        0  fepilogue.o(.text)
    .text                                    0x00001ca0   Section        0  depilogue.o(.text)
    .text                                    0x00001d66   Section        0  dadd.o(.text)
    .text                                    0x00001eb6   Section        0  ddiv.o(.text)
    .text                                    0x00001f98   Section        0  dfixul.o(.text)
    .text                                    0x00001fc8   Section       40  cdrcmple.o(.text)
    .text                                    0x00001ff0   Section       36  init.o(.text)
    .text                                    0x00002014   Section        0  llshl.o(.text)
    .text                                    0x00002032   Section        0  llushr.o(.text)
    .text                                    0x00002052   Section        0  llsshr.o(.text)
    .text                                    0x00002078   Section        0  ctype_o.o(.text)
    .text                                    0x00002080   Section        0  isspace_o.o(.text)
    .text                                    0x00002094   Section        0  _scanf.o(.text)
    .text                                    0x000023cc   Section        0  _strtoul.o(.text)
    i.CalcChksum                             0x0000246a   Section        0  at_lib.o(i.CalcChksum)
    i.CalcChksumBuf                          0x00002480   Section        0  at_lib.o(i.CalcChksumBuf)
    i.CalcChksumVal                          0x000024a8   Section        0  at_lib.o(i.CalcChksumVal)
    i.SwapB                                  0x000024b2   Section        0  at_lib.o(i.SwapB)
    i.__0sprintf                             0x000024bc   Section        0  printfa.o(i.__0sprintf)
    i.__aeabi_errno_addr                     0x000024e4   Section        0  errno.o(i.__aeabi_errno_addr)
    i.__scatterload_copy                     0x000024ec   Section       14  handlers.o(i.__scatterload_copy)
    i.__scatterload_null                     0x000024fa   Section        2  handlers.o(i.__scatterload_null)
    i.__scatterload_zeroinit                 0x000024fc   Section       14  handlers.o(i.__scatterload_zeroinit)
    i._fp_digits                             0x0000250c   Section        0  printfa.o(i._fp_digits)
    _fp_digits                               0x0000250d   Thumb Code   320  printfa.o(i._fp_digits)
    i._printf_core                           0x00002660   Section        0  printfa.o(i._printf_core)
    _printf_core                             0x00002661   Thumb Code  1818  printfa.o(i._printf_core)
    i._printf_post_padding                   0x00002d88   Section        0  printfa.o(i._printf_post_padding)
    _printf_post_padding                     0x00002d89   Thumb Code    38  printfa.o(i._printf_post_padding)
    i._printf_pre_padding                    0x00002dae   Section        0  printfa.o(i._printf_pre_padding)
    _printf_pre_padding                      0x00002daf   Thumb Code    46  printfa.o(i._printf_pre_padding)
    i._sputc                                 0x00002ddc   Section        0  printfa.o(i._sputc)
    _sputc                                   0x00002ddd   Thumb Code    10  printfa.o(i._sputc)
    i.alloc_mem                              0x00002de8   Section        0  at_mem.o(i.alloc_mem)
    i.arp_cache_add                          0x00002e8c   Section        0  at_arp.o(i.arp_cache_add)
    i.arp_cache_alloc                        0x00002f50   Section        0  at_arp.o(i.arp_cache_alloc)
    arp_cache_alloc                          0x00002f51   Thumb Code    96  at_arp.o(i.arp_cache_alloc)
    i.arp_cache_find                         0x00002fbc   Section        0  at_arp.o(i.arp_cache_find)
    i.arp_cache_update                       0x000030d4   Section        0  at_arp.o(i.arp_cache_update)
    i.arp_get_response                       0x000031cc   Section        0  at_arp.o(i.arp_get_response)
    arp_get_response                         0x000031cd   Thumb Code    86  at_arp.o(i.arp_get_response)
    i.arp_send_reply                         0x00003234   Section        0  at_arp.o(i.arp_send_reply)
    arp_send_reply                           0x00003235   Thumb Code   148  at_arp.o(i.arp_send_reply)
    i.arp_send_req                           0x000032d0   Section        0  at_arp.o(i.arp_send_req)
    i.b64_to_asc                             0x0000337c   Section        0  at_lib.o(i.b64_to_asc)
    i.cgx_content_type                       0x000033f4   Section        0  at_http.o(i.cgx_content_type)
    i.chk_post_rq                            0x000033f8   Section        0  at_http.o(i.chk_post_rq)
    chk_post_rq                              0x000033f9   Thumb Code   330  at_http.o(i.chk_post_rq)
    i.cmp_header                             0x000035b0   Section        0  at_http.o(i.cmp_header)
    cmp_header                               0x000035b1   Thumb Code    40  at_http.o(i.cmp_header)
    i.eth_chk_adr                            0x000035d8   Section        0  at_ethernet.o(i.eth_chk_adr)
    i.eth_send_frame                         0x000035e8   Section        0  at_ethernet.o(i.eth_send_frame)
    i.free_mem                               0x00003680   Section        0  at_mem.o(i.free_mem)
    i.get_crc                                0x000036e8   Section        0  at_lib.o(i.get_crc)
    i.get_next_field                         0x00003710   Section        0  at_http.o(i.get_next_field)
    get_next_field                           0x00003711   Thumb Code    40  at_http.o(i.get_next_field)
    i.get_next_par                           0x00003738   Section        0  at_http.o(i.get_next_par)
    get_next_par                             0x00003739   Thumb Code    50  at_http.o(i.get_next_par)
    i.get_u32                                0x0000376a   Section        0  at_lib.o(i.get_u32)
    i.hex2byte                               0x00003780   Section        0  at_http.o(i.hex2byte)
    hex2byte                                 0x00003781   Thumb Code    18  at_http.o(i.hex2byte)
    i.http_accept_host                       0x00003792   Section        0  at_http.o(i.http_accept_host)
    i.http_add_header                        0x00003798   Section        0  at_http.o(i.http_add_header)
    http_add_header                          0x00003799   Thumb Code   180  at_http.o(i.http_add_header)
    i.http_error_msg                         0x000039a4   Section        0  at_http.o(i.http_error_msg)
    http_error_msg                           0x000039a5   Thumb Code   186  at_http.o(i.http_error_msg)
    i.http_fclose                            0x00003b60   Section        0  at_http_uif.o(i.http_fclose)
    i.http_fgets                             0x00003b62   Section        0  at_http_uif.o(i.http_fgets)
    i.http_file_type                         0x00003b68   Section        0  at_http.o(i.http_file_type)
    http_file_type                           0x00003b69   Thumb Code    74  at_http.o(i.http_file_type)
    i.http_finfo                             0x00003bb8   Section        0  at_http_uif.o(i.http_finfo)
    i.http_fopen                             0x00003bbc   Section        0  at_http_uif.o(i.http_fopen)
    i.http_fread                             0x00003bc0   Section        0  at_http_uif.o(i.http_fread)
    i.http_get_lang                          0x00003bc4   Section        0  at_http.o(i.http_get_lang)
    i.http_get_var                           0x00003be0   Section        0  at_http.o(i.http_get_var)
    i.http_kill_session                      0x00003c4c   Section        0  at_http.o(i.http_kill_session)
    http_kill_session                        0x00003c4d   Thumb Code    94  at_http.o(i.http_kill_session)
    i.http_listener                          0x00003cac   Section        0  at_http.o(i.http_listener)
    http_listener                            0x00003cad   Thumb Code   558  at_http.o(i.http_listener)
    i.http_open_file                         0x00003f00   Section        0  at_http.o(i.http_open_file)
    http_open_file                           0x00003f01   Thumb Code   278  at_http.o(i.http_open_file)
    i.http_proc_header                       0x00004038   Section        0  at_http.o(i.http_proc_header)
    http_proc_header                         0x00004039   Thumb Code   236  at_http.o(i.http_proc_header)
    i.http_proc_multipart                    0x00004170   Section        0  at_http.o(i.http_proc_multipart)
    http_proc_multipart                      0x00004171   Thumb Code   304  at_http.o(i.http_proc_multipart)
    i.http_proc_post                         0x000042c8   Section        0  at_http.o(i.http_proc_post)
    http_proc_post                           0x000042c9   Thumb Code   232  at_http.o(i.http_proc_post)
    i.http_strchr                            0x000043b8   Section        0  at_http.o(i.http_strchr)
    http_strchr                              0x000043b9   Thumb Code    26  at_http.o(i.http_strchr)
    i.http_strcpy                            0x000043d2   Section        0  at_http.o(i.http_strcpy)
    http_strcpy                              0x000043d3   Thumb Code    30  at_http.o(i.http_strcpy)
    i.http_to_utc                            0x000043f0   Section        0  at_http.o(i.http_to_utc)
    http_to_utc                              0x000043f1   Thumb Code   162  at_http.o(i.http_to_utc)
    i.init_TcpNet                            0x00004498   Section        0  at_system.o(i.init_TcpNet)
    i.init_arp                               0x000044d0   Section        0  at_arp.o(i.init_arp)
    i.init_eth_link                          0x000044f8   Section        0  at_ethernet.o(i.init_eth_link)
    i.init_http                              0x0000451c   Section        0  at_http.o(i.init_http)
    i.init_mem                               0x0000457c   Section        0  at_mem.o(i.init_mem)
    i.init_nbns                              0x000045a0   Section        0  at_nbns.o(i.init_nbns)
    i.init_tcp                               0x000045c8   Section        0  at_tcp.o(i.init_tcp)
    i.init_udp                               0x000045e0   Section        0  at_udp.o(i.init_udp)
    i.ip_chk_frame                           0x000045fc   Section        0  at_ip.o(i.ip_chk_frame)
    i.ip_get_chksum                          0x000046c0   Section        0  at_ip.o(i.ip_get_chksum)
    ip_get_chksum                            0x000046c1   Thumb Code    10  at_ip.o(i.ip_get_chksum)
    i.ip_get_locadr                          0x000046cc   Section        0  at_ip.o(i.ip_get_locadr)
    i.ip_send_frame                          0x00004764   Section        0  at_ip.o(i.ip_send_frame)
    i.is_subnet                              0x000047f4   Section        0  at_lib.o(i.is_subnet)
    i.is_subnet_bcast                        0x00004818   Section        0  at_arp.o(i.is_subnet_bcast)
    i.main_TcpNet                            0x00004844   Section        0  at_system.o(i.main_TcpNet)
    i.mem_comp                               0x00004880   Section        0  at_lib.o(i.mem_comp)
    i.mem_copy                               0x000048a0   Section        0  at_lib.o(i.mem_copy)
    i.mem_set                                0x000048bc   Section        0  at_lib.o(i.mem_set)
    i.mem_test                               0x000048cc   Section        0  at_lib.o(i.mem_test)
    i.nbns_listener                          0x000048e4   Section        0  at_nbns.o(i.nbns_listener)
    nbns_listener                            0x000048e5   Thumb Code   262  at_nbns.o(i.nbns_listener)
    i.poll_ethernet                          0x000049fc   Section        0  at_ethernet.o(i.poll_ethernet)
    i.process_arp                            0x00004a00   Section        0  at_arp.o(i.process_arp)
    i.process_hl_igmp                        0x00004a98   Section        0  at_ethernet.o(i.process_hl_igmp)
    i.process_icmp                           0x00004a9a   Section        0  at_icmp.o(i.process_icmp)
    i.process_tcp                            0x00004b10   Section        0  at_tcp.o(i.process_tcp)
    i.process_udp                            0x00004f7c   Section        0  at_udp.o(i.process_udp)
    i.put_in_queue                           0x00005040   Section        0  at_ethernet.o(i.put_in_queue)
    i.read_script_line                       0x0000506c   Section        0  at_http.o(i.read_script_line)
    read_script_line                         0x0000506d   Thumb Code   158  at_http.o(i.read_script_line)
    i.resize_mem                             0x0000510c   Section        0  at_mem.o(i.resize_mem)
    i.run_eth_link                           0x00005140   Section        0  at_ethernet.o(i.run_eth_link)
    i.run_http_server                        0x000051f0   Section        0  at_http.o(i.run_http_server)
    i.search_delim                           0x000054e8   Section        0  at_http.o(i.search_delim)
    search_delim                             0x000054e9   Thumb Code    76  at_http.o(i.search_delim)
    i.set_u32                                0x00005534   Section        0  at_lib.o(i.set_u32)
    i.str_copy                               0x00005544   Section        0  at_lib.o(i.str_copy)
    i.str_crc                                0x0000555a   Section        0  at_lib.o(i.str_crc)
    i.str_scomp                              0x00005574   Section        0  at_lib.o(i.str_scomp)
    i.str_up_case                            0x0000558e   Section        0  at_lib.o(i.str_up_case)
    i.tcp_abort                              0x000055a8   Section        0  at_tcp.o(i.tcp_abort)
    i.tcp_close                              0x00005600   Section        0  at_tcp.o(i.tcp_close)
    i.tcp_get_buf                            0x00005684   Section        0  at_tcp.o(i.tcp_get_buf)
    i.tcp_get_socket                         0x00005694   Section        0  at_tcp.o(i.tcp_get_socket)
    i.tcp_get_state                          0x000056dc   Section        0  at_tcp.o(i.tcp_get_state)
    i.tcp_init_seq                           0x00005708   Section        0  at_tcp.o(i.tcp_init_seq)
    tcp_init_seq                             0x00005709   Thumb Code    14  at_tcp.o(i.tcp_init_seq)
    i.tcp_listen                             0x0000571c   Section        0  at_tcp.o(i.tcp_listen)
    i.tcp_map_socket                         0x00005798   Section        0  at_tcp.o(i.tcp_map_socket)
    tcp_map_socket                           0x00005799   Thumb Code   150  at_tcp.o(i.tcp_map_socket)
    i.tcp_max_dsize                          0x00005838   Section        0  at_tcp.o(i.tcp_max_dsize)
    i.tcp_poll_sockets                       0x0000585c   Section        0  at_tcp.o(i.tcp_poll_sockets)
    i.tcp_process_opt                        0x00005a50   Section        0  at_tcp.o(i.tcp_process_opt)
    tcp_process_opt                          0x00005a51   Thumb Code   106  at_tcp.o(i.tcp_process_opt)
    i.tcp_send                               0x00005ac0   Section        0  at_tcp.o(i.tcp_send)
    i.tcp_send_ctrl                          0x00005bc4   Section        0  at_tcp.o(i.tcp_send_ctrl)
    tcp_send_ctrl                            0x00005bc5   Thumb Code    34  at_tcp.o(i.tcp_send_ctrl)
    i.tcp_send_frame                         0x00005be8   Section        0  at_tcp.o(i.tcp_send_frame)
    tcp_send_frame                           0x00005be9   Thumb Code   236  at_tcp.o(i.tcp_send_frame)
    i.tcp_send_reset                         0x00005cdc   Section        0  at_tcp.o(i.tcp_send_reset)
    tcp_send_reset                           0x00005cdd   Thumb Code   120  at_tcp.o(i.tcp_send_reset)
    i.tcp_set_retransmit                     0x00005d5c   Section        0  at_tcp.o(i.tcp_set_retransmit)
    tcp_set_retransmit                       0x00005d5d   Thumb Code    18  at_tcp.o(i.tcp_set_retransmit)
    i.tcp_transit                            0x00005d70   Section        0  at_tcp.o(i.tcp_transit)
    tcp_transit                              0x00005d71   Thumb Code    96  at_tcp.o(i.tcp_transit)
    i.timer_tick                             0x00005de4   Section        0  at_system.o(i.timer_tick)
    i.udp_get_buf                            0x00005df0   Section        0  at_udp.o(i.udp_get_buf)
    i.udp_get_socket                         0x00005e00   Section        0  at_udp.o(i.udp_get_socket)
    i.udp_open                               0x00005e48   Section        0  at_udp.o(i.udp_open)
    i.udp_send                               0x00005ec4   Section        0  at_udp.o(i.udp_send)
    i.utc_to_http                            0x00005fd0   Section        0  at_http.o(i.utc_to_http)
    utc_to_http                              0x00005fd1   Thumb Code   178  at_http.o(i.utc_to_http)
    .constdata                               0x000060b0   Section      351  http_cgi.o(.constdata)
    state                                    0x000060b0   Data         121  http_cgi.o(.constdata)
    .constdata                               0x00006210   Section        4  web.o(.constdata)
    .constdata                               0x00006214   Section    26994  web.o(.constdata)
    Web                                      0x00006214   Data       26994  web.o(.constdata)
    .constdata                               0x0000cb88   Section      160  web.o(.constdata)
    .constdata                               0x0000cc28   Section       60  net_config.o(.constdata)
    .constdata                               0x0000cc64   Section        1  net_config.o(.constdata)
    .constdata                               0x0000cc68   Section        4  net_config.o(.constdata)
    .constdata                               0x0000cc6c   Section        2  net_config.o(.constdata)
    .constdata                               0x0000cc6e   Section        2  net_config.o(.constdata)
    .constdata                               0x0000cc70   Section        2  net_config.o(.constdata)
    .constdata                               0x0000cc72   Section        1  net_config.o(.constdata)
    .constdata                               0x0000cc73   Section        1  net_config.o(.constdata)
    .constdata                               0x0000cc74   Section        1  net_config.o(.constdata)
    .constdata                               0x0000cc75   Section        1  net_config.o(.constdata)
    .constdata                               0x0000cc76   Section        1  net_config.o(.constdata)
    .constdata                               0x0000cc78   Section        2  net_config.o(.constdata)
    .constdata                               0x0000cc7a   Section        2  net_config.o(.constdata)
    .constdata                               0x0000cc7c   Section        2  net_config.o(.constdata)
    .constdata                               0x0000cc7e   Section        2  net_config.o(.constdata)
    .constdata                               0x0000cc80   Section        2  net_config.o(.constdata)
    .constdata                               0x0000cc82   Section        1  net_config.o(.constdata)
    .constdata                               0x0000cc83   Section        1  net_config.o(.constdata)
    .constdata                               0x0000cc84   Section        1  net_config.o(.constdata)
    .constdata                               0x0000cc86   Section        2  net_config.o(.constdata)
    .constdata                               0x0000cc88   Section       20  net_config.o(.constdata)
    .constdata                               0x0000cc9c   Section        6  net_config.o(.constdata)
    .constdata                               0x0000cca2   Section     6272  glcd_spi_lpc1700.o(.constdata)
    .constdata                               0x0000e522   Section      202  at_http.o(.constdata)
    DYear                                    0x0000e522   Data           6  at_http.o(.constdata)
    Month                                    0x0000e528   Data          48  at_http.o(.constdata)
    WkDay                                    0x0000e558   Data          28  at_http.o(.constdata)
    DMonth                                   0x0000e574   Data          24  at_http.o(.constdata)
    ftype                                    0x0000e58c   Data          96  at_http.o(.constdata)
    .constdata                               0x0000e5ec   Section        8  at_nbns.o(.constdata)
    nbns_ttllen                              0x0000e5ec   Data           8  at_nbns.o(.constdata)
    .constdata                               0x0000e5f4   Section        6  at_ethernet.o(.constdata)
    .constdata                               0x0000e5fa   Section        4  at_ip.o(.constdata)
    .constdata                               0x0000e5fe   Section       94  http_err.o(.constdata)
    .constdata                               0x0000e65c   Section       91  http_err.o(.constdata)
    .constdata                               0x0000e6b7   Section       83  http_err.o(.constdata)
    .constdata                               0x0000e70a   Section       59  http_err.o(.constdata)
    .constdata                               0x0000e745   Section      137  http_err.o(.constdata)
    .constdata                               0x0000e7ce   Section      129  ctype_o.o(.constdata)
    .constdata                               0x0000e850   Section        4  ctype_o.o(.constdata)
    table                                    0x0000e850   Data           4  ctype_o.o(.constdata)
    .data                                    0x10000000   Section       58  http_demo.o(.data)
    cnt                                      0x10000004   Data           4  http_demo.o(.data)
    .data                                    0x1000003c   Section        8  http_cgi.o(.data)
    P2                                       0x1000003c   Data           1  http_cgi.o(.data)
    adv                                      0x10000040   Data           4  http_cgi.o(.data)
    .data                                    0x10000044   Section       16  net_config.o(.data)
    .data                                    0x10000054   Section        6  net_config.o(.data)
    .data                                    0x1000005a   Section        6  glcd_spi_lpc1700.o(.data)
    TextColor                                0x1000005a   Data           2  glcd_spi_lpc1700.o(.data)
    BackColor                                0x1000005c   Data           2  glcd_spi_lpc1700.o(.data)
    driverCode                               0x1000005e   Data           2  glcd_spi_lpc1700.o(.data)
    .data                                    0x10000060   Section        4  system_lpc17xx.o(.data)
    .data                                    0x10000064   Section        4  at_tcp.o(.data)
    socket                                   0x10000064   Data           1  at_tcp.o(.data)
    port                                     0x10000066   Data           2  at_tcp.o(.data)
    .data                                    0x10000068   Section        2  at_udp.o(.data)
    port                                     0x10000068   Data           2  at_udp.o(.data)
    .data                                    0x1000006c   Section       12  at_http.o(.data)
    session                                  0x1000006c   Data           1  at_http.o(.data)
    cgi                                      0x10000070   Data           8  at_http.o(.data)
    .data                                    0x10000078   Section        1  at_nbns.o(.data)
    nbns_Socket                              0x10000078   Data           1  at_nbns.o(.data)
    .data                                    0x1000007c   Section        8  at_ethernet.o(.data)
    q_head                                   0x1000007c   Data           4  at_ethernet.o(.data)
    q_tail                                   0x10000080   Data           4  at_ethernet.o(.data)
    .data                                    0x10000084   Section        4  at_mem.o(.data)
    Mem_Load                                 0x10000084   Data           4  at_mem.o(.data)
    .data                                    0x10000088   Section        8  at_system.o(.data)
    tick_fl                                  0x1000008a   Data           1  at_system.o(.data)
    sec_cnt                                  0x1000008e   Data           2  at_system.o(.data)
    .data                                    0x10000090   Section        2  at_arp.o(.data)
    next_entry                               0x10000090   Data           2  at_arp.o(.data)
    .data                                    0x10000092   Section        4  at_ip.o(.data)
    netif                                    0x10000092   Data           1  at_ip.o(.data)
    ip_id                                    0x10000094   Data           2  at_ip.o(.data)
    .data                                    0x10000098   Section        4  errno.o(.data)
    _errno                                   0x10000098   Data           4  errno.o(.data)
    .bss                                     0x1000009c   Section       20  net_config.o(.bss)
    .bss                                     0x100000b0   Section     8192  net_config.o(.bss)
    .bss                                     0x100020b0   Section      140  net_config.o(.bss)
    .bss                                     0x1000213c   Section       24  net_config.o(.bss)
    .bss                                     0x10002154   Section      352  net_config.o(.bss)
    .bss                                     0x100022b4   Section      288  net_config.o(.bss)
    .bss                                     0x100023d4   Section      128  at_ethernet.o(.bss)
    rx_queue                                 0x100023d4   Data         128  at_ethernet.o(.bss)
    .bss                                     0x10002454   Section       60  at_system.o(.bss)
    STACK                                    0x10002490   Section     1024  startup_lpc17xx.o(STACK)
    .data                                    0x2007c000   Section        4  emac_lpc17xx.o(.data)
    .bss                                     0x2007c008   Section    10860  emac_lpc17xx.o(.bss)
    dev_175x                                 0x2007c008   Data           1  emac_lpc17xx.o(.bss)
    Rx_Desc                                  0x2007c00c   Data          32  emac_lpc17xx.o(.bss)
    Rx_Stat                                  0x2007c030   Data          32  emac_lpc17xx.o(.bss)
    Tx_Desc                                  0x2007c050   Data          24  emac_lpc17xx.o(.bss)
    Tx_Stat                                  0x2007c068   Data          12  emac_lpc17xx.o(.bss)
    rx_buf                                   0x2007c074   Data        6144  emac_lpc17xx.o(.bss)
    tx_buf                                   0x2007d874   Data        4608  emac_lpc17xx.o(.bss)

    Global Symbols

    Symbol Name                              Value     Ov Type        Size  Object(Section)

    BuildAttributes$$THM_ISAv4$P$D$K$B$S$PE$A:L22UL41UL21$X:L11$S22US41US21$IEEE1$IW$USESV6$~STKCKD$USESV7$~SHL$OTIME$ROPI$EBA8$MICROLIB$REQ8$PRES8$EABIv2 0x00000000   Number         0  anon$$obj.o ABSOLUTE
    __ARM_use_no_argv                        0x00000000   Number         0  http_demo.o ABSOLUTE
    __Vectors                                0x00000000   Data           4  startup_lpc17xx.o(RESET)
    _printf_a                                0x00000000   Number         0  stubs.o ABSOLUTE
    _printf_c                                0x00000000   Number         0  stubs.o ABSOLUTE
    _printf_charcount                        0x00000000   Number         0  stubs.o ABSOLUTE
    _printf_d                                0x00000000   Number         0  stubs.o ABSOLUTE
    _printf_e                                0x00000000   Number         0  stubs.o ABSOLUTE
    _printf_f                                0x00000000   Number         0  stubs.o ABSOLUTE
    _printf_flags                            0x00000000   Number         0  stubs.o ABSOLUTE
    _printf_fp_dec                           0x00000000   Number         0  stubs.o ABSOLUTE
    _printf_fp_hex                           0x00000000   Number         0  stubs.o ABSOLUTE
    _printf_g                                0x00000000   Number         0  stubs.o ABSOLUTE
    _printf_i                                0x00000000   Number         0  stubs.o ABSOLUTE
    _printf_int_dec                          0x00000000   Number         0  stubs.o ABSOLUTE
    _printf_l                                0x00000000   Number         0  stubs.o ABSOLUTE
    _printf_lc                               0x00000000   Number         0  stubs.o ABSOLUTE
    _printf_ll                               0x00000000   Number         0  stubs.o ABSOLUTE
    _printf_lld                              0x00000000   Number         0  stubs.o ABSOLUTE
    _printf_lli                              0x00000000   Number         0  stubs.o ABSOLUTE
    _printf_llo                              0x00000000   Number         0  stubs.o ABSOLUTE
    _printf_llu                              0x00000000   Number         0  stubs.o ABSOLUTE
    _printf_llx                              0x00000000   Number         0  stubs.o ABSOLUTE
    _printf_longlong_dec                     0x00000000   Number         0  stubs.o ABSOLUTE
    _printf_longlong_hex                     0x00000000   Number         0  stubs.o ABSOLUTE
    _printf_longlong_oct                     0x00000000   Number         0  stubs.o ABSOLUTE
    _printf_ls                               0x00000000   Number         0  stubs.o ABSOLUTE
    _printf_mbtowc                           0x00000000   Number         0  stubs.o ABSOLUTE
    _printf_n                                0x00000000   Number         0  stubs.o ABSOLUTE
    _printf_o                                0x00000000   Number         0  stubs.o ABSOLUTE
    _printf_p                                0x00000000   Number         0  stubs.o ABSOLUTE
    _printf_percent                          0x00000000   Number         0  stubs.o ABSOLUTE
    _printf_pre_padding                      0x00000000   Number         0  stubs.o ABSOLUTE
    _printf_return_value                     0x00000000   Number         0  stubs.o ABSOLUTE
    _printf_s                                0x00000000   Number         0  stubs.o ABSOLUTE
    _printf_sizespec                         0x00000000   Number         0  stubs.o ABSOLUTE
    _printf_str                              0x00000000   Number         0  stubs.o ABSOLUTE
    _printf_truncate_signed                  0x00000000   Number         0  stubs.o ABSOLUTE
    _printf_truncate_unsigned                0x00000000   Number         0  stubs.o ABSOLUTE
    _printf_u                                0x00000000   Number         0  stubs.o ABSOLUTE
    _printf_wc                               0x00000000   Number         0  stubs.o ABSOLUTE
    _printf_wctomb                           0x00000000   Number         0  stubs.o ABSOLUTE
    _printf_widthprec                        0x00000000   Number         0  stubs.o ABSOLUTE
    _printf_x                                0x00000000   Number         0  stubs.o ABSOLUTE
    __decompress                              - Undefined Weak Reference
    _scanf_longlong                           - Undefined Weak Reference
    _scanf_real                               - Undefined Weak Reference
    _scanf_string                             - Undefined Weak Reference
    arp_notify                                - Undefined Weak Reference
    __main                                   0x000000cd   Thumb Code     0  entry.o(.ARM.Collect$$$$00000000)
    _main_stk                                0x000000cd   Thumb Code     0  entry2.o(.ARM.Collect$$$$00000001)
    _main_scatterload                        0x000000d1   Thumb Code     0  entry5.o(.ARM.Collect$$$$00000004)
    __main_after_scatterload                 0x000000d5   Thumb Code     0  entry5.o(.ARM.Collect$$$$00000004)
    _main_init                               0x000000d5   Thumb Code     0  entry7.o(.ARM.Collect$$$$00000007)
    fputc                                    0x000000e1   Thumb Code    26  http_demo.o(.text)
    LED_out                                  0x000000fb   Thumb Code    64  http_demo.o(.text)
    AD_in                                    0x0000013b   Thumb Code    44  http_demo.o(.text)
    get_button                               0x00000167   Thumb Code    66  http_demo.o(.text)
    main                                     0x000001a9   Thumb Code    88  http_demo.o(.text)
    sys_error                                0x00000299   Thumb Code     2  net_config.o(.text)
    init_system                              0x0000029b   Thumb Code    28  net_config.o(.text)
    run_system                               0x000002b7   Thumb Code    18  net_config.o(.text)
    process_hl_udp                           0x000002c9   Thumb Code     4  net_config.o(.text)
    process_hl_tcp                           0x000002cd   Thumb Code     4  net_config.o(.text)
    dispatch_frame                           0x000002d1   Thumb Code    10  net_config.o(.text)
    igmp_is_member                           0x000002db   Thumb Code     4  net_config.o(.text)
    Reset_Handler                            0x000002e1   Thumb Code     4  startup_lpc17xx.o(.text)
    NMI_Handler                              0x000002e5   Thumb Code     2  startup_lpc17xx.o(.text)
    HardFault_Handler                        0x000002e7   Thumb Code     2  startup_lpc17xx.o(.text)
    MemManage_Handler                        0x000002e9   Thumb Code     2  startup_lpc17xx.o(.text)
    BusFault_Handler                         0x000002eb   Thumb Code     2  startup_lpc17xx.o(.text)
    UsageFault_Handler                       0x000002ed   Thumb Code     2  startup_lpc17xx.o(.text)
    SVC_Handler                              0x000002ef   Thumb Code     2  startup_lpc17xx.o(.text)
    DebugMon_Handler                         0x000002f1   Thumb Code     2  startup_lpc17xx.o(.text)
    PendSV_Handler                           0x000002f3   Thumb Code     2  startup_lpc17xx.o(.text)
    SysTick_Handler                          0x000002f5   Thumb Code     2  startup_lpc17xx.o(.text)
    ADC_IRQHandler                           0x000002f7   Thumb Code     0  startup_lpc17xx.o(.text)
    BOD_IRQHandler                           0x000002f7   Thumb Code     0  startup_lpc17xx.o(.text)
    CANActivity_IRQHandler                   0x000002f7   Thumb Code     0  startup_lpc17xx.o(.text)
    CAN_IRQHandler                           0x000002f7   Thumb Code     0  startup_lpc17xx.o(.text)
    DMA_IRQHandler                           0x000002f7   Thumb Code     0  startup_lpc17xx.o(.text)
    EINT0_IRQHandler                         0x000002f7   Thumb Code     0  startup_lpc17xx.o(.text)
    EINT1_IRQHandler                         0x000002f7   Thumb Code     0  startup_lpc17xx.o(.text)
    EINT2_IRQHandler                         0x000002f7   Thumb Code     0  startup_lpc17xx.o(.text)
    EINT3_IRQHandler                         0x000002f7   Thumb Code     0  startup_lpc17xx.o(.text)
    I2C0_IRQHandler                          0x000002f7   Thumb Code     0  startup_lpc17xx.o(.text)
    I2C1_IRQHandler                          0x000002f7   Thumb Code     0  startup_lpc17xx.o(.text)
    I2C2_IRQHandler                          0x000002f7   Thumb Code     0  startup_lpc17xx.o(.text)
    I2S_IRQHandler                           0x000002f7   Thumb Code     0  startup_lpc17xx.o(.text)
    MCPWM_IRQHandler                         0x000002f7   Thumb Code     0  startup_lpc17xx.o(.text)
    PLL0_IRQHandler                          0x000002f7   Thumb Code     0  startup_lpc17xx.o(.text)
    PLL1_IRQHandler                          0x000002f7   Thumb Code     0  startup_lpc17xx.o(.text)
    PWM1_IRQHandler                          0x000002f7   Thumb Code     0  startup_lpc17xx.o(.text)
    QEI_IRQHandler                           0x000002f7   Thumb Code     0  startup_lpc17xx.o(.text)
    RIT_IRQHandler                           0x000002f7   Thumb Code     0  startup_lpc17xx.o(.text)
    RTC_IRQHandler                           0x000002f7   Thumb Code     0  startup_lpc17xx.o(.text)
    SPI_IRQHandler                           0x000002f7   Thumb Code     0  startup_lpc17xx.o(.text)
    SSP0_IRQHandler                          0x000002f7   Thumb Code     0  startup_lpc17xx.o(.text)
    SSP1_IRQHandler                          0x000002f7   Thumb Code     0  startup_lpc17xx.o(.text)
    TIMER0_IRQHandler                        0x000002f7   Thumb Code     0  startup_lpc17xx.o(.text)
    TIMER1_IRQHandler                        0x000002f7   Thumb Code     0  startup_lpc17xx.o(.text)
    TIMER2_IRQHandler                        0x000002f7   Thumb Code     0  startup_lpc17xx.o(.text)
    TIMER3_IRQHandler                        0x000002f7   Thumb Code     0  startup_lpc17xx.o(.text)
    UART0_IRQHandler                         0x000002f7   Thumb Code     0  startup_lpc17xx.o(.text)
    UART1_IRQHandler                         0x000002f7   Thumb Code     0  startup_lpc17xx.o(.text)
    UART2_IRQHandler                         0x000002f7   Thumb Code     0  startup_lpc17xx.o(.text)
    UART3_IRQHandler                         0x000002f7   Thumb Code     0  startup_lpc17xx.o(.text)
    USBActivity_IRQHandler                   0x000002f7   Thumb Code     0  startup_lpc17xx.o(.text)
    USB_IRQHandler                           0x000002f7   Thumb Code     0  startup_lpc17xx.o(.text)
    WDT_IRQHandler                           0x000002f7   Thumb Code     0  startup_lpc17xx.o(.text)
    cgi_process_var                          0x00000301   Thumb Code   334  http_cgi.o(.text)
    __TCP_ARM_VER                            0x00000413   Number         0  at_system.o ABSOLUTE
    cgi_process_data                         0x0000044f   Thumb Code   410  http_cgi.o(.text)
    cgi_func                                 0x000005e9   Thumb Code   992  http_cgi.o(.text)
    init_ethernet                            0x00000bf9   Thumb Code   504  emac_lpc17xx.o(.text)
    int_enable_eth                           0x00000df1   Thumb Code    10  emac_lpc17xx.o(.text)
    int_disable_eth                          0x00000dfb   Thumb Code    10  emac_lpc17xx.o(.text)
    send_frame                               0x00000e05   Thumb Code    64  emac_lpc17xx.o(.text)
    ENET_IRQHandler                          0x00000e45   Thumb Code   180  emac_lpc17xx.o(.text)
    GLCD_Init                                0x00000f1d   Thumb Code   806  glcd_spi_lpc1700.o(.text)
    GLCD_SetWindow                           0x00001243   Thumb Code    78  glcd_spi_lpc1700.o(.text)
    GLCD_WindowMax                           0x00001291   Thumb Code    12  glcd_spi_lpc1700.o(.text)
    GLCD_PutPixel                            0x0000129d   Thumb Code    44  glcd_spi_lpc1700.o(.text)
    GLCD_SetTextColor                        0x000012c9   Thumb Code     6  glcd_spi_lpc1700.o(.text)
    GLCD_SetBackColor                        0x000012cf   Thumb Code     6  glcd_spi_lpc1700.o(.text)
    GLCD_Clear                               0x000012d5   Thumb Code    68  glcd_spi_lpc1700.o(.text)
    GLCD_DrawChar_U8                         0x00001319   Thumb Code   102  glcd_spi_lpc1700.o(.text)
    GLCD_DrawChar_U16                        0x0000137f   Thumb Code   106  glcd_spi_lpc1700.o(.text)
    GLCD_DisplayChar                         0x000013e9   Thumb Code    72  glcd_spi_lpc1700.o(.text)
    GLCD_DisplayString                       0x00001431   Thumb Code    42  glcd_spi_lpc1700.o(.text)
    GLCD_ClearLn                             0x0000145b   Thumb Code    72  glcd_spi_lpc1700.o(.text)
    GLCD_Bargraph                            0x000014a3   Thumb Code    90  glcd_spi_lpc1700.o(.text)
    GLCD_Bitmap                              0x000014fd   Thumb Code    76  glcd_spi_lpc1700.o(.text)
    GLCD_Bmp                                 0x00001549   Thumb Code    84  glcd_spi_lpc1700.o(.text)
    GLCD_ScrollVertical                      0x0000159d   Thumb Code     2  glcd_spi_lpc1700.o(.text)
    SystemInit                               0x00001639   Thumb Code   314  system_lpc17xx.o(.text)
    strlen                                   0x00001795   Thumb Code    16  strlen.o(.text)
    strcmp                                   0x000017a5   Thumb Code    28  strcmp.o(.text)
    __0sscanf                                0x000017c1   Thumb Code    48  __0sscanf.o(.text)
    _scanf_int                               0x000017f9   Thumb Code   334  _scanf_int.o(.text)
    atoi                                     0x00001947   Thumb Code    26  atoi.o(.text)
    __aeabi_dmul                             0x00001961   Thumb Code   226  dmul.o(.text)
    __ARM_scalbn                             0x00001a43   Thumb Code    46  dscalb.o(.text)
    scalbn                                   0x00001a43   Thumb Code     0  dscalb.o(.text)
    __aeabi_ui2f                             0x00001a71   Thumb Code    10  ffltui.o(.text)
    __aeabi_f2d                              0x00001a7b   Thumb Code    44  f2d.o(.text)
    __aeabi_uidiv                            0x00001aa7   Thumb Code     0  uidiv.o(.text)
    __aeabi_uidivmod                         0x00001aa7   Thumb Code    44  uidiv.o(.text)
    __aeabi_uldivmod                         0x00001ad3   Thumb Code   100  uldiv.o(.text)
    _chval                                   0x00001b37   Thumb Code    32  _chval.o(.text)
    __vfscanf_char                           0x00001b65   Thumb Code    22  scanf_char.o(.text)
    _sgetc                                   0x00001b85   Thumb Code    30  _sgetc.o(.text)
    _sbackspace                              0x00001ba3   Thumb Code    34  _sgetc.o(.text)
    strtol                                   0x00001bc5   Thumb Code   112  strtol.o(.text)
    __I$use$fp                               0x00001c35   Thumb Code     0  iusefp.o(.text)
    _float_round                             0x00001c35   Thumb Code    18  fepilogue.o(.text)
    _float_epilogue                          0x00001c47   Thumb Code    90  fepilogue.o(.text)
    _double_round                            0x00001ca1   Thumb Code    26  depilogue.o(.text)
    _double_epilogue                         0x00001cbb   Thumb Code   172  depilogue.o(.text)
    __aeabi_dadd                             0x00001d67   Thumb Code   324  dadd.o(.text)
    __aeabi_dsub                             0x00001eab   Thumb Code     6  dadd.o(.text)
    __aeabi_drsub                            0x00001eb1   Thumb Code     6  dadd.o(.text)
    __aeabi_ddiv                             0x00001eb7   Thumb Code   226  ddiv.o(.text)
    __aeabi_d2ulz                            0x00001f99   Thumb Code    48  dfixul.o(.text)
    __aeabi_cdrcmple                         0x00001fc9   Thumb Code    40  cdrcmple.o(.text)
    __scatterload                            0x00001ff1   Thumb Code    28  init.o(.text)
    __scatterload_rt2                        0x00001ff1   Thumb Code     0  init.o(.text)
    __aeabi_llsl                             0x00002015   Thumb Code    30  llshl.o(.text)
    _ll_shift_l                              0x00002015   Thumb Code     0  llshl.o(.text)
    __aeabi_llsr                             0x00002033   Thumb Code    32  llushr.o(.text)
    _ll_ushift_r                             0x00002033   Thumb Code     0  llushr.o(.text)
    __aeabi_lasr                             0x00002053   Thumb Code    36  llsshr.o(.text)
    _ll_sshift_r                             0x00002053   Thumb Code     0  llsshr.o(.text)
    __rt_ctype_table                         0x00002079   Thumb Code     4  ctype_o.o(.text)
    isspace                                  0x00002081   Thumb Code    18  isspace_o.o(.text)
    __vfscanf                                0x00002095   Thumb Code   818  _scanf.o(.text)
    _strtoul                                 0x000023cd   Thumb Code   158  _strtoul.o(.text)
    CalcChksum                               0x0000246b   Thumb Code    22  at_lib.o(i.CalcChksum)
    CalcChksumBuf                            0x00002481   Thumb Code    40  at_lib.o(i.CalcChksumBuf)
    CalcChksumVal                            0x000024a9   Thumb Code    10  at_lib.o(i.CalcChksumVal)
    SwapB                                    0x000024b3   Thumb Code    10  at_lib.o(i.SwapB)
    __0sprintf                               0x000024bd   Thumb Code    34  printfa.o(i.__0sprintf)
    __1sprintf                               0x000024bd   Thumb Code     0  printfa.o(i.__0sprintf)
    __2sprintf                               0x000024bd   Thumb Code     0  printfa.o(i.__0sprintf)
    __c89sprintf                             0x000024bd   Thumb Code     0  printfa.o(i.__0sprintf)
    sprintf                                  0x000024bd   Thumb Code     0  printfa.o(i.__0sprintf)
    __aeabi_errno_addr                       0x000024e5   Thumb Code     4  errno.o(i.__aeabi_errno_addr)
    __rt_errno_addr                          0x000024e5   Thumb Code     0  errno.o(i.__aeabi_errno_addr)
    __scatterload_copy                       0x000024ed   Thumb Code    14  handlers.o(i.__scatterload_copy)
    __scatterload_null                       0x000024fb   Thumb Code     2  handlers.o(i.__scatterload_null)
    __scatterload_zeroinit                   0x000024fd   Thumb Code    14  handlers.o(i.__scatterload_zeroinit)
    alloc_mem                                0x00002de9   Thumb Code   152  at_mem.o(i.alloc_mem)
    arp_cache_add                            0x00002e8d   Thumb Code   176  at_arp.o(i.arp_cache_add)
    arp_cache_find                           0x00002fbd   Thumb Code   254  at_arp.o(i.arp_cache_find)
    arp_cache_update                         0x000030d5   Thumb Code   218  at_arp.o(i.arp_cache_update)
    arp_send_req                             0x000032d1   Thumb Code   154  at_arp.o(i.arp_send_req)
    b64_to_asc                               0x0000337d   Thumb Code   120  at_lib.o(i.b64_to_asc)
    cgx_content_type                         0x000033f5   Thumb Code     4  at_http.o(i.cgx_content_type)
    eth_chk_adr                              0x000035d9   Thumb Code    10  at_ethernet.o(i.eth_chk_adr)
    eth_send_frame                           0x000035e9   Thumb Code   138  at_ethernet.o(i.eth_send_frame)
    free_mem                                 0x00003681   Thumb Code    94  at_mem.o(i.free_mem)
    get_crc                                  0x000036e9   Thumb Code    36  at_lib.o(i.get_crc)
    get_u32                                  0x0000376b   Thumb Code    22  at_lib.o(i.get_u32)
    http_accept_host                         0x00003793   Thumb Code     4  at_http.o(i.http_accept_host)
    http_fclose                              0x00003b61   Thumb Code     2  at_http_uif.o(i.http_fclose)
    http_fgets                               0x00003b63   Thumb Code     4  at_http_uif.o(i.http_fgets)
    http_finfo                               0x00003bb9   Thumb Code     4  at_http_uif.o(i.http_finfo)
    http_fopen                               0x00003bbd   Thumb Code     4  at_http_uif.o(i.http_fopen)
    http_fread                               0x00003bc1   Thumb Code     4  at_http_uif.o(i.http_fread)
    http_get_lang                            0x00003bc5   Thumb Code    18  at_http.o(i.http_get_lang)
    http_get_var                             0x00003be1   Thumb Code   104  at_http.o(i.http_get_var)
    init_TcpNet                              0x00004499   Thumb Code    40  at_system.o(i.init_TcpNet)
    init_arp                                 0x000044d1   Thumb Code    30  at_arp.o(i.init_arp)
    init_eth_link                            0x000044f9   Thumb Code    30  at_ethernet.o(i.init_eth_link)
    init_http                                0x0000451d   Thumb Code    76  at_http.o(i.init_http)
    init_mem                                 0x0000457d   Thumb Code    24  at_mem.o(i.init_mem)
    init_nbns                                0x000045a1   Thumb Code    32  at_nbns.o(i.init_nbns)
    init_tcp                                 0x000045c9   Thumb Code    16  at_tcp.o(i.init_tcp)
    init_udp                                 0x000045e1   Thumb Code    18  at_udp.o(i.init_udp)
    ip_chk_frame                             0x000045fd   Thumb Code   186  at_ip.o(i.ip_chk_frame)
    ip_get_locadr                            0x000046cd   Thumb Code   140  at_ip.o(i.ip_get_locadr)
    ip_send_frame                            0x00004765   Thumb Code   140  at_ip.o(i.ip_send_frame)
    is_subnet                                0x000047f5   Thumb Code    34  at_lib.o(i.is_subnet)
    is_subnet_bcast                          0x00004819   Thumb Code    40  at_arp.o(i.is_subnet_bcast)
    main_TcpNet                              0x00004845   Thumb Code    52  at_system.o(i.main_TcpNet)
    mem_comp                                 0x00004881   Thumb Code    30  at_lib.o(i.mem_comp)
    mem_copy                                 0x000048a1   Thumb Code    28  at_lib.o(i.mem_copy)
    mem_set                                  0x000048bd   Thumb Code    16  at_lib.o(i.mem_set)
    mem_test                                 0x000048cd   Thumb Code    22  at_lib.o(i.mem_test)
    poll_ethernet                            0x000049fd   Thumb Code     2  at_ethernet.o(i.poll_ethernet)
    process_arp                              0x00004a01   Thumb Code   142  at_arp.o(i.process_arp)
    process_hl_igmp                          0x00004a99   Thumb Code     2  at_ethernet.o(i.process_hl_igmp)
    process_icmp                             0x00004a9b   Thumb Code   116  at_icmp.o(i.process_icmp)
    process_tcp                              0x00004b11   Thumb Code  1132  at_tcp.o(i.process_tcp)
    process_udp                              0x00004f7d   Thumb Code   186  at_udp.o(i.process_udp)
    put_in_queue                             0x00005041   Thumb Code    36  at_ethernet.o(i.put_in_queue)
    resize_mem                               0x0000510d   Thumb Code    48  at_mem.o(i.resize_mem)
    run_eth_link                             0x00005141   Thumb Code   162  at_ethernet.o(i.run_eth_link)
    run_http_server                          0x000051f1   Thumb Code   742  at_http.o(i.run_http_server)
    set_u32                                  0x00005535   Thumb Code    16  at_lib.o(i.set_u32)
    str_copy                                 0x00005545   Thumb Code    22  at_lib.o(i.str_copy)
    str_crc                                  0x0000555b   Thumb Code    26  at_lib.o(i.str_crc)
    str_scomp                                0x00005575   Thumb Code    26  at_lib.o(i.str_scomp)
    str_up_case                              0x0000558f   Thumb Code    26  at_lib.o(i.str_up_case)
    tcp_abort                                0x000055a9   Thumb Code    78  at_tcp.o(i.tcp_abort)
    tcp_close                                0x00005601   Thumb Code   122  at_tcp.o(i.tcp_close)
    tcp_get_buf                              0x00005685   Thumb Code    16  at_tcp.o(i.tcp_get_buf)
    tcp_get_socket                           0x00005695   Thumb Code    62  at_tcp.o(i.tcp_get_socket)
    tcp_get_state                            0x000056dd   Thumb Code    34  at_tcp.o(i.tcp_get_state)
    tcp_listen                               0x0000571d   Thumb Code   114  at_tcp.o(i.tcp_listen)
    tcp_max_dsize                            0x00005839   Thumb Code    32  at_tcp.o(i.tcp_max_dsize)
    tcp_poll_sockets                         0x0000585d   Thumb Code   472  at_tcp.o(i.tcp_poll_sockets)
    tcp_send                                 0x00005ac1   Thumb Code   244  at_tcp.o(i.tcp_send)
    timer_tick                               0x00005de5   Thumb Code     8  at_system.o(i.timer_tick)
    udp_get_buf                              0x00005df1   Thumb Code    16  at_udp.o(i.udp_get_buf)
    udp_get_socket                           0x00005e01   Thumb Code    62  at_udp.o(i.udp_get_socket)
    udp_open                                 0x00005e49   Thumb Code   112  at_udp.o(i.udp_open)
    udp_send                                 0x00005ec5   Thumb Code   260  at_udp.o(i.udp_send)
    FileMD                                   0x00006210   Data           4  web.o(.constdata)
    FileTab                                  0x0000cb88   Data         160  web.o(.constdata)
    nlocalm                                  0x0000cc28   Data          60  net_config.o(.constdata)
    netif_cfg                                0x0000cc64   Data           1  net_config.o(.constdata)
    MPool_Size                               0x0000cc68   Data           4  net_config.o(.constdata)
    tick_rate                                0x0000cc6c   Data           2  net_config.o(.constdata)
    arp_TabSize                              0x0000cc6e   Data           2  net_config.o(.constdata)
    arp_TimeOut                              0x0000cc70   Data           2  net_config.o(.constdata)
    arp_MaxRetry                             0x0000cc72   Data           1  net_config.o(.constdata)
    arp_Resend                               0x0000cc73   Data           1  net_config.o(.constdata)
    udp_NumSocks                             0x0000cc74   Data           1  net_config.o(.constdata)
    tcp_NumSocks                             0x0000cc75   Data           1  net_config.o(.constdata)
    tcp_MaxRetry                             0x0000cc76   Data           1  net_config.o(.constdata)
    tcp_RetryTout                            0x0000cc78   Data           2  net_config.o(.constdata)
    tcp_2MSSTout                             0x0000cc7a   Data           2  net_config.o(.constdata)
    tcp_SynRetryTout                         0x0000cc7c   Data           2  net_config.o(.constdata)
    tcp_InitRetryTout                        0x0000cc7e   Data           2  net_config.o(.constdata)
    tcp_DefTout                              0x0000cc80   Data           2  net_config.o(.constdata)
    tcp_ConRetry                             0x0000cc82   Data           1  net_config.o(.constdata)
    http_NumSess                             0x0000cc83   Data           1  net_config.o(.constdata)
    http_EnAuth                              0x0000cc84   Data           1  net_config.o(.constdata)
    http_PortNum                             0x0000cc86   Data           2  net_config.o(.constdata)
    http_auth_dev                            0x0000cc88   Data          20  net_config.o(.constdata)
    http_auth_user                           0x0000cc9c   Data           6  net_config.o(.constdata)
    Font_6x8_h                               0x0000cca2   Data         896  glcd_spi_lpc1700.o(.constdata)
    Font_16x24_h                             0x0000d022   Data        5376  glcd_spi_lpc1700.o(.constdata)
    MAC_Broadcast                            0x0000e5f4   Data           6  at_ethernet.o(.constdata)
    IP_Broadcast                             0x0000e5fa   Data           4  at_ip.o(.constdata)
    http_err_401                             0x0000e5fe   Data          94  http_err.o(.constdata)
    http_err_404                             0x0000e65c   Data          91  http_err.o(.constdata)
    http_err_501                             0x0000e6b7   Data          83  http_err.o(.constdata)
    http_err_head                            0x0000e70a   Data          59  http_err.o(.constdata)
    http_err_foot                            0x0000e745   Data         137  http_err.o(.constdata)
    __ctype_table                            0x0000e7ce   Data         129  ctype_o.o(.constdata)
    Region$$Table$$Base                      0x0000e854   Number         0  anon$$obj.o(Region$$Table)
    Region$$Table$$Limit                     0x0000e884   Number         0  anon$$obj.o(Region$$Table)
    plazma                                   0x10000000   Data           1  http_demo.o(.data)
    LEDrun                                   0x10000008   Data           4  http_demo.o(.data)
    LCDupdate                                0x1000000c   Data           4  http_demo.o(.data)
    tick                                     0x10000010   Data           4  http_demo.o(.data)
    dhcp_tout                                0x10000014   Data           4  http_demo.o(.data)
    lcd_text                                 0x10000018   Data          34  http_demo.o(.data)
    lhost_name                               0x10000044   Data          16  net_config.o(.data)
    own_hw_adr                               0x10000054   Data           6  net_config.o(.data)
    SystemFrequency                          0x10000060   Data           4  system_lpc17xx.o(.data)
    sys_tick                                 0x10000088   Data           1  at_system.o(.data)
    sec_tick                                 0x10000089   Data           1  at_system.o(.data)
    timer_cnt                                0x1000008c   Data           2  at_system.o(.data)
    http_auth_passw                          0x1000009c   Data          20  net_config.o(.bss)
    Mem_Pool                                 0x100000b0   Data        8192  net_config.o(.bss)
    arp_table                                0x100020b0   Data         140  net_config.o(.bss)
    udp_socket                               0x1000213c   Data          24  net_config.o(.bss)
    tcp_socket                               0x10002154   Data         352  net_config.o(.bss)
    http_session                             0x100022b4   Data         288  net_config.o(.bss)
    localm                                   0x10002454   Data          60  at_system.o(.bss)
    __initial_sp                             0x10002890   Data           0  startup_lpc17xx.o(STACK)
    iap_entry                                0x2007c000   Data           4  emac_lpc17xx.o(.data)



==============================================================================

Memory Map of the image

  Image Entry point : 0x000000cd

  Load Region LR_IROM1 (Base: 0x00000000, Size: 0x0000e924, Max: 0x00080000, ABSOLUTE)

    Execution Region ER_IROM1 (Base: 0x00000000, Size: 0x0000e884, Max: 0x00080000, ABSOLUTE)

    Base Addr    Size         Type   Attr      Idx    E Section Name        Object

    0x00000000   0x000000cc   Data   RO          134    RESET               startup_lpc17xx.o
    0x000000cc   0x00000000   Code   RO          493  * .ARM.Collect$$$$00000000  mc_w.l(entry.o)
    0x000000cc   0x00000004   Code   RO          775    .ARM.Collect$$$$00000001  mc_w.l(entry2.o)
    0x000000d0   0x00000004   Code   RO          778    .ARM.Collect$$$$00000004  mc_w.l(entry5.o)
    0x000000d4   0x00000008   Code   RO          779    .ARM.Collect$$$$00000007  mc_w.l(entry7.o)
    0x000000dc   0x00000004   Code   RO          776    .ARM.Collect$$$$00002712  mc_w.l(entry2.o)
    0x000000e0   0x000001b8   Code   RO            1    .text               http_demo.o
    0x00000298   0x00000046   Code   RO           85    .text               net_config.o
    0x000002de   0x00000002   PAD
    0x000002e0   0x0000001c   Code   RO          136    .text               startup_lpc17xx.o
    0x000002fc   0x00000004   Code   RO          135    .ARM.__at_0x02FC    startup_lpc17xx.o
    0x00000300   0x000007c0   Code   RO           45    .text               http_cgi.o
    0x00000ac0   0x0000045c   Code   RO          143    .text               emac_lpc17xx.o
    0x00000f1c   0x0000071c   Code   RO          166    .text               glcd_spi_lpc1700.o
    0x00001638   0x0000015c   Code   RO          195    .text               system_lpc17xx.o
    0x00001794   0x00000010   Code   RO          496    .text               mc_w.l(strlen.o)
    0x000017a4   0x0000001c   Code   RO          498    .text               mc_w.l(strcmp.o)
    0x000017c0   0x00000038   Code   RO          761    .text               mc_w.l(__0sscanf.o)
    0x000017f8   0x0000014e   Code   RO          763    .text               mc_w.l(_scanf_int.o)
    0x00001946   0x0000001a   Code   RO          765    .text               mc_w.l(atoi.o)
    0x00001960   0x000000e2   Code   RO          767    .text               mf_w.l(dmul.o)
    0x00001a42   0x0000002e   Code   RO          769    .text               mf_w.l(dscalb.o)
    0x00001a70   0x0000000a   Code   RO          771    .text               mf_w.l(ffltui.o)
    0x00001a7a   0x0000002c   Code   RO          773    .text               mf_w.l(f2d.o)
    0x00001aa6   0x0000002c   Code   RO          781    .text               mc_w.l(uidiv.o)
    0x00001ad2   0x00000064   Code   RO          783    .text               mc_w.l(uldiv.o)
    0x00001b36   0x00000020   Code   RO          792    .text               mc_w.l(_chval.o)
    0x00001b56   0x00000002   PAD
    0x00001b58   0x0000002c   Code   RO          794    .text               mc_w.l(scanf_char.o)
    0x00001b84   0x00000040   Code   RO          796    .text               mc_w.l(_sgetc.o)
    0x00001bc4   0x00000070   Code   RO          798    .text               mc_w.l(strtol.o)
    0x00001c34   0x00000000   Code   RO          800    .text               mc_w.l(iusefp.o)
    0x00001c34   0x0000006c   Code   RO          801    .text               mf_w.l(fepilogue.o)
    0x00001ca0   0x000000c6   Code   RO          803    .text               mf_w.l(depilogue.o)
    0x00001d66   0x00000150   Code   RO          805    .text               mf_w.l(dadd.o)
    0x00001eb6   0x000000e2   Code   RO          807    .text               mf_w.l(ddiv.o)
    0x00001f98   0x00000030   Code   RO          809    .text               mf_w.l(dfixul.o)
    0x00001fc8   0x00000028   Code   RO          811    .text               mf_w.l(cdrcmple.o)
    0x00001ff0   0x00000024   Code   RO          813    .text               mc_w.l(init.o)
    0x00002014   0x0000001e   Code   RO          815    .text               mc_w.l(llshl.o)
    0x00002032   0x00000020   Code   RO          817    .text               mc_w.l(llushr.o)
    0x00002052   0x00000024   Code   RO          819    .text               mc_w.l(llsshr.o)
    0x00002076   0x00000002   PAD
    0x00002078   0x00000008   Code   RO          823    .text               mc_w.l(ctype_o.o)
    0x00002080   0x00000012   Code   RO          845    .text               mc_w.l(isspace_o.o)
    0x00002092   0x00000002   PAD
    0x00002094   0x00000338   Code   RO          851    .text               mc_w.l(_scanf.o)
    0x000023cc   0x0000009e   Code   RO          853    .text               mc_w.l(_strtoul.o)
    0x0000246a   0x00000016   Code   RO          374    i.CalcChksum        TCP_CM3.lib(at_lib.o)
    0x00002480   0x00000028   Code   RO          375    i.CalcChksumBuf     TCP_CM3.lib(at_lib.o)
    0x000024a8   0x0000000a   Code   RO          376    i.CalcChksumVal     TCP_CM3.lib(at_lib.o)
    0x000024b2   0x0000000a   Code   RO          377    i.SwapB             TCP_CM3.lib(at_lib.o)
    0x000024bc   0x00000028   Code   RO          735    i.__0sprintf        mc_w.l(printfa.o)
    0x000024e4   0x00000008   Code   RO          785    i.__aeabi_errno_addr  mc_w.l(errno.o)
    0x000024ec   0x0000000e   Code   RO          860    i.__scatterload_copy  mc_w.l(handlers.o)
    0x000024fa   0x00000002   Code   RO          861    i.__scatterload_null  mc_w.l(handlers.o)
    0x000024fc   0x0000000e   Code   RO          862    i.__scatterload_zeroinit  mc_w.l(handlers.o)
    0x0000250a   0x00000002   PAD
    0x0000250c   0x00000154   Code   RO          740    i._fp_digits        mc_w.l(printfa.o)
    0x00002660   0x00000728   Code   RO          741    i._printf_core      mc_w.l(printfa.o)
    0x00002d88   0x00000026   Code   RO          742    i._printf_post_padding  mc_w.l(printfa.o)
    0x00002dae   0x0000002e   Code   RO          743    i._printf_pre_padding  mc_w.l(printfa.o)
    0x00002ddc   0x0000000a   Code   RO          745    i._sputc            mc_w.l(printfa.o)
    0x00002de6   0x00000002   PAD
    0x00002de8   0x000000a4   Code   RO          422    i.alloc_mem         TCP_CM3.lib(at_mem.o)
    0x00002e8c   0x000000c4   Code   RO          441    i.arp_cache_add     TCP_CM3.lib(at_arp.o)
    0x00002f50   0x0000006c   Code   RO          442    i.arp_cache_alloc   TCP_CM3.lib(at_arp.o)
    0x00002fbc   0x00000118   Code   RO          443    i.arp_cache_find    TCP_CM3.lib(at_arp.o)
    0x000030d4   0x000000f8   Code   RO          445    i.arp_cache_update  TCP_CM3.lib(at_arp.o)
    0x000031cc   0x00000068   Code   RO          447    i.arp_get_response  TCP_CM3.lib(at_arp.o)
    0x00003234   0x0000009c   Code   RO          448    i.arp_send_reply    TCP_CM3.lib(at_arp.o)
    0x000032d0   0x000000ac   Code   RO          449    i.arp_send_req      TCP_CM3.lib(at_arp.o)
    0x0000337c   0x00000078   Code   RO          379    i.b64_to_asc        TCP_CM3.lib(at_lib.o)
    0x000033f4   0x00000004   Code   RO          287    i.cgx_content_type  TCP_CM3.lib(at_http.o)
    0x000033f8   0x000001b8   Code   RO          288    i.chk_post_rq       TCP_CM3.lib(at_http.o)
    0x000035b0   0x00000028   Code   RO          289    i.cmp_header        TCP_CM3.lib(at_http.o)
    0x000035d8   0x00000010   Code   RO          355    i.eth_chk_adr       TCP_CM3.lib(at_ethernet.o)
    0x000035e8   0x00000098   Code   RO          357    i.eth_send_frame    TCP_CM3.lib(at_ethernet.o)
    0x00003680   0x00000068   Code   RO          423    i.free_mem          TCP_CM3.lib(at_mem.o)
    0x000036e8   0x00000028   Code   RO          382    i.get_crc           TCP_CM3.lib(at_lib.o)
    0x00003710   0x00000028   Code   RO          290    i.get_next_field    TCP_CM3.lib(at_http.o)
    0x00003738   0x00000032   Code   RO          291    i.get_next_par      TCP_CM3.lib(at_http.o)
    0x0000376a   0x00000016   Code   RO          384    i.get_u32           TCP_CM3.lib(at_lib.o)
    0x00003780   0x00000012   Code   RO          292    i.hex2byte          TCP_CM3.lib(at_http.o)
    0x00003792   0x00000004   Code   RO          293    i.http_accept_host  TCP_CM3.lib(at_http.o)
    0x00003796   0x00000002   PAD
    0x00003798   0x0000020c   Code   RO          294    i.http_add_header   TCP_CM3.lib(at_http.o)
    0x000039a4   0x000001bc   Code   RO          296    i.http_error_msg    TCP_CM3.lib(at_http.o)
    0x00003b60   0x00000002   Code   RO          483    i.http_fclose       TCP_CM3.lib(at_http_uif.o)
    0x00003b62   0x00000004   Code   RO          484    i.http_fgets        TCP_CM3.lib(at_http_uif.o)
    0x00003b66   0x00000002   PAD
    0x00003b68   0x00000050   Code   RO          297    i.http_file_type    TCP_CM3.lib(at_http.o)
    0x00003bb8   0x00000004   Code   RO          485    i.http_finfo        TCP_CM3.lib(at_http_uif.o)
    0x00003bbc   0x00000004   Code   RO          486    i.http_fopen        TCP_CM3.lib(at_http_uif.o)
    0x00003bc0   0x00000004   Code   RO          487    i.http_fread        TCP_CM3.lib(at_http_uif.o)
    0x00003bc4   0x0000001c   Code   RO          300    i.http_get_lang     TCP_CM3.lib(at_http.o)
    0x00003be0   0x0000006c   Code   RO          302    i.http_get_var      TCP_CM3.lib(at_http.o)
    0x00003c4c   0x0000005e   Code   RO          303    i.http_kill_session  TCP_CM3.lib(at_http.o)
    0x00003caa   0x00000002   PAD
    0x00003cac   0x00000254   Code   RO          304    i.http_listener     TCP_CM3.lib(at_http.o)
    0x00003f00   0x00000138   Code   RO          305    i.http_open_file    TCP_CM3.lib(at_http.o)
    0x00004038   0x00000138   Code   RO          306    i.http_proc_header  TCP_CM3.lib(at_http.o)
    0x00004170   0x00000158   Code   RO          307    i.http_proc_multipart  TCP_CM3.lib(at_http.o)
    0x000042c8   0x000000f0   Code   RO          308    i.http_proc_post    TCP_CM3.lib(at_http.o)
    0x000043b8   0x0000001a   Code   RO          309    i.http_strchr       TCP_CM3.lib(at_http.o)
    0x000043d2   0x0000001e   Code   RO          310    i.http_strcpy       TCP_CM3.lib(at_http.o)
    0x000043f0   0x000000a8   Code   RO          311    i.http_to_utc       TCP_CM3.lib(at_http.o)
    0x00004498   0x00000038   Code   RO          432    i.init_TcpNet       TCP_CM3.lib(at_system.o)
    0x000044d0   0x00000028   Code   RO          450    i.init_arp          TCP_CM3.lib(at_arp.o)
    0x000044f8   0x00000024   Code   RO          358    i.init_eth_link     TCP_CM3.lib(at_ethernet.o)
    0x0000451c   0x00000060   Code   RO          312    i.init_http         TCP_CM3.lib(at_http.o)
    0x0000457c   0x00000024   Code   RO          424    i.init_mem          TCP_CM3.lib(at_mem.o)
    0x000045a0   0x00000028   Code   RO          349    i.init_nbns         TCP_CM3.lib(at_nbns.o)
    0x000045c8   0x00000018   Code   RO          213    i.init_tcp          TCP_CM3.lib(at_tcp.o)
    0x000045e0   0x0000001c   Code   RO          268    i.init_udp          TCP_CM3.lib(at_udp.o)
    0x000045fc   0x000000c4   Code   RO          466    i.ip_chk_frame      TCP_CM3.lib(at_ip.o)
    0x000046c0   0x0000000a   Code   RO          467    i.ip_get_chksum     TCP_CM3.lib(at_ip.o)
    0x000046ca   0x00000002   PAD
    0x000046cc   0x00000098   Code   RO          468    i.ip_get_locadr     TCP_CM3.lib(at_ip.o)
    0x00004764   0x00000090   Code   RO          469    i.ip_send_frame     TCP_CM3.lib(at_ip.o)
    0x000047f4   0x00000022   Code   RO          385    i.is_subnet         TCP_CM3.lib(at_lib.o)
    0x00004816   0x00000002   PAD
    0x00004818   0x0000002c   Code   RO          451    i.is_subnet_bcast   TCP_CM3.lib(at_arp.o)
    0x00004844   0x0000003c   Code   RO          433    i.main_TcpNet       TCP_CM3.lib(at_system.o)
    0x00004880   0x0000001e   Code   RO          386    i.mem_comp          TCP_CM3.lib(at_lib.o)
    0x0000489e   0x00000002   PAD
    0x000048a0   0x0000001c   Code   RO          387    i.mem_copy          TCP_CM3.lib(at_lib.o)
    0x000048bc   0x00000010   Code   RO          389    i.mem_set           TCP_CM3.lib(at_lib.o)
    0x000048cc   0x00000016   Code   RO          390    i.mem_test          TCP_CM3.lib(at_lib.o)
    0x000048e2   0x00000002   PAD
    0x000048e4   0x00000118   Code   RO          350    i.nbns_listener     TCP_CM3.lib(at_nbns.o)
    0x000049fc   0x00000002   Code   RO          359    i.poll_ethernet     TCP_CM3.lib(at_ethernet.o)
    0x000049fe   0x00000002   PAD
    0x00004a00   0x00000098   Code   RO          452    i.process_arp       TCP_CM3.lib(at_arp.o)
    0x00004a98   0x00000002   Code   RO          360    i.process_hl_igmp   TCP_CM3.lib(at_ethernet.o)
    0x00004a9a   0x00000074   Code   RO          476    i.process_icmp      TCP_CM3.lib(at_icmp.o)
    0x00004b0e   0x00000002   PAD
    0x00004b10   0x0000046c   Code   RO          214    i.process_tcp       TCP_CM3.lib(at_tcp.o)
    0x00004f7c   0x000000c4   Code   RO          269    i.process_udp       TCP_CM3.lib(at_udp.o)
    0x00005040   0x0000002c   Code   RO          361    i.put_in_queue      TCP_CM3.lib(at_ethernet.o)
    0x0000506c   0x0000009e   Code   RO          313    i.read_script_line  TCP_CM3.lib(at_http.o)
    0x0000510a   0x00000002   PAD
    0x0000510c   0x00000034   Code   RO          425    i.resize_mem        TCP_CM3.lib(at_mem.o)
    0x00005140   0x000000b0   Code   RO          362    i.run_eth_link      TCP_CM3.lib(at_ethernet.o)
    0x000051f0   0x000002f8   Code   RO          314    i.run_http_server   TCP_CM3.lib(at_http.o)
    0x000054e8   0x0000004c   Code   RO          315    i.search_delim      TCP_CM3.lib(at_http.o)
    0x00005534   0x00000010   Code   RO          391    i.set_u32           TCP_CM3.lib(at_lib.o)
    0x00005544   0x00000016   Code   RO          392    i.str_copy          TCP_CM3.lib(at_lib.o)
    0x0000555a   0x0000001a   Code   RO          393    i.str_crc           TCP_CM3.lib(at_lib.o)
    0x00005574   0x0000001a   Code   RO          395    i.str_scomp         TCP_CM3.lib(at_lib.o)
    0x0000558e   0x0000001a   Code   RO          397    i.str_up_case       TCP_CM3.lib(at_lib.o)
    0x000055a8   0x00000058   Code   RO          215    i.tcp_abort         TCP_CM3.lib(at_tcp.o)
    0x00005600   0x00000084   Code   RO          217    i.tcp_close         TCP_CM3.lib(at_tcp.o)
    0x00005684   0x00000010   Code   RO          220    i.tcp_get_buf       TCP_CM3.lib(at_tcp.o)
    0x00005694   0x00000048   Code   RO          222    i.tcp_get_socket    TCP_CM3.lib(at_tcp.o)
    0x000056dc   0x0000002c   Code   RO          223    i.tcp_get_state     TCP_CM3.lib(at_tcp.o)
    0x00005708   0x00000014   Code   RO          224    i.tcp_init_seq      TCP_CM3.lib(at_tcp.o)
    0x0000571c   0x0000007c   Code   RO          225    i.tcp_listen        TCP_CM3.lib(at_tcp.o)
    0x00005798   0x000000a0   Code   RO          226    i.tcp_map_socket    TCP_CM3.lib(at_tcp.o)
    0x00005838   0x00000024   Code   RO          227    i.tcp_max_dsize     TCP_CM3.lib(at_tcp.o)
    0x0000585c   0x000001f4   Code   RO          228    i.tcp_poll_sockets  TCP_CM3.lib(at_tcp.o)
    0x00005a50   0x00000070   Code   RO          229    i.tcp_process_opt   TCP_CM3.lib(at_tcp.o)
    0x00005ac0   0x00000104   Code   RO          233    i.tcp_send          TCP_CM3.lib(at_tcp.o)
    0x00005bc4   0x00000022   Code   RO          234    i.tcp_send_ctrl     TCP_CM3.lib(at_tcp.o)
    0x00005be6   0x00000002   PAD
    0x00005be8   0x000000f4   Code   RO          235    i.tcp_send_frame    TCP_CM3.lib(at_tcp.o)
    0x00005cdc   0x00000080   Code   RO          236    i.tcp_send_reset    TCP_CM3.lib(at_tcp.o)
    0x00005d5c   0x00000012   Code   RO          238    i.tcp_set_retransmit  TCP_CM3.lib(at_tcp.o)
    0x00005d6e   0x00000002   PAD
    0x00005d70   0x00000074   Code   RO          239    i.tcp_transit       TCP_CM3.lib(at_tcp.o)
    0x00005de4   0x0000000c   Code   RO          434    i.timer_tick        TCP_CM3.lib(at_system.o)
    0x00005df0   0x00000010   Code   RO          271    i.udp_get_buf       TCP_CM3.lib(at_udp.o)
    0x00005e00   0x00000048   Code   RO          272    i.udp_get_socket    TCP_CM3.lib(at_udp.o)
    0x00005e48   0x0000007c   Code   RO          274    i.udp_open          TCP_CM3.lib(at_udp.o)
    0x00005ec4   0x0000010c   Code   RO          276    i.udp_send          TCP_CM3.lib(at_udp.o)
    0x00005fd0   0x000000e0   Code   RO          316    i.utc_to_http       TCP_CM3.lib(at_http.o)
    0x000060b0   0x0000015f   Data   RO           46    .constdata          http_cgi.o
    0x0000620f   0x00000001   PAD
    0x00006210   0x00000004   Data   RO           74    .constdata          web.o
    0x00006214   0x00006972   Data   RO           75    .constdata          web.o
    0x0000cb86   0x00000002   PAD
    0x0000cb88   0x000000a0   Data   RO           76    .constdata          web.o
    0x0000cc28   0x0000003c   Data   RO           92    .constdata          net_config.o
    0x0000cc64   0x00000001   Data   RO           93    .constdata          net_config.o
    0x0000cc65   0x00000003   PAD
    0x0000cc68   0x00000004   Data   RO           94    .constdata          net_config.o
    0x0000cc6c   0x00000002   Data   RO           95    .constdata          net_config.o
    0x0000cc6e   0x00000002   Data   RO           96    .constdata          net_config.o
    0x0000cc70   0x00000002   Data   RO           97    .constdata          net_config.o
    0x0000cc72   0x00000001   Data   RO           98    .constdata          net_config.o
    0x0000cc73   0x00000001   Data   RO           99    .constdata          net_config.o
    0x0000cc74   0x00000001   Data   RO          100    .constdata          net_config.o
    0x0000cc75   0x00000001   Data   RO          101    .constdata          net_config.o
    0x0000cc76   0x00000001   Data   RO          102    .constdata          net_config.o
    0x0000cc77   0x00000001   PAD
    0x0000cc78   0x00000002   Data   RO          103    .constdata          net_config.o
    0x0000cc7a   0x00000002   Data   RO          104    .constdata          net_config.o
    0x0000cc7c   0x00000002   Data   RO          105    .constdata          net_config.o
    0x0000cc7e   0x00000002   Data   RO          106    .constdata          net_config.o
    0x0000cc80   0x00000002   Data   RO          107    .constdata          net_config.o
    0x0000cc82   0x00000001   Data   RO          108    .constdata          net_config.o
    0x0000cc83   0x00000001   Data   RO          109    .constdata          net_config.o
    0x0000cc84   0x00000001   Data   RO          110    .constdata          net_config.o
    0x0000cc85   0x00000001   PAD
    0x0000cc86   0x00000002   Data   RO          111    .constdata          net_config.o
    0x0000cc88   0x00000014   Data   RO          112    .constdata          net_config.o
    0x0000cc9c   0x00000006   Data   RO          113    .constdata          net_config.o
    0x0000cca2   0x00001880   Data   RO          167    .constdata          glcd_spi_lpc1700.o
    0x0000e522   0x000000ca   Data   RO          317    .constdata          TCP_CM3.lib(at_http.o)
    0x0000e5ec   0x00000008   Data   RO          351    .constdata          TCP_CM3.lib(at_nbns.o)
    0x0000e5f4   0x00000006   Data   RO          364    .constdata          TCP_CM3.lib(at_ethernet.o)
    0x0000e5fa   0x00000004   Data   RO          470    .constdata          TCP_CM3.lib(at_ip.o)
    0x0000e5fe   0x0000005e   Data   RO          478    .constdata          TCP_CM3.lib(http_err.o)
    0x0000e65c   0x0000005b   Data   RO          479    .constdata          TCP_CM3.lib(http_err.o)
    0x0000e6b7   0x00000053   Data   RO          480    .constdata          TCP_CM3.lib(http_err.o)
    0x0000e70a   0x0000003b   Data   RO          481    .constdata          TCP_CM3.lib(http_err.o)
    0x0000e745   0x00000089   Data   RO          482    .constdata          TCP_CM3.lib(http_err.o)
    0x0000e7ce   0x00000081   Data   RO          824    .constdata          mc_w.l(ctype_o.o)
    0x0000e84f   0x00000001   PAD
    0x0000e850   0x00000004   Data   RO          825    .constdata          mc_w.l(ctype_o.o)
    0x0000e854   0x00000030   Data   RO          858    Region$$Table       anon$$obj.o


    Execution Region RW_IRAM1 (Base: 0x10000000, Size: 0x00002890, Max: 0x00008000, ABSOLUTE)

    Base Addr    Size         Type   Attr      Idx    E Section Name        Object

    0x10000000   0x0000003a   Data   RW            2    .data               http_demo.o
    0x1000003a   0x00000002   PAD
    0x1000003c   0x00000008   Data   RW           47    .data               http_cgi.o
    0x10000044   0x00000010   Data   RW          114    .data               net_config.o
    0x10000054   0x00000006   Data   RW          115    .data               net_config.o
    0x1000005a   0x00000006   Data   RW          168    .data               glcd_spi_lpc1700.o
    0x10000060   0x00000004   Data   RW          196    .data               system_lpc17xx.o
    0x10000064   0x00000004   Data   RW          240    .data               TCP_CM3.lib(at_tcp.o)
    0x10000068   0x00000002   Data   RW          277    .data               TCP_CM3.lib(at_udp.o)
    0x1000006a   0x00000002   PAD
    0x1000006c   0x0000000c   Data   RW          318    .data               TCP_CM3.lib(at_http.o)
    0x10000078   0x00000001   Data   RW          352    .data               TCP_CM3.lib(at_nbns.o)
    0x10000079   0x00000003   PAD
    0x1000007c   0x00000008   Data   RW          365    .data               TCP_CM3.lib(at_ethernet.o)
    0x10000084   0x00000004   Data   RW          426    .data               TCP_CM3.lib(at_mem.o)
    0x10000088   0x00000008   Data   RW          436    .data               TCP_CM3.lib(at_system.o)
    0x10000090   0x00000002   Data   RW          453    .data               TCP_CM3.lib(at_arp.o)
    0x10000092   0x00000004   Data   RW          471    .data               TCP_CM3.lib(at_ip.o)
    0x10000096   0x00000002   PAD
    0x10000098   0x00000004   Data   RW          788    .data               mc_w.l(errno.o)
    0x1000009c   0x00000014   Zero   RW           86    .bss                net_config.o
    0x100000b0   0x00002000   Zero   RW           87    .bss                net_config.o
    0x100020b0   0x0000008c   Zero   RW           88    .bss                net_config.o
    0x1000213c   0x00000018   Zero   RW           89    .bss                net_config.o
    0x10002154   0x00000160   Zero   RW           90    .bss                net_config.o
    0x100022b4   0x00000120   Zero   RW           91    .bss                net_config.o
    0x100023d4   0x00000080   Zero   RW          363    .bss                TCP_CM3.lib(at_ethernet.o)
    0x10002454   0x0000003c   Zero   RW          435    .bss                TCP_CM3.lib(at_system.o)
    0x10002490   0x00000400   Zero   RW          132    STACK               startup_lpc17xx.o


    Execution Region RW_IRAM2 (Base: 0x2007c000, Size: 0x00002a74, Max: 0x00008000, ABSOLUTE, UNINIT)

    Base Addr    Size         Type   Attr      Idx    E Section Name        Object

    0x2007c000   0x00000004   Data   RW          145    .data               emac_lpc17xx.o
    0x2007c004   0x00000004   PAD
    0x2007c008   0x00002a6c   Zero   RW          144    .bss                emac_lpc17xx.o


==============================================================================

Image component sizes


      Code (inc. data)   RO Data    RW Data    ZI Data      Debug   Object Name

      1116         58          0          4      10860      14639   emac_lpc17xx.o
      1820         44       6272          6          0       8278   glcd_spi_lpc1700.o
      1984        480        351          8          0      11694   http_cgi.o
       440         50          0         58          0      33209   http_demo.o
        70          0        117         22       9016       3045   net_config.o
        32          8        204          0       1024        840   startup_lpc17xx.o
       348         34          0          4          0        703   system_lpc17xx.o
         0          0      27158          0          0        401   web.o

    ----------------------------------------------------------------------
      5812        674      34158        104      20904      72809   Object Totals
         0          0         48          0          0          0   (incl. Generated)
         2          0          8          2          4          3   (incl. Padding)

    ----------------------------------------------------------------------

      Code (inc. data)   RO Data    RW Data    ZI Data      Debug   Library Member Name

      1500        156          0          2          0        892   at_arp.o
       428         48          6          8        128        544   at_ethernet.o
      5216       1052        202         12          0       2096   at_http.o
        18          0          0          0          0        340   at_http_uif.o
       116          0          0          0          0         88   at_icmp.o
       502         26          4          4          0        332   at_ip.o
       510          4          0          0          0       1224   at_lib.o
       356         38          0          4          0        348   at_mem.o
       320         26          8          1          0        184   at_nbns.o
       128         28          0          8         60        216   at_system.o
      3260        226          0          4          0       1612   at_tcp.o
       704         50          0          2          0        484   at_udp.o
         0          0        464          0          0          0   http_err.o
        56          8          0          0          0         84   __0sscanf.o
        32          0          0          0          0         68   _chval.o
       824          6          0          0          0        100   _scanf.o
       334          0          0          0          0         96   _scanf_int.o
        64          0          0          0          0         84   _sgetc.o
       158          0          0          0          0         92   _strtoul.o
        26          0          0          0          0         80   atoi.o
         8          4        133          0          0         68   ctype_o.o
         0          0          0          0          0          0   entry.o
         8          4          0          0          0          0   entry2.o
         4          0          0          0          0          0   entry5.o
         8          4          0          0          0          0   entry7.o
         8          4          0          4          0         68   errno.o
        30          0          0          0          0          0   handlers.o
        36          8          0          0          0         68   init.o
        18          0          0          0          0         76   isspace_o.o
         0          0          0          0          0          0   iusefp.o
        30          0          0          0          0         68   llshl.o
        36          0          0          0          0         68   llsshr.o
        32          0          0          0          0         68   llushr.o
      2306         84          0          0          0        512   printfa.o
        44         10          0          0          0         84   scanf_char.o
        28          0          0          0          0         76   strcmp.o
        16          0          0          0          0         68   strlen.o
       112          0          0          0          0         88   strtol.o
        44          0          0          0          0         80   uidiv.o
       100          0          0          0          0         92   uldiv.o
        40          0          0          0          0         68   cdrcmple.o
       336          0          0          0          0        148   dadd.o
       226          0          0          0          0        100   ddiv.o
       198          0          0          0          0        184   depilogue.o
        48          0          0          0          0         68   dfixul.o
       226          0          0          0          0         96   dmul.o
        46          0          0          0          0         80   dscalb.o
        44          0          0          0          0         68   f2d.o
       108          0          0          0          0        168   fepilogue.o
        10          0          0          0          0         68   ffltui.o

    ----------------------------------------------------------------------
     18736       1786        818         56        188      11496   Library Totals
        34          0          1          7          0          0   (incl. Padding)

    ----------------------------------------------------------------------

      Code (inc. data)   RO Data    RW Data    ZI Data      Debug   Library Name

     13058       1654        684         45        188       8360   TCP_CM3.lib
      4362        132        133          4          0       2088   mc_w.l
      1282          0          0          0          0       1048   mf_w.l

    ----------------------------------------------------------------------
     18736       1786        818         56        188      11496   Library Totals

    ----------------------------------------------------------------------

==============================================================================


      Code (inc. data)   RO Data    RW Data    ZI Data      Debug   

     24548       2460      34976        160      21092      76508   Grand Totals
     24548       2460      34976        160      21092      76508   ELF Image Totals
     24548       2460      34976        160          0          0   ROM Totals

==============================================================================

    Total RO  Size (Code + RO Data)                59524 (  58.13kB)
    Total RW  Size (RW Data + ZI Data)             21252 (  20.75kB)
    Total ROM Size (Code + RO Data + RW Data)      59684 (  58.29kB)

==============================================================================

