<html>
<body>
<pre>
<h1>µVision Build Log</h1>
<h2>Project:</h2>
C:\Keil\ARM\Boards\Keil\MCB1700\RL\TCPnet\LEDSwitch\LEDswitch.uvproj
Project File Date:  09/03/2010

<h2>Output:</h2>
Build target 'MCB1700'
compiling LEDSwitch.c...
compiling Net_Config.c...
assembling startup_LPC17xx.s...
compiling EMAC_LPC17xx.c...
compiling GLCD_SPI_LPC1700.c...
compiling system_LPC17xx.c...
linking...
Program Size: Code=10924 RO-data=6616 RW-data=80 ZI-data=20552  
".\Obj\LEDswitch.axf" - 0 Error(s), 0 Warning(s).
